#! /usr/local/Cellar/icarus-verilog/12.0/bin/vvp
:ivl_version "12.0 (stable)";
:ivl_delay_selection "TYPICAL";
:vpi_time_precision - 12;
:vpi_module "/usr/local/Cellar/icarus-verilog/12.0/lib/ivl/system.vpi";
:vpi_module "/usr/local/Cellar/icarus-verilog/12.0/lib/ivl/vhdl_sys.vpi";
:vpi_module "/usr/local/Cellar/icarus-verilog/12.0/lib/ivl/vhdl_textio.vpi";
:vpi_module "/usr/local/Cellar/icarus-verilog/12.0/lib/ivl/v2005_math.vpi";
:vpi_module "/usr/local/Cellar/icarus-verilog/12.0/lib/ivl/va_math.vpi";
S_0x7f85e4b052b0 .scope module, "c4s1_mux" "c4s1_mux" 2 1;
 .timescale 0 0;
    .port_info 0 /INPUT 1 "in1";
    .port_info 1 /INPUT 1 "in2";
    .port_info 2 /INPUT 1 "s";
    .port_info 3 /OUTPUT 1 "out";
o0x7f85e4832098 .functor BUFZ 1, C4<z>; HiZ drive
L_0x600002f120d0 .functor NOT 1, o0x7f85e4832098, C4<0>, C4<0>, C4<0>;
o0x7f85e4832008 .functor BUFZ 1, C4<z>; HiZ drive
L_0x600002f12140 .functor AND 1, L_0x600002f120d0, o0x7f85e4832008, C4<1>, C4<1>;
o0x7f85e4832038 .functor BUFZ 1, C4<z>; HiZ drive
L_0x600002f121b0 .functor AND 1, o0x7f85e4832098, o0x7f85e4832038, C4<1>, C4<1>;
L_0x600002f12220 .functor OR 1, L_0x600002f12140, L_0x600002f121b0, C4<0>, C4<0>;
v0x600003615170_0 .net "in1", 0 0, o0x7f85e4832008;  0 drivers
v0x600003614630_0 .net "in2", 0 0, o0x7f85e4832038;  0 drivers
v0x600003615290_0 .net "out", 0 0, L_0x600002f12220;  1 drivers
v0x600003615320_0 .net "s", 0 0, o0x7f85e4832098;  0 drivers
v0x6000036153b0_0 .net "s_not", 0 0, L_0x600002f120d0;  1 drivers
v0x600003615440_0 .net "term1", 0 0, L_0x600002f12140;  1 drivers
v0x6000036154d0_0 .net "term2", 0 0, L_0x600002f121b0;  1 drivers
S_0x7f85e4b05420 .scope module, "d_flipflop" "d_flipflop" 3 1;
 .timescale 0 0;
    .port_info 0 /INPUT 1 "d";
    .port_info 1 /INPUT 1 "clk";
    .port_info 2 /OUTPUT 1 "q";
    .port_info 3 /OUTPUT 1 "q_n";
o0x7f85e4832758 .functor BUFZ 1, C4<z>; HiZ drive
L_0x600002f12290 .functor NOT 1, o0x7f85e4832758, C4<0>, C4<0>, C4<0>;
v0x600003616400_0 .net "_q", 0 0, L_0x600002f12530;  1 drivers
v0x600003616490_0 .net "_q_n", 0 0, L_0x600002f125a0;  1 drivers
v0x600003616520_0 .net "clk", 0 0, o0x7f85e4832758;  0 drivers
v0x6000036165b0_0 .net "clk_n", 0 0, L_0x600002f12290;  1 drivers
o0x7f85e48323f8 .functor BUFZ 1, C4<z>; HiZ drive
v0x600003616640_0 .net "d", 0 0, o0x7f85e48323f8;  0 drivers
v0x6000036166d0_0 .net "q", 0 0, L_0x600002f12840;  1 drivers
v0x600003616760_0 .net "q_n", 0 0, L_0x600002f128b0;  1 drivers
S_0x7f85e4b04360 .scope module, "master" "d_latch" 3 13, 4 1 0, S_0x7f85e4b05420;
 .timescale 0 0;
    .port_info 0 /INPUT 1 "d";
    .port_info 1 /INPUT 1 "en";
    .port_info 2 /OUTPUT 1 "q";
    .port_info 3 /OUTPUT 1 "q_n";
L_0x600002f12300 .functor NOT 1, o0x7f85e48323f8, C4<0>, C4<0>, C4<0>;
L_0x600002f12370 .functor AND 1, o0x7f85e48323f8, L_0x600002f12290, C4<1>, C4<1>;
L_0x600002f123e0 .functor AND 1, L_0x600002f12300, L_0x600002f12290, C4<1>, C4<1>;
v0x6000036158c0_0 .net "d", 0 0, o0x7f85e48323f8;  alias, 0 drivers
v0x600003615950_0 .net "d_n", 0 0, L_0x600002f12300;  1 drivers
v0x6000036159e0_0 .net "en", 0 0, L_0x600002f12290;  alias, 1 drivers
v0x600003615a70_0 .net "q", 0 0, L_0x600002f12530;  alias, 1 drivers
v0x600003615b00_0 .net "q_n", 0 0, L_0x600002f125a0;  alias, 1 drivers
v0x600003615b90_0 .net "r", 0 0, L_0x600002f123e0;  1 drivers
v0x600003615c20_0 .net "s", 0 0, L_0x600002f12370;  1 drivers
S_0x7f85e4b044d0 .scope module, "srlatch" "sr_latch" 4 14, 5 1 0, S_0x7f85e4b04360;
 .timescale 0 0;
    .port_info 0 /INPUT 1 "s";
    .port_info 1 /INPUT 1 "r";
    .port_info 2 /OUTPUT 1 "q";
    .port_info 3 /OUTPUT 1 "q_n";
L_0x600002f12450 .functor NOT 1, L_0x600002f12370, C4<0>, C4<0>, C4<0>;
L_0x600002f124c0 .functor NOT 1, L_0x600002f123e0, C4<0>, C4<0>, C4<0>;
L_0x600002f12530 .functor NAND 1, L_0x600002f12450, L_0x600002f125a0, C4<1>, C4<1>;
L_0x600002f125a0 .functor NAND 1, L_0x600002f124c0, L_0x600002f12530, C4<1>, C4<1>;
v0x600003615560_0 .net "q", 0 0, L_0x600002f12530;  alias, 1 drivers
v0x6000036155f0_0 .net "q_n", 0 0, L_0x600002f125a0;  alias, 1 drivers
v0x600003615680_0 .net "r", 0 0, L_0x600002f123e0;  alias, 1 drivers
v0x600003615710_0 .net "r_n", 0 0, L_0x600002f124c0;  1 drivers
v0x6000036157a0_0 .net "s", 0 0, L_0x600002f12370;  alias, 1 drivers
v0x600003615830_0 .net "s_n", 0 0, L_0x600002f12450;  1 drivers
S_0x7f85e4b04640 .scope module, "slave" "d_latch" 3 20, 4 1 0, S_0x7f85e4b05420;
 .timescale 0 0;
    .port_info 0 /INPUT 1 "d";
    .port_info 1 /INPUT 1 "en";
    .port_info 2 /OUTPUT 1 "q";
    .port_info 3 /OUTPUT 1 "q_n";
L_0x600002f12610 .functor NOT 1, L_0x600002f12530, C4<0>, C4<0>, C4<0>;
L_0x600002f12680 .functor AND 1, L_0x600002f12530, o0x7f85e4832758, C4<1>, C4<1>;
L_0x600002f126f0 .functor AND 1, L_0x600002f12610, o0x7f85e4832758, C4<1>, C4<1>;
v0x600003616010_0 .net "d", 0 0, L_0x600002f12530;  alias, 1 drivers
v0x6000036160a0_0 .net "d_n", 0 0, L_0x600002f12610;  1 drivers
v0x600003616130_0 .net "en", 0 0, o0x7f85e4832758;  alias, 0 drivers
v0x6000036161c0_0 .net "q", 0 0, L_0x600002f12840;  alias, 1 drivers
v0x600003616250_0 .net "q_n", 0 0, L_0x600002f128b0;  alias, 1 drivers
v0x6000036162e0_0 .net "r", 0 0, L_0x600002f126f0;  1 drivers
v0x600003616370_0 .net "s", 0 0, L_0x600002f12680;  1 drivers
S_0x7f85e4b047b0 .scope module, "srlatch" "sr_latch" 4 14, 5 1 0, S_0x7f85e4b04640;
 .timescale 0 0;
    .port_info 0 /INPUT 1 "s";
    .port_info 1 /INPUT 1 "r";
    .port_info 2 /OUTPUT 1 "q";
    .port_info 3 /OUTPUT 1 "q_n";
L_0x600002f12760 .functor NOT 1, L_0x600002f12680, C4<0>, C4<0>, C4<0>;
L_0x600002f127d0 .functor NOT 1, L_0x600002f126f0, C4<0>, C4<0>, C4<0>;
L_0x600002f12840 .functor NAND 1, L_0x600002f12760, L_0x600002f128b0, C4<1>, C4<1>;
L_0x600002f128b0 .functor NAND 1, L_0x600002f127d0, L_0x600002f12840, C4<1>, C4<1>;
v0x600003615cb0_0 .net "q", 0 0, L_0x600002f12840;  alias, 1 drivers
v0x600003615d40_0 .net "q_n", 0 0, L_0x600002f128b0;  alias, 1 drivers
v0x600003615dd0_0 .net "r", 0 0, L_0x600002f126f0;  alias, 1 drivers
v0x600003615e60_0 .net "r_n", 0 0, L_0x600002f127d0;  1 drivers
v0x600003615ef0_0 .net "s", 0 0, L_0x600002f12680;  alias, 1 drivers
v0x600003615f80_0 .net "s_n", 0 0, L_0x600002f12760;  1 drivers
S_0x7f85e4b04080 .scope module, "reg_8b" "reg_8b" 6 1;
 .timescale 0 0;
    .port_info 0 /INPUT 8 "in";
    .port_info 1 /INPUT 1 "clk";
    .port_info 2 /INPUT 1 "r";
    .port_info 3 /OUTPUT 8 "out";
o0x7f85e4832f68 .functor BUFZ 1, C4<z>; HiZ drive
v0x600003600c60_0 .net "clk", 0 0, o0x7f85e4832f68;  0 drivers
o0x7f85e4836568 .functor BUFZ 8, C4<zzzzzzzz>; HiZ drive
v0x600003600cf0_0 .net "in", 7 0, o0x7f85e4836568;  0 drivers
v0x600003600d80_0 .net "out", 7 0, L_0x600003518640;  1 drivers
o0x7f85e4832f98 .functor BUFZ 1, C4<z>; HiZ drive
v0x600003600e10_0 .net "r", 0 0, o0x7f85e4832f98;  0 drivers
L_0x600003518140 .part o0x7f85e4836568, 0, 1;
L_0x6000035181e0 .part o0x7f85e4836568, 1, 1;
L_0x600003518280 .part o0x7f85e4836568, 2, 1;
L_0x600003518320 .part o0x7f85e4836568, 3, 1;
L_0x6000035183c0 .part o0x7f85e4836568, 4, 1;
L_0x600003518460 .part o0x7f85e4836568, 5, 1;
L_0x600003518500 .part o0x7f85e4836568, 6, 1;
L_0x6000035185a0 .part o0x7f85e4836568, 7, 1;
LS_0x600003518640_0_0 .concat8 [ 1 1 1 1], L_0x600002f13020, L_0x600002f13800, L_0x600002f08000, L_0x600002f087e0;
LS_0x600003518640_0_4 .concat8 [ 1 1 1 1], L_0x600002f08fc0, L_0x600002f097a0, L_0x600002f09f80, L_0x600002f0a760;
L_0x600003518640 .concat8 [ 4 4 0 0], LS_0x600003518640_0_0, LS_0x600003518640_0_4;
S_0x7f85e4b04920 .scope module, "dffa0" "d_flipflop_async" 6 7, 7 1 0, S_0x7f85e4b04080;
 .timescale 0 0;
    .port_info 0 /INPUT 1 "d";
    .port_info 1 /INPUT 1 "clk";
    .port_info 2 /INPUT 1 "r";
    .port_info 3 /OUTPUT 1 "q";
    .port_info 4 /OUTPUT 1 "q_n";
L_0x600002f12920 .functor NOT 1, o0x7f85e4832f68, C4<0>, C4<0>, C4<0>;
L_0x600002f12990 .functor NOT 1, o0x7f85e4832f98, C4<0>, C4<0>, C4<0>;
L_0x600002f12d10 .functor AND 1, L_0x600002f12c30, L_0x600002f12990, C4<1>, C4<1>;
L_0x600002f12d80 .functor OR 1, o0x7f85e4832f68, o0x7f85e4832f98, C4<0>, C4<0>;
v0x600003617690_0 .net "_clk", 0 0, L_0x600002f12d80;  1 drivers
v0x600003617720_0 .net "_q", 0 0, L_0x600002f12c30;  1 drivers
v0x6000036177b0_0 .net "_q_n", 0 0, L_0x600002f12ca0;  1 drivers
v0x600003617840_0 .net "_q_or_reset", 0 0, L_0x600002f12d10;  1 drivers
v0x6000036178d0_0 .net "clk", 0 0, o0x7f85e4832f68;  alias, 0 drivers
v0x600003617960_0 .net "clk_n", 0 0, L_0x600002f12920;  1 drivers
v0x6000036179f0_0 .net "d", 0 0, L_0x600003518140;  1 drivers
v0x600003617a80_0 .net "q", 0 0, L_0x600002f13020;  1 drivers
v0x600003617b10_0 .net "q_n", 0 0, L_0x600002f13090;  1 drivers
v0x600003617ba0_0 .net "r", 0 0, o0x7f85e4832f98;  alias, 0 drivers
v0x600003617c30_0 .net "r_n", 0 0, L_0x600002f12990;  1 drivers
S_0x7f85e4b04a90 .scope module, "master" "d_latch" 7 16, 4 1 0, S_0x7f85e4b04920;
 .timescale 0 0;
    .port_info 0 /INPUT 1 "d";
    .port_info 1 /INPUT 1 "en";
    .port_info 2 /OUTPUT 1 "q";
    .port_info 3 /OUTPUT 1 "q_n";
L_0x600002f12a00 .functor NOT 1, L_0x600003518140, C4<0>, C4<0>, C4<0>;
L_0x600002f12a70 .functor AND 1, L_0x600003518140, L_0x600002f12920, C4<1>, C4<1>;
L_0x600002f12ae0 .functor AND 1, L_0x600002f12a00, L_0x600002f12920, C4<1>, C4<1>;
v0x600003616b50_0 .net "d", 0 0, L_0x600003518140;  alias, 1 drivers
v0x600003616be0_0 .net "d_n", 0 0, L_0x600002f12a00;  1 drivers
v0x600003616c70_0 .net "en", 0 0, L_0x600002f12920;  alias, 1 drivers
v0x600003616d00_0 .net "q", 0 0, L_0x600002f12c30;  alias, 1 drivers
v0x600003616d90_0 .net "q_n", 0 0, L_0x600002f12ca0;  alias, 1 drivers
v0x600003616e20_0 .net "r", 0 0, L_0x600002f12ae0;  1 drivers
v0x600003616eb0_0 .net "s", 0 0, L_0x600002f12a70;  1 drivers
S_0x7f85e4b04c00 .scope module, "srlatch" "sr_latch" 4 14, 5 1 0, S_0x7f85e4b04a90;
 .timescale 0 0;
    .port_info 0 /INPUT 1 "s";
    .port_info 1 /INPUT 1 "r";
    .port_info 2 /OUTPUT 1 "q";
    .port_info 3 /OUTPUT 1 "q_n";
L_0x600002f12b50 .functor NOT 1, L_0x600002f12a70, C4<0>, C4<0>, C4<0>;
L_0x600002f12bc0 .functor NOT 1, L_0x600002f12ae0, C4<0>, C4<0>, C4<0>;
L_0x600002f12c30 .functor NAND 1, L_0x600002f12b50, L_0x600002f12ca0, C4<1>, C4<1>;
L_0x600002f12ca0 .functor NAND 1, L_0x600002f12bc0, L_0x600002f12c30, C4<1>, C4<1>;
v0x6000036167f0_0 .net "q", 0 0, L_0x600002f12c30;  alias, 1 drivers
v0x600003616880_0 .net "q_n", 0 0, L_0x600002f12ca0;  alias, 1 drivers
v0x600003616910_0 .net "r", 0 0, L_0x600002f12ae0;  alias, 1 drivers
v0x6000036169a0_0 .net "r_n", 0 0, L_0x600002f12bc0;  1 drivers
v0x600003616a30_0 .net "s", 0 0, L_0x600002f12a70;  alias, 1 drivers
v0x600003616ac0_0 .net "s_n", 0 0, L_0x600002f12b50;  1 drivers
S_0x7f85e4b04d70 .scope module, "slave" "d_latch" 7 28, 4 1 0, S_0x7f85e4b04920;
 .timescale 0 0;
    .port_info 0 /INPUT 1 "d";
    .port_info 1 /INPUT 1 "en";
    .port_info 2 /OUTPUT 1 "q";
    .port_info 3 /OUTPUT 1 "q_n";
L_0x600002f12df0 .functor NOT 1, L_0x600002f12d10, C4<0>, C4<0>, C4<0>;
L_0x600002f12e60 .functor AND 1, L_0x600002f12d10, L_0x600002f12d80, C4<1>, C4<1>;
L_0x600002f12ed0 .functor AND 1, L_0x600002f12df0, L_0x600002f12d80, C4<1>, C4<1>;
v0x6000036172a0_0 .net "d", 0 0, L_0x600002f12d10;  alias, 1 drivers
v0x600003617330_0 .net "d_n", 0 0, L_0x600002f12df0;  1 drivers
v0x6000036173c0_0 .net "en", 0 0, L_0x600002f12d80;  alias, 1 drivers
v0x600003617450_0 .net "q", 0 0, L_0x600002f13020;  alias, 1 drivers
v0x6000036174e0_0 .net "q_n", 0 0, L_0x600002f13090;  alias, 1 drivers
v0x600003617570_0 .net "r", 0 0, L_0x600002f12ed0;  1 drivers
v0x600003617600_0 .net "s", 0 0, L_0x600002f12e60;  1 drivers
S_0x7f85e4b04ee0 .scope module, "srlatch" "sr_latch" 4 14, 5 1 0, S_0x7f85e4b04d70;
 .timescale 0 0;
    .port_info 0 /INPUT 1 "s";
    .port_info 1 /INPUT 1 "r";
    .port_info 2 /OUTPUT 1 "q";
    .port_info 3 /OUTPUT 1 "q_n";
L_0x600002f12f40 .functor NOT 1, L_0x600002f12e60, C4<0>, C4<0>, C4<0>;
L_0x600002f12fb0 .functor NOT 1, L_0x600002f12ed0, C4<0>, C4<0>, C4<0>;
L_0x600002f13020 .functor NAND 1, L_0x600002f12f40, L_0x600002f13090, C4<1>, C4<1>;
L_0x600002f13090 .functor NAND 1, L_0x600002f12fb0, L_0x600002f13020, C4<1>, C4<1>;
v0x600003616f40_0 .net "q", 0 0, L_0x600002f13020;  alias, 1 drivers
v0x600003616fd0_0 .net "q_n", 0 0, L_0x600002f13090;  alias, 1 drivers
v0x600003617060_0 .net "r", 0 0, L_0x600002f12ed0;  alias, 1 drivers
v0x6000036170f0_0 .net "r_n", 0 0, L_0x600002f12fb0;  1 drivers
v0x600003617180_0 .net "s", 0 0, L_0x600002f12e60;  alias, 1 drivers
v0x600003617210_0 .net "s_n", 0 0, L_0x600002f12f40;  1 drivers
S_0x7f85e4b05d70 .scope module, "dffa1" "d_flipflop_async" 6 8, 7 1 0, S_0x7f85e4b04080;
 .timescale 0 0;
    .port_info 0 /INPUT 1 "d";
    .port_info 1 /INPUT 1 "clk";
    .port_info 2 /INPUT 1 "r";
    .port_info 3 /OUTPUT 1 "q";
    .port_info 4 /OUTPUT 1 "q_n";
L_0x600002f13100 .functor NOT 1, o0x7f85e4832f68, C4<0>, C4<0>, C4<0>;
L_0x600002f13170 .functor NOT 1, o0x7f85e4832f98, C4<0>, C4<0>, C4<0>;
L_0x600002f134f0 .functor AND 1, L_0x600002f13410, L_0x600002f13170, C4<1>, C4<1>;
L_0x600002f13560 .functor OR 1, o0x7f85e4832f68, o0x7f85e4832f98, C4<0>, C4<0>;
v0x600003608870_0 .net "_clk", 0 0, L_0x600002f13560;  1 drivers
v0x600003608900_0 .net "_q", 0 0, L_0x600002f13410;  1 drivers
v0x600003608990_0 .net "_q_n", 0 0, L_0x600002f13480;  1 drivers
v0x600003608a20_0 .net "_q_or_reset", 0 0, L_0x600002f134f0;  1 drivers
v0x600003608ab0_0 .net "clk", 0 0, o0x7f85e4832f68;  alias, 0 drivers
v0x600003608b40_0 .net "clk_n", 0 0, L_0x600002f13100;  1 drivers
v0x600003608bd0_0 .net "d", 0 0, L_0x6000035181e0;  1 drivers
v0x600003608c60_0 .net "q", 0 0, L_0x600002f13800;  1 drivers
v0x600003608cf0_0 .net "q_n", 0 0, L_0x600002f13870;  1 drivers
v0x600003608d80_0 .net "r", 0 0, o0x7f85e4832f98;  alias, 0 drivers
v0x600003608e10_0 .net "r_n", 0 0, L_0x600002f13170;  1 drivers
S_0x7f85e4b05ee0 .scope module, "master" "d_latch" 7 16, 4 1 0, S_0x7f85e4b05d70;
 .timescale 0 0;
    .port_info 0 /INPUT 1 "d";
    .port_info 1 /INPUT 1 "en";
    .port_info 2 /OUTPUT 1 "q";
    .port_info 3 /OUTPUT 1 "q_n";
L_0x600002f131e0 .functor NOT 1, L_0x6000035181e0, C4<0>, C4<0>, C4<0>;
L_0x600002f13250 .functor AND 1, L_0x6000035181e0, L_0x600002f13100, C4<1>, C4<1>;
L_0x600002f132c0 .functor AND 1, L_0x600002f131e0, L_0x600002f13100, C4<1>, C4<1>;
v0x60000361ef40_0 .net "d", 0 0, L_0x6000035181e0;  alias, 1 drivers
v0x60000361e400_0 .net "d_n", 0 0, L_0x600002f131e0;  1 drivers
v0x60000361d8c0_0 .net "en", 0 0, L_0x600002f13100;  alias, 1 drivers
v0x60000361cd80_0 .net "q", 0 0, L_0x600002f13410;  alias, 1 drivers
v0x60000361c240_0 .net "q_n", 0 0, L_0x600002f13480;  alias, 1 drivers
v0x600003608000_0 .net "r", 0 0, L_0x600002f132c0;  1 drivers
v0x600003608090_0 .net "s", 0 0, L_0x600002f13250;  1 drivers
S_0x7f85e4b06050 .scope module, "srlatch" "sr_latch" 4 14, 5 1 0, S_0x7f85e4b05ee0;
 .timescale 0 0;
    .port_info 0 /INPUT 1 "s";
    .port_info 1 /INPUT 1 "r";
    .port_info 2 /OUTPUT 1 "q";
    .port_info 3 /OUTPUT 1 "q_n";
L_0x600002f13330 .functor NOT 1, L_0x600002f13250, C4<0>, C4<0>, C4<0>;
L_0x600002f133a0 .functor NOT 1, L_0x600002f132c0, C4<0>, C4<0>, C4<0>;
L_0x600002f13410 .functor NAND 1, L_0x600002f13330, L_0x600002f13480, C4<1>, C4<1>;
L_0x600002f13480 .functor NAND 1, L_0x600002f133a0, L_0x600002f13410, C4<1>, C4<1>;
v0x600003617cc0_0 .net "q", 0 0, L_0x600002f13410;  alias, 1 drivers
v0x600003617d50_0 .net "q_n", 0 0, L_0x600002f13480;  alias, 1 drivers
v0x600003617de0_0 .net "r", 0 0, L_0x600002f132c0;  alias, 1 drivers
v0x600003617e70_0 .net "r_n", 0 0, L_0x600002f133a0;  1 drivers
v0x600003617f00_0 .net "s", 0 0, L_0x600002f13250;  alias, 1 drivers
v0x60000361fa80_0 .net "s_n", 0 0, L_0x600002f13330;  1 drivers
S_0x7f85e4b061c0 .scope module, "slave" "d_latch" 7 28, 4 1 0, S_0x7f85e4b05d70;
 .timescale 0 0;
    .port_info 0 /INPUT 1 "d";
    .port_info 1 /INPUT 1 "en";
    .port_info 2 /OUTPUT 1 "q";
    .port_info 3 /OUTPUT 1 "q_n";
L_0x600002f135d0 .functor NOT 1, L_0x600002f134f0, C4<0>, C4<0>, C4<0>;
L_0x600002f13640 .functor AND 1, L_0x600002f134f0, L_0x600002f13560, C4<1>, C4<1>;
L_0x600002f136b0 .functor AND 1, L_0x600002f135d0, L_0x600002f13560, C4<1>, C4<1>;
v0x600003608480_0 .net "d", 0 0, L_0x600002f134f0;  alias, 1 drivers
v0x600003608510_0 .net "d_n", 0 0, L_0x600002f135d0;  1 drivers
v0x6000036085a0_0 .net "en", 0 0, L_0x600002f13560;  alias, 1 drivers
v0x600003608630_0 .net "q", 0 0, L_0x600002f13800;  alias, 1 drivers
v0x6000036086c0_0 .net "q_n", 0 0, L_0x600002f13870;  alias, 1 drivers
v0x600003608750_0 .net "r", 0 0, L_0x600002f136b0;  1 drivers
v0x6000036087e0_0 .net "s", 0 0, L_0x600002f13640;  1 drivers
S_0x7f85e4b06330 .scope module, "srlatch" "sr_latch" 4 14, 5 1 0, S_0x7f85e4b061c0;
 .timescale 0 0;
    .port_info 0 /INPUT 1 "s";
    .port_info 1 /INPUT 1 "r";
    .port_info 2 /OUTPUT 1 "q";
    .port_info 3 /OUTPUT 1 "q_n";
L_0x600002f13720 .functor NOT 1, L_0x600002f13640, C4<0>, C4<0>, C4<0>;
L_0x600002f13790 .functor NOT 1, L_0x600002f136b0, C4<0>, C4<0>, C4<0>;
L_0x600002f13800 .functor NAND 1, L_0x600002f13720, L_0x600002f13870, C4<1>, C4<1>;
L_0x600002f13870 .functor NAND 1, L_0x600002f13790, L_0x600002f13800, C4<1>, C4<1>;
v0x600003608120_0 .net "q", 0 0, L_0x600002f13800;  alias, 1 drivers
v0x6000036081b0_0 .net "q_n", 0 0, L_0x600002f13870;  alias, 1 drivers
v0x600003608240_0 .net "r", 0 0, L_0x600002f136b0;  alias, 1 drivers
v0x6000036082d0_0 .net "r_n", 0 0, L_0x600002f13790;  1 drivers
v0x600003608360_0 .net "s", 0 0, L_0x600002f13640;  alias, 1 drivers
v0x6000036083f0_0 .net "s_n", 0 0, L_0x600002f13720;  1 drivers
S_0x7f85e4b064a0 .scope module, "dffa2" "d_flipflop_async" 6 9, 7 1 0, S_0x7f85e4b04080;
 .timescale 0 0;
    .port_info 0 /INPUT 1 "d";
    .port_info 1 /INPUT 1 "clk";
    .port_info 2 /INPUT 1 "r";
    .port_info 3 /OUTPUT 1 "q";
    .port_info 4 /OUTPUT 1 "q_n";
L_0x600002f138e0 .functor NOT 1, o0x7f85e4832f68, C4<0>, C4<0>, C4<0>;
L_0x600002f13950 .functor NOT 1, o0x7f85e4832f98, C4<0>, C4<0>, C4<0>;
L_0x600002f13cd0 .functor AND 1, L_0x600002f13bf0, L_0x600002f13950, C4<1>, C4<1>;
L_0x600002f13d40 .functor OR 1, o0x7f85e4832f68, o0x7f85e4832f98, C4<0>, C4<0>;
v0x600003609d40_0 .net "_clk", 0 0, L_0x600002f13d40;  1 drivers
v0x600003609dd0_0 .net "_q", 0 0, L_0x600002f13bf0;  1 drivers
v0x600003609e60_0 .net "_q_n", 0 0, L_0x600002f13c60;  1 drivers
v0x600003609ef0_0 .net "_q_or_reset", 0 0, L_0x600002f13cd0;  1 drivers
v0x600003609f80_0 .net "clk", 0 0, o0x7f85e4832f68;  alias, 0 drivers
v0x60000360a010_0 .net "clk_n", 0 0, L_0x600002f138e0;  1 drivers
v0x60000360a0a0_0 .net "d", 0 0, L_0x600003518280;  1 drivers
v0x60000360a130_0 .net "q", 0 0, L_0x600002f08000;  1 drivers
v0x60000360a1c0_0 .net "q_n", 0 0, L_0x600002f08070;  1 drivers
v0x60000360a250_0 .net "r", 0 0, o0x7f85e4832f98;  alias, 0 drivers
v0x60000360a2e0_0 .net "r_n", 0 0, L_0x600002f13950;  1 drivers
S_0x7f85e4b06610 .scope module, "master" "d_latch" 7 16, 4 1 0, S_0x7f85e4b064a0;
 .timescale 0 0;
    .port_info 0 /INPUT 1 "d";
    .port_info 1 /INPUT 1 "en";
    .port_info 2 /OUTPUT 1 "q";
    .port_info 3 /OUTPUT 1 "q_n";
L_0x600002f139c0 .functor NOT 1, L_0x600003518280, C4<0>, C4<0>, C4<0>;
L_0x600002f13a30 .functor AND 1, L_0x600003518280, L_0x600002f138e0, C4<1>, C4<1>;
L_0x600002f13aa0 .functor AND 1, L_0x600002f139c0, L_0x600002f138e0, C4<1>, C4<1>;
v0x600003609200_0 .net "d", 0 0, L_0x600003518280;  alias, 1 drivers
v0x600003609290_0 .net "d_n", 0 0, L_0x600002f139c0;  1 drivers
v0x600003609320_0 .net "en", 0 0, L_0x600002f138e0;  alias, 1 drivers
v0x6000036093b0_0 .net "q", 0 0, L_0x600002f13bf0;  alias, 1 drivers
v0x600003609440_0 .net "q_n", 0 0, L_0x600002f13c60;  alias, 1 drivers
v0x6000036094d0_0 .net "r", 0 0, L_0x600002f13aa0;  1 drivers
v0x600003609560_0 .net "s", 0 0, L_0x600002f13a30;  1 drivers
S_0x7f85e4b06780 .scope module, "srlatch" "sr_latch" 4 14, 5 1 0, S_0x7f85e4b06610;
 .timescale 0 0;
    .port_info 0 /INPUT 1 "s";
    .port_info 1 /INPUT 1 "r";
    .port_info 2 /OUTPUT 1 "q";
    .port_info 3 /OUTPUT 1 "q_n";
L_0x600002f13b10 .functor NOT 1, L_0x600002f13a30, C4<0>, C4<0>, C4<0>;
L_0x600002f13b80 .functor NOT 1, L_0x600002f13aa0, C4<0>, C4<0>, C4<0>;
L_0x600002f13bf0 .functor NAND 1, L_0x600002f13b10, L_0x600002f13c60, C4<1>, C4<1>;
L_0x600002f13c60 .functor NAND 1, L_0x600002f13b80, L_0x600002f13bf0, C4<1>, C4<1>;
v0x600003608ea0_0 .net "q", 0 0, L_0x600002f13bf0;  alias, 1 drivers
v0x600003608f30_0 .net "q_n", 0 0, L_0x600002f13c60;  alias, 1 drivers
v0x600003608fc0_0 .net "r", 0 0, L_0x600002f13aa0;  alias, 1 drivers
v0x600003609050_0 .net "r_n", 0 0, L_0x600002f13b80;  1 drivers
v0x6000036090e0_0 .net "s", 0 0, L_0x600002f13a30;  alias, 1 drivers
v0x600003609170_0 .net "s_n", 0 0, L_0x600002f13b10;  1 drivers
S_0x7f85e4b068f0 .scope module, "slave" "d_latch" 7 28, 4 1 0, S_0x7f85e4b064a0;
 .timescale 0 0;
    .port_info 0 /INPUT 1 "d";
    .port_info 1 /INPUT 1 "en";
    .port_info 2 /OUTPUT 1 "q";
    .port_info 3 /OUTPUT 1 "q_n";
L_0x600002f13db0 .functor NOT 1, L_0x600002f13cd0, C4<0>, C4<0>, C4<0>;
L_0x600002f13e20 .functor AND 1, L_0x600002f13cd0, L_0x600002f13d40, C4<1>, C4<1>;
L_0x600002f13e90 .functor AND 1, L_0x600002f13db0, L_0x600002f13d40, C4<1>, C4<1>;
v0x600003609950_0 .net "d", 0 0, L_0x600002f13cd0;  alias, 1 drivers
v0x6000036099e0_0 .net "d_n", 0 0, L_0x600002f13db0;  1 drivers
v0x600003609a70_0 .net "en", 0 0, L_0x600002f13d40;  alias, 1 drivers
v0x600003609b00_0 .net "q", 0 0, L_0x600002f08000;  alias, 1 drivers
v0x600003609b90_0 .net "q_n", 0 0, L_0x600002f08070;  alias, 1 drivers
v0x600003609c20_0 .net "r", 0 0, L_0x600002f13e90;  1 drivers
v0x600003609cb0_0 .net "s", 0 0, L_0x600002f13e20;  1 drivers
S_0x7f85e4b06a60 .scope module, "srlatch" "sr_latch" 4 14, 5 1 0, S_0x7f85e4b068f0;
 .timescale 0 0;
    .port_info 0 /INPUT 1 "s";
    .port_info 1 /INPUT 1 "r";
    .port_info 2 /OUTPUT 1 "q";
    .port_info 3 /OUTPUT 1 "q_n";
L_0x600002f13f00 .functor NOT 1, L_0x600002f13e20, C4<0>, C4<0>, C4<0>;
L_0x600002f13f70 .functor NOT 1, L_0x600002f13e90, C4<0>, C4<0>, C4<0>;
L_0x600002f08000 .functor NAND 1, L_0x600002f13f00, L_0x600002f08070, C4<1>, C4<1>;
L_0x600002f08070 .functor NAND 1, L_0x600002f13f70, L_0x600002f08000, C4<1>, C4<1>;
v0x6000036095f0_0 .net "q", 0 0, L_0x600002f08000;  alias, 1 drivers
v0x600003609680_0 .net "q_n", 0 0, L_0x600002f08070;  alias, 1 drivers
v0x600003609710_0 .net "r", 0 0, L_0x600002f13e90;  alias, 1 drivers
v0x6000036097a0_0 .net "r_n", 0 0, L_0x600002f13f70;  1 drivers
v0x600003609830_0 .net "s", 0 0, L_0x600002f13e20;  alias, 1 drivers
v0x6000036098c0_0 .net "s_n", 0 0, L_0x600002f13f00;  1 drivers
S_0x7f85e4b06bd0 .scope module, "dffa3" "d_flipflop_async" 6 10, 7 1 0, S_0x7f85e4b04080;
 .timescale 0 0;
    .port_info 0 /INPUT 1 "d";
    .port_info 1 /INPUT 1 "clk";
    .port_info 2 /INPUT 1 "r";
    .port_info 3 /OUTPUT 1 "q";
    .port_info 4 /OUTPUT 1 "q_n";
L_0x600002f080e0 .functor NOT 1, o0x7f85e4832f68, C4<0>, C4<0>, C4<0>;
L_0x600002f08150 .functor NOT 1, o0x7f85e4832f98, C4<0>, C4<0>, C4<0>;
L_0x600002f084d0 .functor AND 1, L_0x600002f083f0, L_0x600002f08150, C4<1>, C4<1>;
L_0x600002f08540 .functor OR 1, o0x7f85e4832f68, o0x7f85e4832f98, C4<0>, C4<0>;
v0x60000360b210_0 .net "_clk", 0 0, L_0x600002f08540;  1 drivers
v0x60000360b2a0_0 .net "_q", 0 0, L_0x600002f083f0;  1 drivers
v0x60000360b330_0 .net "_q_n", 0 0, L_0x600002f08460;  1 drivers
v0x60000360b3c0_0 .net "_q_or_reset", 0 0, L_0x600002f084d0;  1 drivers
v0x60000360b450_0 .net "clk", 0 0, o0x7f85e4832f68;  alias, 0 drivers
v0x60000360b4e0_0 .net "clk_n", 0 0, L_0x600002f080e0;  1 drivers
v0x60000360b570_0 .net "d", 0 0, L_0x600003518320;  1 drivers
v0x60000360b600_0 .net "q", 0 0, L_0x600002f087e0;  1 drivers
v0x60000360b690_0 .net "q_n", 0 0, L_0x600002f08850;  1 drivers
v0x60000360b720_0 .net "r", 0 0, o0x7f85e4832f98;  alias, 0 drivers
v0x60000360b7b0_0 .net "r_n", 0 0, L_0x600002f08150;  1 drivers
S_0x7f85e4b06d40 .scope module, "master" "d_latch" 7 16, 4 1 0, S_0x7f85e4b06bd0;
 .timescale 0 0;
    .port_info 0 /INPUT 1 "d";
    .port_info 1 /INPUT 1 "en";
    .port_info 2 /OUTPUT 1 "q";
    .port_info 3 /OUTPUT 1 "q_n";
L_0x600002f081c0 .functor NOT 1, L_0x600003518320, C4<0>, C4<0>, C4<0>;
L_0x600002f08230 .functor AND 1, L_0x600003518320, L_0x600002f080e0, C4<1>, C4<1>;
L_0x600002f082a0 .functor AND 1, L_0x600002f081c0, L_0x600002f080e0, C4<1>, C4<1>;
v0x60000360a6d0_0 .net "d", 0 0, L_0x600003518320;  alias, 1 drivers
v0x60000360a760_0 .net "d_n", 0 0, L_0x600002f081c0;  1 drivers
v0x60000360a7f0_0 .net "en", 0 0, L_0x600002f080e0;  alias, 1 drivers
v0x60000360a880_0 .net "q", 0 0, L_0x600002f083f0;  alias, 1 drivers
v0x60000360a910_0 .net "q_n", 0 0, L_0x600002f08460;  alias, 1 drivers
v0x60000360a9a0_0 .net "r", 0 0, L_0x600002f082a0;  1 drivers
v0x60000360aa30_0 .net "s", 0 0, L_0x600002f08230;  1 drivers
S_0x7f85e4b06eb0 .scope module, "srlatch" "sr_latch" 4 14, 5 1 0, S_0x7f85e4b06d40;
 .timescale 0 0;
    .port_info 0 /INPUT 1 "s";
    .port_info 1 /INPUT 1 "r";
    .port_info 2 /OUTPUT 1 "q";
    .port_info 3 /OUTPUT 1 "q_n";
L_0x600002f08310 .functor NOT 1, L_0x600002f08230, C4<0>, C4<0>, C4<0>;
L_0x600002f08380 .functor NOT 1, L_0x600002f082a0, C4<0>, C4<0>, C4<0>;
L_0x600002f083f0 .functor NAND 1, L_0x600002f08310, L_0x600002f08460, C4<1>, C4<1>;
L_0x600002f08460 .functor NAND 1, L_0x600002f08380, L_0x600002f083f0, C4<1>, C4<1>;
v0x60000360a370_0 .net "q", 0 0, L_0x600002f083f0;  alias, 1 drivers
v0x60000360a400_0 .net "q_n", 0 0, L_0x600002f08460;  alias, 1 drivers
v0x60000360a490_0 .net "r", 0 0, L_0x600002f082a0;  alias, 1 drivers
v0x60000360a520_0 .net "r_n", 0 0, L_0x600002f08380;  1 drivers
v0x60000360a5b0_0 .net "s", 0 0, L_0x600002f08230;  alias, 1 drivers
v0x60000360a640_0 .net "s_n", 0 0, L_0x600002f08310;  1 drivers
S_0x7f85e4b07020 .scope module, "slave" "d_latch" 7 28, 4 1 0, S_0x7f85e4b06bd0;
 .timescale 0 0;
    .port_info 0 /INPUT 1 "d";
    .port_info 1 /INPUT 1 "en";
    .port_info 2 /OUTPUT 1 "q";
    .port_info 3 /OUTPUT 1 "q_n";
L_0x600002f085b0 .functor NOT 1, L_0x600002f084d0, C4<0>, C4<0>, C4<0>;
L_0x600002f08620 .functor AND 1, L_0x600002f084d0, L_0x600002f08540, C4<1>, C4<1>;
L_0x600002f08690 .functor AND 1, L_0x600002f085b0, L_0x600002f08540, C4<1>, C4<1>;
v0x60000360ae20_0 .net "d", 0 0, L_0x600002f084d0;  alias, 1 drivers
v0x60000360aeb0_0 .net "d_n", 0 0, L_0x600002f085b0;  1 drivers
v0x60000360af40_0 .net "en", 0 0, L_0x600002f08540;  alias, 1 drivers
v0x60000360afd0_0 .net "q", 0 0, L_0x600002f087e0;  alias, 1 drivers
v0x60000360b060_0 .net "q_n", 0 0, L_0x600002f08850;  alias, 1 drivers
v0x60000360b0f0_0 .net "r", 0 0, L_0x600002f08690;  1 drivers
v0x60000360b180_0 .net "s", 0 0, L_0x600002f08620;  1 drivers
S_0x7f85e4b07190 .scope module, "srlatch" "sr_latch" 4 14, 5 1 0, S_0x7f85e4b07020;
 .timescale 0 0;
    .port_info 0 /INPUT 1 "s";
    .port_info 1 /INPUT 1 "r";
    .port_info 2 /OUTPUT 1 "q";
    .port_info 3 /OUTPUT 1 "q_n";
L_0x600002f08700 .functor NOT 1, L_0x600002f08620, C4<0>, C4<0>, C4<0>;
L_0x600002f08770 .functor NOT 1, L_0x600002f08690, C4<0>, C4<0>, C4<0>;
L_0x600002f087e0 .functor NAND 1, L_0x600002f08700, L_0x600002f08850, C4<1>, C4<1>;
L_0x600002f08850 .functor NAND 1, L_0x600002f08770, L_0x600002f087e0, C4<1>, C4<1>;
v0x60000360aac0_0 .net "q", 0 0, L_0x600002f087e0;  alias, 1 drivers
v0x60000360ab50_0 .net "q_n", 0 0, L_0x600002f08850;  alias, 1 drivers
v0x60000360abe0_0 .net "r", 0 0, L_0x600002f08690;  alias, 1 drivers
v0x60000360ac70_0 .net "r_n", 0 0, L_0x600002f08770;  1 drivers
v0x60000360ad00_0 .net "s", 0 0, L_0x600002f08620;  alias, 1 drivers
v0x60000360ad90_0 .net "s_n", 0 0, L_0x600002f08700;  1 drivers
S_0x7f85e4b07300 .scope module, "dffa4" "d_flipflop_async" 6 11, 7 1 0, S_0x7f85e4b04080;
 .timescale 0 0;
    .port_info 0 /INPUT 1 "d";
    .port_info 1 /INPUT 1 "clk";
    .port_info 2 /INPUT 1 "r";
    .port_info 3 /OUTPUT 1 "q";
    .port_info 4 /OUTPUT 1 "q_n";
L_0x600002f088c0 .functor NOT 1, o0x7f85e4832f68, C4<0>, C4<0>, C4<0>;
L_0x600002f08930 .functor NOT 1, o0x7f85e4832f98, C4<0>, C4<0>, C4<0>;
L_0x600002f08cb0 .functor AND 1, L_0x600002f08bd0, L_0x600002f08930, C4<1>, C4<1>;
L_0x600002f08d20 .functor OR 1, o0x7f85e4832f68, o0x7f85e4832f98, C4<0>, C4<0>;
v0x60000360c750_0 .net "_clk", 0 0, L_0x600002f08d20;  1 drivers
v0x60000360c7e0_0 .net "_q", 0 0, L_0x600002f08bd0;  1 drivers
v0x60000360c870_0 .net "_q_n", 0 0, L_0x600002f08c40;  1 drivers
v0x60000360c900_0 .net "_q_or_reset", 0 0, L_0x600002f08cb0;  1 drivers
v0x60000360c990_0 .net "clk", 0 0, o0x7f85e4832f68;  alias, 0 drivers
v0x60000360ca20_0 .net "clk_n", 0 0, L_0x600002f088c0;  1 drivers
v0x60000360cab0_0 .net "d", 0 0, L_0x6000035183c0;  1 drivers
v0x60000360cb40_0 .net "q", 0 0, L_0x600002f08fc0;  1 drivers
v0x60000360cbd0_0 .net "q_n", 0 0, L_0x600002f09030;  1 drivers
v0x60000360cc60_0 .net "r", 0 0, o0x7f85e4832f98;  alias, 0 drivers
v0x60000360ccf0_0 .net "r_n", 0 0, L_0x600002f08930;  1 drivers
S_0x7f85e4b07470 .scope module, "master" "d_latch" 7 16, 4 1 0, S_0x7f85e4b07300;
 .timescale 0 0;
    .port_info 0 /INPUT 1 "d";
    .port_info 1 /INPUT 1 "en";
    .port_info 2 /OUTPUT 1 "q";
    .port_info 3 /OUTPUT 1 "q_n";
L_0x600002f089a0 .functor NOT 1, L_0x6000035183c0, C4<0>, C4<0>, C4<0>;
L_0x600002f08a10 .functor AND 1, L_0x6000035183c0, L_0x600002f088c0, C4<1>, C4<1>;
L_0x600002f08a80 .functor AND 1, L_0x600002f089a0, L_0x600002f088c0, C4<1>, C4<1>;
v0x60000360bba0_0 .net "d", 0 0, L_0x6000035183c0;  alias, 1 drivers
v0x60000360bc30_0 .net "d_n", 0 0, L_0x600002f089a0;  1 drivers
v0x60000360bcc0_0 .net "en", 0 0, L_0x600002f088c0;  alias, 1 drivers
v0x60000360bd50_0 .net "q", 0 0, L_0x600002f08bd0;  alias, 1 drivers
v0x60000360bde0_0 .net "q_n", 0 0, L_0x600002f08c40;  alias, 1 drivers
v0x60000360be70_0 .net "r", 0 0, L_0x600002f08a80;  1 drivers
v0x60000360bf00_0 .net "s", 0 0, L_0x600002f08a10;  1 drivers
S_0x7f85e4b075e0 .scope module, "srlatch" "sr_latch" 4 14, 5 1 0, S_0x7f85e4b07470;
 .timescale 0 0;
    .port_info 0 /INPUT 1 "s";
    .port_info 1 /INPUT 1 "r";
    .port_info 2 /OUTPUT 1 "q";
    .port_info 3 /OUTPUT 1 "q_n";
L_0x600002f08af0 .functor NOT 1, L_0x600002f08a10, C4<0>, C4<0>, C4<0>;
L_0x600002f08b60 .functor NOT 1, L_0x600002f08a80, C4<0>, C4<0>, C4<0>;
L_0x600002f08bd0 .functor NAND 1, L_0x600002f08af0, L_0x600002f08c40, C4<1>, C4<1>;
L_0x600002f08c40 .functor NAND 1, L_0x600002f08b60, L_0x600002f08bd0, C4<1>, C4<1>;
v0x60000360b840_0 .net "q", 0 0, L_0x600002f08bd0;  alias, 1 drivers
v0x60000360b8d0_0 .net "q_n", 0 0, L_0x600002f08c40;  alias, 1 drivers
v0x60000360b960_0 .net "r", 0 0, L_0x600002f08a80;  alias, 1 drivers
v0x60000360b9f0_0 .net "r_n", 0 0, L_0x600002f08b60;  1 drivers
v0x60000360ba80_0 .net "s", 0 0, L_0x600002f08a10;  alias, 1 drivers
v0x60000360bb10_0 .net "s_n", 0 0, L_0x600002f08af0;  1 drivers
S_0x7f85e4b07750 .scope module, "slave" "d_latch" 7 28, 4 1 0, S_0x7f85e4b07300;
 .timescale 0 0;
    .port_info 0 /INPUT 1 "d";
    .port_info 1 /INPUT 1 "en";
    .port_info 2 /OUTPUT 1 "q";
    .port_info 3 /OUTPUT 1 "q_n";
L_0x600002f08d90 .functor NOT 1, L_0x600002f08cb0, C4<0>, C4<0>, C4<0>;
L_0x600002f08e00 .functor AND 1, L_0x600002f08cb0, L_0x600002f08d20, C4<1>, C4<1>;
L_0x600002f08e70 .functor AND 1, L_0x600002f08d90, L_0x600002f08d20, C4<1>, C4<1>;
v0x60000360c360_0 .net "d", 0 0, L_0x600002f08cb0;  alias, 1 drivers
v0x60000360c3f0_0 .net "d_n", 0 0, L_0x600002f08d90;  1 drivers
v0x60000360c480_0 .net "en", 0 0, L_0x600002f08d20;  alias, 1 drivers
v0x60000360c510_0 .net "q", 0 0, L_0x600002f08fc0;  alias, 1 drivers
v0x60000360c5a0_0 .net "q_n", 0 0, L_0x600002f09030;  alias, 1 drivers
v0x60000360c630_0 .net "r", 0 0, L_0x600002f08e70;  1 drivers
v0x60000360c6c0_0 .net "s", 0 0, L_0x600002f08e00;  1 drivers
S_0x7f85e4b078c0 .scope module, "srlatch" "sr_latch" 4 14, 5 1 0, S_0x7f85e4b07750;
 .timescale 0 0;
    .port_info 0 /INPUT 1 "s";
    .port_info 1 /INPUT 1 "r";
    .port_info 2 /OUTPUT 1 "q";
    .port_info 3 /OUTPUT 1 "q_n";
L_0x600002f08ee0 .functor NOT 1, L_0x600002f08e00, C4<0>, C4<0>, C4<0>;
L_0x600002f08f50 .functor NOT 1, L_0x600002f08e70, C4<0>, C4<0>, C4<0>;
L_0x600002f08fc0 .functor NAND 1, L_0x600002f08ee0, L_0x600002f09030, C4<1>, C4<1>;
L_0x600002f09030 .functor NAND 1, L_0x600002f08f50, L_0x600002f08fc0, C4<1>, C4<1>;
v0x60000360c000_0 .net "q", 0 0, L_0x600002f08fc0;  alias, 1 drivers
v0x60000360c090_0 .net "q_n", 0 0, L_0x600002f09030;  alias, 1 drivers
v0x60000360c120_0 .net "r", 0 0, L_0x600002f08e70;  alias, 1 drivers
v0x60000360c1b0_0 .net "r_n", 0 0, L_0x600002f08f50;  1 drivers
v0x60000360c240_0 .net "s", 0 0, L_0x600002f08e00;  alias, 1 drivers
v0x60000360c2d0_0 .net "s_n", 0 0, L_0x600002f08ee0;  1 drivers
S_0x7f85e4b07a30 .scope module, "dffa5" "d_flipflop_async" 6 12, 7 1 0, S_0x7f85e4b04080;
 .timescale 0 0;
    .port_info 0 /INPUT 1 "d";
    .port_info 1 /INPUT 1 "clk";
    .port_info 2 /INPUT 1 "r";
    .port_info 3 /OUTPUT 1 "q";
    .port_info 4 /OUTPUT 1 "q_n";
L_0x600002f090a0 .functor NOT 1, o0x7f85e4832f68, C4<0>, C4<0>, C4<0>;
L_0x600002f09110 .functor NOT 1, o0x7f85e4832f98, C4<0>, C4<0>, C4<0>;
L_0x600002f09490 .functor AND 1, L_0x600002f093b0, L_0x600002f09110, C4<1>, C4<1>;
L_0x600002f09500 .functor OR 1, o0x7f85e4832f68, o0x7f85e4832f98, C4<0>, C4<0>;
v0x60000360dc20_0 .net "_clk", 0 0, L_0x600002f09500;  1 drivers
v0x60000360dcb0_0 .net "_q", 0 0, L_0x600002f093b0;  1 drivers
v0x60000360dd40_0 .net "_q_n", 0 0, L_0x600002f09420;  1 drivers
v0x60000360ddd0_0 .net "_q_or_reset", 0 0, L_0x600002f09490;  1 drivers
v0x60000360de60_0 .net "clk", 0 0, o0x7f85e4832f68;  alias, 0 drivers
v0x60000360def0_0 .net "clk_n", 0 0, L_0x600002f090a0;  1 drivers
v0x60000360df80_0 .net "d", 0 0, L_0x600003518460;  1 drivers
v0x60000360e010_0 .net "q", 0 0, L_0x600002f097a0;  1 drivers
v0x60000360e0a0_0 .net "q_n", 0 0, L_0x600002f09810;  1 drivers
v0x60000360e130_0 .net "r", 0 0, o0x7f85e4832f98;  alias, 0 drivers
v0x60000360e1c0_0 .net "r_n", 0 0, L_0x600002f09110;  1 drivers
S_0x7f85e4b07ba0 .scope module, "master" "d_latch" 7 16, 4 1 0, S_0x7f85e4b07a30;
 .timescale 0 0;
    .port_info 0 /INPUT 1 "d";
    .port_info 1 /INPUT 1 "en";
    .port_info 2 /OUTPUT 1 "q";
    .port_info 3 /OUTPUT 1 "q_n";
L_0x600002f09180 .functor NOT 1, L_0x600003518460, C4<0>, C4<0>, C4<0>;
L_0x600002f091f0 .functor AND 1, L_0x600003518460, L_0x600002f090a0, C4<1>, C4<1>;
L_0x600002f09260 .functor AND 1, L_0x600002f09180, L_0x600002f090a0, C4<1>, C4<1>;
v0x60000360d0e0_0 .net "d", 0 0, L_0x600003518460;  alias, 1 drivers
v0x60000360d170_0 .net "d_n", 0 0, L_0x600002f09180;  1 drivers
v0x60000360d200_0 .net "en", 0 0, L_0x600002f090a0;  alias, 1 drivers
v0x60000360d290_0 .net "q", 0 0, L_0x600002f093b0;  alias, 1 drivers
v0x60000360d320_0 .net "q_n", 0 0, L_0x600002f09420;  alias, 1 drivers
v0x60000360d3b0_0 .net "r", 0 0, L_0x600002f09260;  1 drivers
v0x60000360d440_0 .net "s", 0 0, L_0x600002f091f0;  1 drivers
S_0x7f85e4b07d10 .scope module, "srlatch" "sr_latch" 4 14, 5 1 0, S_0x7f85e4b07ba0;
 .timescale 0 0;
    .port_info 0 /INPUT 1 "s";
    .port_info 1 /INPUT 1 "r";
    .port_info 2 /OUTPUT 1 "q";
    .port_info 3 /OUTPUT 1 "q_n";
L_0x600002f092d0 .functor NOT 1, L_0x600002f091f0, C4<0>, C4<0>, C4<0>;
L_0x600002f09340 .functor NOT 1, L_0x600002f09260, C4<0>, C4<0>, C4<0>;
L_0x600002f093b0 .functor NAND 1, L_0x600002f092d0, L_0x600002f09420, C4<1>, C4<1>;
L_0x600002f09420 .functor NAND 1, L_0x600002f09340, L_0x600002f093b0, C4<1>, C4<1>;
v0x60000360cd80_0 .net "q", 0 0, L_0x600002f093b0;  alias, 1 drivers
v0x60000360ce10_0 .net "q_n", 0 0, L_0x600002f09420;  alias, 1 drivers
v0x60000360cea0_0 .net "r", 0 0, L_0x600002f09260;  alias, 1 drivers
v0x60000360cf30_0 .net "r_n", 0 0, L_0x600002f09340;  1 drivers
v0x60000360cfc0_0 .net "s", 0 0, L_0x600002f091f0;  alias, 1 drivers
v0x60000360d050_0 .net "s_n", 0 0, L_0x600002f092d0;  1 drivers
S_0x7f85e4b07e80 .scope module, "slave" "d_latch" 7 28, 4 1 0, S_0x7f85e4b07a30;
 .timescale 0 0;
    .port_info 0 /INPUT 1 "d";
    .port_info 1 /INPUT 1 "en";
    .port_info 2 /OUTPUT 1 "q";
    .port_info 3 /OUTPUT 1 "q_n";
L_0x600002f09570 .functor NOT 1, L_0x600002f09490, C4<0>, C4<0>, C4<0>;
L_0x600002f095e0 .functor AND 1, L_0x600002f09490, L_0x600002f09500, C4<1>, C4<1>;
L_0x600002f09650 .functor AND 1, L_0x600002f09570, L_0x600002f09500, C4<1>, C4<1>;
v0x60000360d830_0 .net "d", 0 0, L_0x600002f09490;  alias, 1 drivers
v0x60000360d8c0_0 .net "d_n", 0 0, L_0x600002f09570;  1 drivers
v0x60000360d950_0 .net "en", 0 0, L_0x600002f09500;  alias, 1 drivers
v0x60000360d9e0_0 .net "q", 0 0, L_0x600002f097a0;  alias, 1 drivers
v0x60000360da70_0 .net "q_n", 0 0, L_0x600002f09810;  alias, 1 drivers
v0x60000360db00_0 .net "r", 0 0, L_0x600002f09650;  1 drivers
v0x60000360db90_0 .net "s", 0 0, L_0x600002f095e0;  1 drivers
S_0x7f85e4b07ff0 .scope module, "srlatch" "sr_latch" 4 14, 5 1 0, S_0x7f85e4b07e80;
 .timescale 0 0;
    .port_info 0 /INPUT 1 "s";
    .port_info 1 /INPUT 1 "r";
    .port_info 2 /OUTPUT 1 "q";
    .port_info 3 /OUTPUT 1 "q_n";
L_0x600002f096c0 .functor NOT 1, L_0x600002f095e0, C4<0>, C4<0>, C4<0>;
L_0x600002f09730 .functor NOT 1, L_0x600002f09650, C4<0>, C4<0>, C4<0>;
L_0x600002f097a0 .functor NAND 1, L_0x600002f096c0, L_0x600002f09810, C4<1>, C4<1>;
L_0x600002f09810 .functor NAND 1, L_0x600002f09730, L_0x600002f097a0, C4<1>, C4<1>;
v0x60000360d4d0_0 .net "q", 0 0, L_0x600002f097a0;  alias, 1 drivers
v0x60000360d560_0 .net "q_n", 0 0, L_0x600002f09810;  alias, 1 drivers
v0x60000360d5f0_0 .net "r", 0 0, L_0x600002f09650;  alias, 1 drivers
v0x60000360d680_0 .net "r_n", 0 0, L_0x600002f09730;  1 drivers
v0x60000360d710_0 .net "s", 0 0, L_0x600002f095e0;  alias, 1 drivers
v0x60000360d7a0_0 .net "s_n", 0 0, L_0x600002f096c0;  1 drivers
S_0x7f85e4b08160 .scope module, "dffa6" "d_flipflop_async" 6 13, 7 1 0, S_0x7f85e4b04080;
 .timescale 0 0;
    .port_info 0 /INPUT 1 "d";
    .port_info 1 /INPUT 1 "clk";
    .port_info 2 /INPUT 1 "r";
    .port_info 3 /OUTPUT 1 "q";
    .port_info 4 /OUTPUT 1 "q_n";
L_0x600002f09880 .functor NOT 1, o0x7f85e4832f68, C4<0>, C4<0>, C4<0>;
L_0x600002f098f0 .functor NOT 1, o0x7f85e4832f98, C4<0>, C4<0>, C4<0>;
L_0x600002f09c70 .functor AND 1, L_0x600002f09b90, L_0x600002f098f0, C4<1>, C4<1>;
L_0x600002f09ce0 .functor OR 1, o0x7f85e4832f68, o0x7f85e4832f98, C4<0>, C4<0>;
v0x60000360f0f0_0 .net "_clk", 0 0, L_0x600002f09ce0;  1 drivers
v0x60000360f180_0 .net "_q", 0 0, L_0x600002f09b90;  1 drivers
v0x60000360f210_0 .net "_q_n", 0 0, L_0x600002f09c00;  1 drivers
v0x60000360f2a0_0 .net "_q_or_reset", 0 0, L_0x600002f09c70;  1 drivers
v0x60000360f330_0 .net "clk", 0 0, o0x7f85e4832f68;  alias, 0 drivers
v0x60000360f3c0_0 .net "clk_n", 0 0, L_0x600002f09880;  1 drivers
v0x60000360f450_0 .net "d", 0 0, L_0x600003518500;  1 drivers
v0x60000360f4e0_0 .net "q", 0 0, L_0x600002f09f80;  1 drivers
v0x60000360f570_0 .net "q_n", 0 0, L_0x600002f09ff0;  1 drivers
v0x60000360f600_0 .net "r", 0 0, o0x7f85e4832f98;  alias, 0 drivers
v0x60000360f690_0 .net "r_n", 0 0, L_0x600002f098f0;  1 drivers
S_0x7f85e4b082d0 .scope module, "master" "d_latch" 7 16, 4 1 0, S_0x7f85e4b08160;
 .timescale 0 0;
    .port_info 0 /INPUT 1 "d";
    .port_info 1 /INPUT 1 "en";
    .port_info 2 /OUTPUT 1 "q";
    .port_info 3 /OUTPUT 1 "q_n";
L_0x600002f09960 .functor NOT 1, L_0x600003518500, C4<0>, C4<0>, C4<0>;
L_0x600002f099d0 .functor AND 1, L_0x600003518500, L_0x600002f09880, C4<1>, C4<1>;
L_0x600002f09a40 .functor AND 1, L_0x600002f09960, L_0x600002f09880, C4<1>, C4<1>;
v0x60000360e5b0_0 .net "d", 0 0, L_0x600003518500;  alias, 1 drivers
v0x60000360e640_0 .net "d_n", 0 0, L_0x600002f09960;  1 drivers
v0x60000360e6d0_0 .net "en", 0 0, L_0x600002f09880;  alias, 1 drivers
v0x60000360e760_0 .net "q", 0 0, L_0x600002f09b90;  alias, 1 drivers
v0x60000360e7f0_0 .net "q_n", 0 0, L_0x600002f09c00;  alias, 1 drivers
v0x60000360e880_0 .net "r", 0 0, L_0x600002f09a40;  1 drivers
v0x60000360e910_0 .net "s", 0 0, L_0x600002f099d0;  1 drivers
S_0x7f85e4b08440 .scope module, "srlatch" "sr_latch" 4 14, 5 1 0, S_0x7f85e4b082d0;
 .timescale 0 0;
    .port_info 0 /INPUT 1 "s";
    .port_info 1 /INPUT 1 "r";
    .port_info 2 /OUTPUT 1 "q";
    .port_info 3 /OUTPUT 1 "q_n";
L_0x600002f09ab0 .functor NOT 1, L_0x600002f099d0, C4<0>, C4<0>, C4<0>;
L_0x600002f09b20 .functor NOT 1, L_0x600002f09a40, C4<0>, C4<0>, C4<0>;
L_0x600002f09b90 .functor NAND 1, L_0x600002f09ab0, L_0x600002f09c00, C4<1>, C4<1>;
L_0x600002f09c00 .functor NAND 1, L_0x600002f09b20, L_0x600002f09b90, C4<1>, C4<1>;
v0x60000360e250_0 .net "q", 0 0, L_0x600002f09b90;  alias, 1 drivers
v0x60000360e2e0_0 .net "q_n", 0 0, L_0x600002f09c00;  alias, 1 drivers
v0x60000360e370_0 .net "r", 0 0, L_0x600002f09a40;  alias, 1 drivers
v0x60000360e400_0 .net "r_n", 0 0, L_0x600002f09b20;  1 drivers
v0x60000360e490_0 .net "s", 0 0, L_0x600002f099d0;  alias, 1 drivers
v0x60000360e520_0 .net "s_n", 0 0, L_0x600002f09ab0;  1 drivers
S_0x7f85e4b085b0 .scope module, "slave" "d_latch" 7 28, 4 1 0, S_0x7f85e4b08160;
 .timescale 0 0;
    .port_info 0 /INPUT 1 "d";
    .port_info 1 /INPUT 1 "en";
    .port_info 2 /OUTPUT 1 "q";
    .port_info 3 /OUTPUT 1 "q_n";
L_0x600002f09d50 .functor NOT 1, L_0x600002f09c70, C4<0>, C4<0>, C4<0>;
L_0x600002f09dc0 .functor AND 1, L_0x600002f09c70, L_0x600002f09ce0, C4<1>, C4<1>;
L_0x600002f09e30 .functor AND 1, L_0x600002f09d50, L_0x600002f09ce0, C4<1>, C4<1>;
v0x60000360ed00_0 .net "d", 0 0, L_0x600002f09c70;  alias, 1 drivers
v0x60000360ed90_0 .net "d_n", 0 0, L_0x600002f09d50;  1 drivers
v0x60000360ee20_0 .net "en", 0 0, L_0x600002f09ce0;  alias, 1 drivers
v0x60000360eeb0_0 .net "q", 0 0, L_0x600002f09f80;  alias, 1 drivers
v0x60000360ef40_0 .net "q_n", 0 0, L_0x600002f09ff0;  alias, 1 drivers
v0x60000360efd0_0 .net "r", 0 0, L_0x600002f09e30;  1 drivers
v0x60000360f060_0 .net "s", 0 0, L_0x600002f09dc0;  1 drivers
S_0x7f85e4b08720 .scope module, "srlatch" "sr_latch" 4 14, 5 1 0, S_0x7f85e4b085b0;
 .timescale 0 0;
    .port_info 0 /INPUT 1 "s";
    .port_info 1 /INPUT 1 "r";
    .port_info 2 /OUTPUT 1 "q";
    .port_info 3 /OUTPUT 1 "q_n";
L_0x600002f09ea0 .functor NOT 1, L_0x600002f09dc0, C4<0>, C4<0>, C4<0>;
L_0x600002f09f10 .functor NOT 1, L_0x600002f09e30, C4<0>, C4<0>, C4<0>;
L_0x600002f09f80 .functor NAND 1, L_0x600002f09ea0, L_0x600002f09ff0, C4<1>, C4<1>;
L_0x600002f09ff0 .functor NAND 1, L_0x600002f09f10, L_0x600002f09f80, C4<1>, C4<1>;
v0x60000360e9a0_0 .net "q", 0 0, L_0x600002f09f80;  alias, 1 drivers
v0x60000360ea30_0 .net "q_n", 0 0, L_0x600002f09ff0;  alias, 1 drivers
v0x60000360eac0_0 .net "r", 0 0, L_0x600002f09e30;  alias, 1 drivers
v0x60000360eb50_0 .net "r_n", 0 0, L_0x600002f09f10;  1 drivers
v0x60000360ebe0_0 .net "s", 0 0, L_0x600002f09dc0;  alias, 1 drivers
v0x60000360ec70_0 .net "s_n", 0 0, L_0x600002f09ea0;  1 drivers
S_0x7f85e4b08890 .scope module, "dffa7" "d_flipflop_async" 6 14, 7 1 0, S_0x7f85e4b04080;
 .timescale 0 0;
    .port_info 0 /INPUT 1 "d";
    .port_info 1 /INPUT 1 "clk";
    .port_info 2 /INPUT 1 "r";
    .port_info 3 /OUTPUT 1 "q";
    .port_info 4 /OUTPUT 1 "q_n";
L_0x600002f0a060 .functor NOT 1, o0x7f85e4832f68, C4<0>, C4<0>, C4<0>;
L_0x600002f0a0d0 .functor NOT 1, o0x7f85e4832f98, C4<0>, C4<0>, C4<0>;
L_0x600002f0a450 .functor AND 1, L_0x600002f0a370, L_0x600002f0a0d0, C4<1>, C4<1>;
L_0x600002f0a4c0 .functor OR 1, o0x7f85e4832f68, o0x7f85e4832f98, C4<0>, C4<0>;
v0x600003600630_0 .net "_clk", 0 0, L_0x600002f0a4c0;  1 drivers
v0x6000036006c0_0 .net "_q", 0 0, L_0x600002f0a370;  1 drivers
v0x600003600750_0 .net "_q_n", 0 0, L_0x600002f0a3e0;  1 drivers
v0x6000036007e0_0 .net "_q_or_reset", 0 0, L_0x600002f0a450;  1 drivers
v0x600003600870_0 .net "clk", 0 0, o0x7f85e4832f68;  alias, 0 drivers
v0x600003600900_0 .net "clk_n", 0 0, L_0x600002f0a060;  1 drivers
v0x600003600990_0 .net "d", 0 0, L_0x6000035185a0;  1 drivers
v0x600003600a20_0 .net "q", 0 0, L_0x600002f0a760;  1 drivers
v0x600003600ab0_0 .net "q_n", 0 0, L_0x600002f0a7d0;  1 drivers
v0x600003600b40_0 .net "r", 0 0, o0x7f85e4832f98;  alias, 0 drivers
v0x600003600bd0_0 .net "r_n", 0 0, L_0x600002f0a0d0;  1 drivers
S_0x7f85e4b08a00 .scope module, "master" "d_latch" 7 16, 4 1 0, S_0x7f85e4b08890;
 .timescale 0 0;
    .port_info 0 /INPUT 1 "d";
    .port_info 1 /INPUT 1 "en";
    .port_info 2 /OUTPUT 1 "q";
    .port_info 3 /OUTPUT 1 "q_n";
L_0x600002f0a140 .functor NOT 1, L_0x6000035185a0, C4<0>, C4<0>, C4<0>;
L_0x600002f0a1b0 .functor AND 1, L_0x6000035185a0, L_0x600002f0a060, C4<1>, C4<1>;
L_0x600002f0a220 .functor AND 1, L_0x600002f0a140, L_0x600002f0a060, C4<1>, C4<1>;
v0x60000360fa80_0 .net "d", 0 0, L_0x6000035185a0;  alias, 1 drivers
v0x60000360fb10_0 .net "d_n", 0 0, L_0x600002f0a140;  1 drivers
v0x60000360fba0_0 .net "en", 0 0, L_0x600002f0a060;  alias, 1 drivers
v0x60000360fc30_0 .net "q", 0 0, L_0x600002f0a370;  alias, 1 drivers
v0x60000360fcc0_0 .net "q_n", 0 0, L_0x600002f0a3e0;  alias, 1 drivers
v0x60000360fd50_0 .net "r", 0 0, L_0x600002f0a220;  1 drivers
v0x60000360fde0_0 .net "s", 0 0, L_0x600002f0a1b0;  1 drivers
S_0x7f85e4b08b70 .scope module, "srlatch" "sr_latch" 4 14, 5 1 0, S_0x7f85e4b08a00;
 .timescale 0 0;
    .port_info 0 /INPUT 1 "s";
    .port_info 1 /INPUT 1 "r";
    .port_info 2 /OUTPUT 1 "q";
    .port_info 3 /OUTPUT 1 "q_n";
L_0x600002f0a290 .functor NOT 1, L_0x600002f0a1b0, C4<0>, C4<0>, C4<0>;
L_0x600002f0a300 .functor NOT 1, L_0x600002f0a220, C4<0>, C4<0>, C4<0>;
L_0x600002f0a370 .functor NAND 1, L_0x600002f0a290, L_0x600002f0a3e0, C4<1>, C4<1>;
L_0x600002f0a3e0 .functor NAND 1, L_0x600002f0a300, L_0x600002f0a370, C4<1>, C4<1>;
v0x60000360f720_0 .net "q", 0 0, L_0x600002f0a370;  alias, 1 drivers
v0x60000360f7b0_0 .net "q_n", 0 0, L_0x600002f0a3e0;  alias, 1 drivers
v0x60000360f840_0 .net "r", 0 0, L_0x600002f0a220;  alias, 1 drivers
v0x60000360f8d0_0 .net "r_n", 0 0, L_0x600002f0a300;  1 drivers
v0x60000360f960_0 .net "s", 0 0, L_0x600002f0a1b0;  alias, 1 drivers
v0x60000360f9f0_0 .net "s_n", 0 0, L_0x600002f0a290;  1 drivers
S_0x7f85e4b08ce0 .scope module, "slave" "d_latch" 7 28, 4 1 0, S_0x7f85e4b08890;
 .timescale 0 0;
    .port_info 0 /INPUT 1 "d";
    .port_info 1 /INPUT 1 "en";
    .port_info 2 /OUTPUT 1 "q";
    .port_info 3 /OUTPUT 1 "q_n";
L_0x600002f0a530 .functor NOT 1, L_0x600002f0a450, C4<0>, C4<0>, C4<0>;
L_0x600002f0a5a0 .functor AND 1, L_0x600002f0a450, L_0x600002f0a4c0, C4<1>, C4<1>;
L_0x600002f0a610 .functor AND 1, L_0x600002f0a530, L_0x600002f0a4c0, C4<1>, C4<1>;
v0x600003600240_0 .net "d", 0 0, L_0x600002f0a450;  alias, 1 drivers
v0x6000036002d0_0 .net "d_n", 0 0, L_0x600002f0a530;  1 drivers
v0x600003600360_0 .net "en", 0 0, L_0x600002f0a4c0;  alias, 1 drivers
v0x6000036003f0_0 .net "q", 0 0, L_0x600002f0a760;  alias, 1 drivers
v0x600003600480_0 .net "q_n", 0 0, L_0x600002f0a7d0;  alias, 1 drivers
v0x600003600510_0 .net "r", 0 0, L_0x600002f0a610;  1 drivers
v0x6000036005a0_0 .net "s", 0 0, L_0x600002f0a5a0;  1 drivers
S_0x7f85e4b08e50 .scope module, "srlatch" "sr_latch" 4 14, 5 1 0, S_0x7f85e4b08ce0;
 .timescale 0 0;
    .port_info 0 /INPUT 1 "s";
    .port_info 1 /INPUT 1 "r";
    .port_info 2 /OUTPUT 1 "q";
    .port_info 3 /OUTPUT 1 "q_n";
L_0x600002f0a680 .functor NOT 1, L_0x600002f0a5a0, C4<0>, C4<0>, C4<0>;
L_0x600002f0a6f0 .functor NOT 1, L_0x600002f0a610, C4<0>, C4<0>, C4<0>;
L_0x600002f0a760 .functor NAND 1, L_0x600002f0a680, L_0x600002f0a7d0, C4<1>, C4<1>;
L_0x600002f0a7d0 .functor NAND 1, L_0x600002f0a6f0, L_0x600002f0a760, C4<1>, C4<1>;
v0x60000360fe70_0 .net "q", 0 0, L_0x600002f0a760;  alias, 1 drivers
v0x60000360ff00_0 .net "q_n", 0 0, L_0x600002f0a7d0;  alias, 1 drivers
v0x600003600000_0 .net "r", 0 0, L_0x600002f0a610;  alias, 1 drivers
v0x600003600090_0 .net "r_n", 0 0, L_0x600002f0a6f0;  1 drivers
v0x600003600120_0 .net "s", 0 0, L_0x600002f0a5a0;  alias, 1 drivers
v0x6000036001b0_0 .net "s_n", 0 0, L_0x600002f0a680;  1 drivers
S_0x7f85e4b041f0 .scope module, "tb_d_ff_master_slave_behavioral" "tb_d_ff_master_slave_behavioral" 8 3;
 .timescale -9 -12;
v0x6000036010e0_0 .var "clk", 0 0;
v0x600003601170_0 .var "d", 0 0;
v0x600003601200_0 .net "q", 0 0, v0x600003601050_0;  1 drivers
S_0x7f85e4b08fc0 .scope module, "dut" "d_ff_master_slave_behavioral" 8 7, 9 1 0, S_0x7f85e4b041f0;
 .timescale 0 0;
    .port_info 0 /INPUT 1 "d";
    .port_info 1 /INPUT 1 "clk";
    .port_info 2 /OUTPUT 1 "q";
v0x600003600ea0_0 .net "clk", 0 0, v0x6000036010e0_0;  1 drivers
v0x600003600f30_0 .net "d", 0 0, v0x600003601170_0;  1 drivers
v0x600003600fc0_0 .var "master", 0 0;
v0x600003601050_0 .var "q", 0 0;
E_0x6000011129c0 .event anyedge, v0x600003600ea0_0, v0x600003600fc0_0;
E_0x600001112a00 .event anyedge, v0x600003600ea0_0, v0x600003600f30_0;
    .scope S_0x7f85e4b08fc0;
T_0 ;
    %wait E_0x600001112a00;
    %load/vec4 v0x600003600ea0_0;
    %nor/r;
    %flag_set/vec4 8;
    %jmp/0xz  T_0.0, 8;
    %load/vec4 v0x600003600f30_0;
    %store/vec4 v0x600003600fc0_0, 0, 1;
T_0.0 ;
    %jmp T_0;
    .thread T_0, $push;
    .scope S_0x7f85e4b08fc0;
T_1 ;
    %wait E_0x6000011129c0;
    %load/vec4 v0x600003600ea0_0;
    %flag_set/vec4 8;
    %jmp/0xz  T_1.0, 8;
    %load/vec4 v0x600003600fc0_0;
    %store/vec4 v0x600003601050_0, 0, 1;
T_1.0 ;
    %jmp T_1;
    .thread T_1, $push;
    .scope S_0x7f85e4b041f0;
T_2 ;
    %pushi/vec4 0, 0, 1;
    %store/vec4 v0x6000036010e0_0, 0, 1;
    %end;
    .thread T_2;
    .scope S_0x7f85e4b041f0;
T_3 ;
    %delay 10000, 0;
    %load/vec4 v0x6000036010e0_0;
    %inv;
    %store/vec4 v0x6000036010e0_0, 0, 1;
    %jmp T_3;
    .thread T_3;
    .scope S_0x7f85e4b041f0;
T_4 ;
    %vpi_call 8 13 "$dumpfile", "sim/d_flipflop_behavioral.vcd" {0 0 0};
    %vpi_call 8 14 "$dumpvars", 32'sb00000000000000000000000000000000, S_0x7f85e4b041f0 {0 0 0};
    %pushi/vec4 0, 0, 1;
    %store/vec4 v0x600003601170_0, 0, 1;
    %delay 10000, 0;
    %pushi/vec4 1, 0, 1;
    %store/vec4 v0x600003601170_0, 0, 1;
    %delay 12000, 0;
    %pushi/vec4 0, 0, 1;
    %store/vec4 v0x600003601170_0, 0, 1;
    %delay 20000, 0;
    %pushi/vec4 1, 0, 1;
    %store/vec4 v0x600003601170_0, 0, 1;
    %delay 8000, 0;
    %pushi/vec4 0, 0, 1;
    %store/vec4 v0x600003601170_0, 0, 1;
    %delay 22000, 0;
    %vpi_call 8 21 "$finish" {0 0 0};
    %end;
    .thread T_4;
    .scope S_0x7f85e4b041f0;
T_5 ;
    %vpi_call 8 25 "$monitor", "t=%0t  clk=%b  d=%b  |  q=%b", $time, v0x6000036010e0_0, v0x600003601170_0, v0x600003601200_0 {0 0 0};
    %end;
    .thread T_5;
# The file index is used to find the file name in the following table.
:file_names 10;
    "N/A";
    "<interactive>";
    "rtl/common/c4s1_mux.v";
    "rtl/memory/d_flipflop.v";
    "rtl/memory/d_latch.v";
    "rtl/memory/sr_latch.v";
    "rtl/memory/reg_8b.v";
    "rtl/memory/d_flipflop_async.v";
    "tb/memory/d_flipflop_behavioral.v";
    "rtl/memory/d_flipflop_behavioral.v";
