#! /usr/local/Cellar/icarus-verilog/12.0/bin/vvp
:ivl_version "12.0 (stable)";
:ivl_delay_selection "TYPICAL";
:vpi_time_precision + 0;
:vpi_module "/usr/local/Cellar/icarus-verilog/12.0/lib/ivl/system.vpi";
:vpi_module "/usr/local/Cellar/icarus-verilog/12.0/lib/ivl/vhdl_sys.vpi";
:vpi_module "/usr/local/Cellar/icarus-verilog/12.0/lib/ivl/vhdl_textio.vpi";
:vpi_module "/usr/local/Cellar/icarus-verilog/12.0/lib/ivl/v2005_math.vpi";
:vpi_module "/usr/local/Cellar/icarus-verilog/12.0/lib/ivl/va_math.vpi";
S_0x7fd7a4304080 .scope module, "c4s1_mux" "c4s1_mux" 2 1;
 .timescale 0 0;
    .port_info 0 /INPUT 1 "in1";
    .port_info 1 /INPUT 1 "in2";
    .port_info 2 /INPUT 1 "s";
    .port_info 3 /OUTPUT 1 "out";
o0x7fd7a4032098 .functor BUFZ 1, C4<z>; HiZ drive
L_0x600003be4000 .functor NOT 1, o0x7fd7a4032098, C4<0>, C4<0>, C4<0>;
o0x7fd7a4032008 .functor BUFZ 1, C4<z>; HiZ drive
L_0x600003be4070 .functor AND 1, L_0x600003be4000, o0x7fd7a4032008, C4<1>, C4<1>;
o0x7fd7a4032038 .functor BUFZ 1, C4<z>; HiZ drive
L_0x600003be40e0 .functor AND 1, o0x7fd7a4032098, o0x7fd7a4032038, C4<1>, C4<1>;
L_0x600003be4150 .functor OR 1, L_0x600003be4070, L_0x600003be40e0, C4<0>, C4<0>;
v0x6000022eb720_0 .net "in1", 0 0, o0x7fd7a4032008;  0 drivers
v0x6000022eabe0_0 .net "in2", 0 0, o0x7fd7a4032038;  0 drivers
v0x6000022ea0a0_0 .net "out", 0 0, L_0x600003be4150;  1 drivers
v0x6000022e9560_0 .net "s", 0 0, o0x7fd7a4032098;  0 drivers
v0x6000022e0000_0 .net "s_not", 0 0, L_0x600003be4000;  1 drivers
v0x6000022e0090_0 .net "term1", 0 0, L_0x600003be4070;  1 drivers
v0x6000022e0120_0 .net "term2", 0 0, L_0x600003be40e0;  1 drivers
S_0x7fd7a43041f0 .scope module, "d_flipflop_tb" "d_flipflop_tb" 3 1;
 .timescale 0 0;
v0x6000022e1440_0 .var "clk", 0 0;
v0x6000022e14d0_0 .var "d", 0 0;
v0x6000022e1560_0 .net "q", 0 0, L_0x600003be4770;  1 drivers
v0x6000022e15f0_0 .net "q_n", 0 0, L_0x600003be47e0;  1 drivers
S_0x7fd7a43044d0 .scope module, "dff" "d_flipflop" 3 5, 4 1 0, S_0x7fd7a43041f0;
 .timescale 0 0;
    .port_info 0 /INPUT 1 "d";
    .port_info 1 /INPUT 1 "clk";
    .port_info 2 /OUTPUT 1 "q";
    .port_info 3 /OUTPUT 1 "q_n";
L_0x600003be41c0 .functor NOT 1, v0x6000022e1440_0, C4<0>, C4<0>, C4<0>;
v0x6000022e1050_0 .net "_q", 0 0, L_0x600003be4460;  1 drivers
v0x6000022e10e0_0 .net "_q_n", 0 0, L_0x600003be44d0;  1 drivers
v0x6000022e1170_0 .net "clk", 0 0, v0x6000022e1440_0;  1 drivers
v0x6000022e1200_0 .net "clk_n", 0 0, L_0x600003be41c0;  1 drivers
v0x6000022e1290_0 .net "d", 0 0, v0x6000022e14d0_0;  1 drivers
v0x6000022e1320_0 .net "q", 0 0, L_0x600003be4770;  alias, 1 drivers
v0x6000022e13b0_0 .net "q_n", 0 0, L_0x600003be47e0;  alias, 1 drivers
S_0x7fd7a4304640 .scope module, "master" "d_latch" 4 13, 5 1 0, S_0x7fd7a43044d0;
 .timescale 0 0;
    .port_info 0 /INPUT 1 "d";
    .port_info 1 /INPUT 1 "en";
    .port_info 2 /OUTPUT 1 "q";
    .port_info 3 /OUTPUT 1 "q_n";
L_0x600003be4230 .functor NOT 1, v0x6000022e14d0_0, C4<0>, C4<0>, C4<0>;
L_0x600003be42a0 .functor AND 1, v0x6000022e14d0_0, L_0x600003be41c0, C4<1>, C4<1>;
L_0x600003be4310 .functor AND 1, L_0x600003be4230, L_0x600003be41c0, C4<1>, C4<1>;
v0x6000022e0510_0 .net "d", 0 0, v0x6000022e14d0_0;  alias, 1 drivers
v0x6000022e05a0_0 .net "d_n", 0 0, L_0x600003be4230;  1 drivers
v0x6000022e0630_0 .net "en", 0 0, L_0x600003be41c0;  alias, 1 drivers
v0x6000022e06c0_0 .net "q", 0 0, L_0x600003be4460;  alias, 1 drivers
v0x6000022e0750_0 .net "q_n", 0 0, L_0x600003be44d0;  alias, 1 drivers
v0x6000022e07e0_0 .net "r", 0 0, L_0x600003be4310;  1 drivers
v0x6000022e0870_0 .net "s", 0 0, L_0x600003be42a0;  1 drivers
S_0x7fd7a43047b0 .scope module, "srlatch" "sr_latch" 5 14, 6 1 0, S_0x7fd7a4304640;
 .timescale 0 0;
    .port_info 0 /INPUT 1 "s";
    .port_info 1 /INPUT 1 "r";
    .port_info 2 /OUTPUT 1 "q";
    .port_info 3 /OUTPUT 1 "q_n";
L_0x600003be4380 .functor NOT 1, L_0x600003be42a0, C4<0>, C4<0>, C4<0>;
L_0x600003be43f0 .functor NOT 1, L_0x600003be4310, C4<0>, C4<0>, C4<0>;
L_0x600003be4460 .functor NAND 1, L_0x600003be4380, L_0x600003be44d0, C4<1>, C4<1>;
L_0x600003be44d0 .functor NAND 1, L_0x600003be43f0, L_0x600003be4460, C4<1>, C4<1>;
v0x6000022e01b0_0 .net "q", 0 0, L_0x600003be4460;  alias, 1 drivers
v0x6000022e0240_0 .net "q_n", 0 0, L_0x600003be44d0;  alias, 1 drivers
v0x6000022e02d0_0 .net "r", 0 0, L_0x600003be4310;  alias, 1 drivers
v0x6000022e0360_0 .net "r_n", 0 0, L_0x600003be43f0;  1 drivers
v0x6000022e03f0_0 .net "s", 0 0, L_0x600003be42a0;  alias, 1 drivers
v0x6000022e0480_0 .net "s_n", 0 0, L_0x600003be4380;  1 drivers
S_0x7fd7a4304920 .scope module, "slave" "d_latch" 4 20, 5 1 0, S_0x7fd7a43044d0;
 .timescale 0 0;
    .port_info 0 /INPUT 1 "d";
    .port_info 1 /INPUT 1 "en";
    .port_info 2 /OUTPUT 1 "q";
    .port_info 3 /OUTPUT 1 "q_n";
L_0x600003be4540 .functor NOT 1, L_0x600003be4460, C4<0>, C4<0>, C4<0>;
L_0x600003be45b0 .functor AND 1, L_0x600003be4460, v0x6000022e1440_0, C4<1>, C4<1>;
L_0x600003be4620 .functor AND 1, L_0x600003be4540, v0x6000022e1440_0, C4<1>, C4<1>;
v0x6000022e0c60_0 .net "d", 0 0, L_0x600003be4460;  alias, 1 drivers
v0x6000022e0cf0_0 .net "d_n", 0 0, L_0x600003be4540;  1 drivers
v0x6000022e0d80_0 .net "en", 0 0, v0x6000022e1440_0;  alias, 1 drivers
v0x6000022e0e10_0 .net "q", 0 0, L_0x600003be4770;  alias, 1 drivers
v0x6000022e0ea0_0 .net "q_n", 0 0, L_0x600003be47e0;  alias, 1 drivers
v0x6000022e0f30_0 .net "r", 0 0, L_0x600003be4620;  1 drivers
v0x6000022e0fc0_0 .net "s", 0 0, L_0x600003be45b0;  1 drivers
S_0x7fd7a4304a90 .scope module, "srlatch" "sr_latch" 5 14, 6 1 0, S_0x7fd7a4304920;
 .timescale 0 0;
    .port_info 0 /INPUT 1 "s";
    .port_info 1 /INPUT 1 "r";
    .port_info 2 /OUTPUT 1 "q";
    .port_info 3 /OUTPUT 1 "q_n";
L_0x600003be4690 .functor NOT 1, L_0x600003be45b0, C4<0>, C4<0>, C4<0>;
L_0x600003be4700 .functor NOT 1, L_0x600003be4620, C4<0>, C4<0>, C4<0>;
L_0x600003be4770 .functor NAND 1, L_0x600003be4690, L_0x600003be47e0, C4<1>, C4<1>;
L_0x600003be47e0 .functor NAND 1, L_0x600003be4700, L_0x600003be4770, C4<1>, C4<1>;
v0x6000022e0900_0 .net "q", 0 0, L_0x600003be4770;  alias, 1 drivers
v0x6000022e0990_0 .net "q_n", 0 0, L_0x600003be47e0;  alias, 1 drivers
v0x6000022e0a20_0 .net "r", 0 0, L_0x600003be4620;  alias, 1 drivers
v0x6000022e0ab0_0 .net "r_n", 0 0, L_0x600003be4700;  1 drivers
v0x6000022e0b40_0 .net "s", 0 0, L_0x600003be45b0;  alias, 1 drivers
v0x6000022e0bd0_0 .net "s_n", 0 0, L_0x600003be4690;  1 drivers
S_0x7fd7a4304360 .scope module, "reg_8b" "reg_8b" 7 1;
 .timescale 0 0;
    .port_info 0 /INPUT 8 "in";
    .port_info 1 /INPUT 1 "clk";
    .port_info 2 /INPUT 1 "r";
    .port_info 3 /OUTPUT 8 "out";
o0x7fd7a4032f68 .functor BUFZ 1, C4<z>; HiZ drive
v0x6000022fbde0_0 .net "clk", 0 0, o0x7fd7a4032f68;  0 drivers
o0x7fd7a4036568 .functor BUFZ 8, C4<zzzzzzzz>; HiZ drive
v0x6000022fbe70_0 .net "in", 7 0, o0x7fd7a4036568;  0 drivers
v0x6000022fbf00_0 .net "out", 7 0, L_0x6000021ec500;  1 drivers
o0x7fd7a4032f98 .functor BUFZ 1, C4<z>; HiZ drive
v0x6000022f4000_0 .net "r", 0 0, o0x7fd7a4032f98;  0 drivers
L_0x6000021ec000 .part o0x7fd7a4036568, 0, 1;
L_0x6000021ec0a0 .part o0x7fd7a4036568, 1, 1;
L_0x6000021ec140 .part o0x7fd7a4036568, 2, 1;
L_0x6000021ec1e0 .part o0x7fd7a4036568, 3, 1;
L_0x6000021ec280 .part o0x7fd7a4036568, 4, 1;
L_0x6000021ec320 .part o0x7fd7a4036568, 5, 1;
L_0x6000021ec3c0 .part o0x7fd7a4036568, 6, 1;
L_0x6000021ec460 .part o0x7fd7a4036568, 7, 1;
LS_0x6000021ec500_0_0 .concat8 [ 1 1 1 1], L_0x600003be4f50, L_0x600003be5730, L_0x600003be5f10, L_0x600003be66f0;
LS_0x6000021ec500_0_4 .concat8 [ 1 1 1 1], L_0x600003be6ed0, L_0x600003be76b0, L_0x600003be7e90, L_0x600003be0690;
L_0x6000021ec500 .concat8 [ 4 4 0 0], LS_0x6000021ec500_0_0, LS_0x6000021ec500_0_4;
S_0x7fd7a4304c00 .scope module, "dffa0" "d_flipflop_async" 7 7, 8 1 0, S_0x7fd7a4304360;
 .timescale 0 0;
    .port_info 0 /INPUT 1 "d";
    .port_info 1 /INPUT 1 "clk";
    .port_info 2 /INPUT 1 "r";
    .port_info 3 /OUTPUT 1 "q";
    .port_info 4 /OUTPUT 1 "q_n";
L_0x600003be4850 .functor NOT 1, o0x7fd7a4032f68, C4<0>, C4<0>, C4<0>;
L_0x600003be48c0 .functor NOT 1, o0x7fd7a4032f98, C4<0>, C4<0>, C4<0>;
L_0x600003be4c40 .functor AND 1, L_0x600003be4b60, L_0x600003be48c0, C4<1>, C4<1>;
L_0x600003be4cb0 .functor OR 1, o0x7fd7a4032f68, o0x7fd7a4032f98, C4<0>, C4<0>;
v0x6000022e2520_0 .net "_clk", 0 0, L_0x600003be4cb0;  1 drivers
v0x6000022e25b0_0 .net "_q", 0 0, L_0x600003be4b60;  1 drivers
v0x6000022e2640_0 .net "_q_n", 0 0, L_0x600003be4bd0;  1 drivers
v0x6000022e26d0_0 .net "_q_or_reset", 0 0, L_0x600003be4c40;  1 drivers
v0x6000022e2760_0 .net "clk", 0 0, o0x7fd7a4032f68;  alias, 0 drivers
v0x6000022e27f0_0 .net "clk_n", 0 0, L_0x600003be4850;  1 drivers
v0x6000022e2880_0 .net "d", 0 0, L_0x6000021ec000;  1 drivers
v0x6000022e2910_0 .net "q", 0 0, L_0x600003be4f50;  1 drivers
v0x6000022e29a0_0 .net "q_n", 0 0, L_0x600003be4fc0;  1 drivers
v0x6000022e2a30_0 .net "r", 0 0, o0x7fd7a4032f98;  alias, 0 drivers
v0x6000022e2ac0_0 .net "r_n", 0 0, L_0x600003be48c0;  1 drivers
S_0x7fd7a4304d70 .scope module, "master" "d_latch" 8 16, 5 1 0, S_0x7fd7a4304c00;
 .timescale 0 0;
    .port_info 0 /INPUT 1 "d";
    .port_info 1 /INPUT 1 "en";
    .port_info 2 /OUTPUT 1 "q";
    .port_info 3 /OUTPUT 1 "q_n";
L_0x600003be4930 .functor NOT 1, L_0x6000021ec000, C4<0>, C4<0>, C4<0>;
L_0x600003be49a0 .functor AND 1, L_0x6000021ec000, L_0x600003be4850, C4<1>, C4<1>;
L_0x600003be4a10 .functor AND 1, L_0x600003be4930, L_0x600003be4850, C4<1>, C4<1>;
v0x6000022e19e0_0 .net "d", 0 0, L_0x6000021ec000;  alias, 1 drivers
v0x6000022e1a70_0 .net "d_n", 0 0, L_0x600003be4930;  1 drivers
v0x6000022e1b00_0 .net "en", 0 0, L_0x600003be4850;  alias, 1 drivers
v0x6000022e1b90_0 .net "q", 0 0, L_0x600003be4b60;  alias, 1 drivers
v0x6000022e1c20_0 .net "q_n", 0 0, L_0x600003be4bd0;  alias, 1 drivers
v0x6000022e1cb0_0 .net "r", 0 0, L_0x600003be4a10;  1 drivers
v0x6000022e1d40_0 .net "s", 0 0, L_0x600003be49a0;  1 drivers
S_0x7fd7a4304ee0 .scope module, "srlatch" "sr_latch" 5 14, 6 1 0, S_0x7fd7a4304d70;
 .timescale 0 0;
    .port_info 0 /INPUT 1 "s";
    .port_info 1 /INPUT 1 "r";
    .port_info 2 /OUTPUT 1 "q";
    .port_info 3 /OUTPUT 1 "q_n";
L_0x600003be4a80 .functor NOT 1, L_0x600003be49a0, C4<0>, C4<0>, C4<0>;
L_0x600003be4af0 .functor NOT 1, L_0x600003be4a10, C4<0>, C4<0>, C4<0>;
L_0x600003be4b60 .functor NAND 1, L_0x600003be4a80, L_0x600003be4bd0, C4<1>, C4<1>;
L_0x600003be4bd0 .functor NAND 1, L_0x600003be4af0, L_0x600003be4b60, C4<1>, C4<1>;
v0x6000022e1680_0 .net "q", 0 0, L_0x600003be4b60;  alias, 1 drivers
v0x6000022e1710_0 .net "q_n", 0 0, L_0x600003be4bd0;  alias, 1 drivers
v0x6000022e17a0_0 .net "r", 0 0, L_0x600003be4a10;  alias, 1 drivers
v0x6000022e1830_0 .net "r_n", 0 0, L_0x600003be4af0;  1 drivers
v0x6000022e18c0_0 .net "s", 0 0, L_0x600003be49a0;  alias, 1 drivers
v0x6000022e1950_0 .net "s_n", 0 0, L_0x600003be4a80;  1 drivers
S_0x7fd7a4305050 .scope module, "slave" "d_latch" 8 28, 5 1 0, S_0x7fd7a4304c00;
 .timescale 0 0;
    .port_info 0 /INPUT 1 "d";
    .port_info 1 /INPUT 1 "en";
    .port_info 2 /OUTPUT 1 "q";
    .port_info 3 /OUTPUT 1 "q_n";
L_0x600003be4d20 .functor NOT 1, L_0x600003be4c40, C4<0>, C4<0>, C4<0>;
L_0x600003be4d90 .functor AND 1, L_0x600003be4c40, L_0x600003be4cb0, C4<1>, C4<1>;
L_0x600003be4e00 .functor AND 1, L_0x600003be4d20, L_0x600003be4cb0, C4<1>, C4<1>;
v0x6000022e2130_0 .net "d", 0 0, L_0x600003be4c40;  alias, 1 drivers
v0x6000022e21c0_0 .net "d_n", 0 0, L_0x600003be4d20;  1 drivers
v0x6000022e2250_0 .net "en", 0 0, L_0x600003be4cb0;  alias, 1 drivers
v0x6000022e22e0_0 .net "q", 0 0, L_0x600003be4f50;  alias, 1 drivers
v0x6000022e2370_0 .net "q_n", 0 0, L_0x600003be4fc0;  alias, 1 drivers
v0x6000022e2400_0 .net "r", 0 0, L_0x600003be4e00;  1 drivers
v0x6000022e2490_0 .net "s", 0 0, L_0x600003be4d90;  1 drivers
S_0x7fd7a43051c0 .scope module, "srlatch" "sr_latch" 5 14, 6 1 0, S_0x7fd7a4305050;
 .timescale 0 0;
    .port_info 0 /INPUT 1 "s";
    .port_info 1 /INPUT 1 "r";
    .port_info 2 /OUTPUT 1 "q";
    .port_info 3 /OUTPUT 1 "q_n";
L_0x600003be4e70 .functor NOT 1, L_0x600003be4d90, C4<0>, C4<0>, C4<0>;
L_0x600003be4ee0 .functor NOT 1, L_0x600003be4e00, C4<0>, C4<0>, C4<0>;
L_0x600003be4f50 .functor NAND 1, L_0x600003be4e70, L_0x600003be4fc0, C4<1>, C4<1>;
L_0x600003be4fc0 .functor NAND 1, L_0x600003be4ee0, L_0x600003be4f50, C4<1>, C4<1>;
v0x6000022e1dd0_0 .net "q", 0 0, L_0x600003be4f50;  alias, 1 drivers
v0x6000022e1e60_0 .net "q_n", 0 0, L_0x600003be4fc0;  alias, 1 drivers
v0x6000022e1ef0_0 .net "r", 0 0, L_0x600003be4e00;  alias, 1 drivers
v0x6000022e1f80_0 .net "r_n", 0 0, L_0x600003be4ee0;  1 drivers
v0x6000022e2010_0 .net "s", 0 0, L_0x600003be4d90;  alias, 1 drivers
v0x6000022e20a0_0 .net "s_n", 0 0, L_0x600003be4e70;  1 drivers
S_0x7fd7a4305330 .scope module, "dffa1" "d_flipflop_async" 7 8, 8 1 0, S_0x7fd7a4304360;
 .timescale 0 0;
    .port_info 0 /INPUT 1 "d";
    .port_info 1 /INPUT 1 "clk";
    .port_info 2 /INPUT 1 "r";
    .port_info 3 /OUTPUT 1 "q";
    .port_info 4 /OUTPUT 1 "q_n";
L_0x600003be5030 .functor NOT 1, o0x7fd7a4032f68, C4<0>, C4<0>, C4<0>;
L_0x600003be50a0 .functor NOT 1, o0x7fd7a4032f98, C4<0>, C4<0>, C4<0>;
L_0x600003be5420 .functor AND 1, L_0x600003be5340, L_0x600003be50a0, C4<1>, C4<1>;
L_0x600003be5490 .functor OR 1, o0x7fd7a4032f68, o0x7fd7a4032f98, C4<0>, C4<0>;
v0x6000022e39f0_0 .net "_clk", 0 0, L_0x600003be5490;  1 drivers
v0x6000022e3a80_0 .net "_q", 0 0, L_0x600003be5340;  1 drivers
v0x6000022e3b10_0 .net "_q_n", 0 0, L_0x600003be53b0;  1 drivers
v0x6000022e3ba0_0 .net "_q_or_reset", 0 0, L_0x600003be5420;  1 drivers
v0x6000022e3c30_0 .net "clk", 0 0, o0x7fd7a4032f68;  alias, 0 drivers
v0x6000022e3cc0_0 .net "clk_n", 0 0, L_0x600003be5030;  1 drivers
v0x6000022e3d50_0 .net "d", 0 0, L_0x6000021ec0a0;  1 drivers
v0x6000022e3de0_0 .net "q", 0 0, L_0x600003be5730;  1 drivers
v0x6000022e3e70_0 .net "q_n", 0 0, L_0x600003be57a0;  1 drivers
v0x6000022e3f00_0 .net "r", 0 0, o0x7fd7a4032f98;  alias, 0 drivers
v0x6000022fc000_0 .net "r_n", 0 0, L_0x600003be50a0;  1 drivers
S_0x7fd7a43054a0 .scope module, "master" "d_latch" 8 16, 5 1 0, S_0x7fd7a4305330;
 .timescale 0 0;
    .port_info 0 /INPUT 1 "d";
    .port_info 1 /INPUT 1 "en";
    .port_info 2 /OUTPUT 1 "q";
    .port_info 3 /OUTPUT 1 "q_n";
L_0x600003be5110 .functor NOT 1, L_0x6000021ec0a0, C4<0>, C4<0>, C4<0>;
L_0x600003be5180 .functor AND 1, L_0x6000021ec0a0, L_0x600003be5030, C4<1>, C4<1>;
L_0x600003be51f0 .functor AND 1, L_0x600003be5110, L_0x600003be5030, C4<1>, C4<1>;
v0x6000022e2eb0_0 .net "d", 0 0, L_0x6000021ec0a0;  alias, 1 drivers
v0x6000022e2f40_0 .net "d_n", 0 0, L_0x600003be5110;  1 drivers
v0x6000022e2fd0_0 .net "en", 0 0, L_0x600003be5030;  alias, 1 drivers
v0x6000022e3060_0 .net "q", 0 0, L_0x600003be5340;  alias, 1 drivers
v0x6000022e30f0_0 .net "q_n", 0 0, L_0x600003be53b0;  alias, 1 drivers
v0x6000022e3180_0 .net "r", 0 0, L_0x600003be51f0;  1 drivers
v0x6000022e3210_0 .net "s", 0 0, L_0x600003be5180;  1 drivers
S_0x7fd7a4305610 .scope module, "srlatch" "sr_latch" 5 14, 6 1 0, S_0x7fd7a43054a0;
 .timescale 0 0;
    .port_info 0 /INPUT 1 "s";
    .port_info 1 /INPUT 1 "r";
    .port_info 2 /OUTPUT 1 "q";
    .port_info 3 /OUTPUT 1 "q_n";
L_0x600003be5260 .functor NOT 1, L_0x600003be5180, C4<0>, C4<0>, C4<0>;
L_0x600003be52d0 .functor NOT 1, L_0x600003be51f0, C4<0>, C4<0>, C4<0>;
L_0x600003be5340 .functor NAND 1, L_0x600003be5260, L_0x600003be53b0, C4<1>, C4<1>;
L_0x600003be53b0 .functor NAND 1, L_0x600003be52d0, L_0x600003be5340, C4<1>, C4<1>;
v0x6000022e2b50_0 .net "q", 0 0, L_0x600003be5340;  alias, 1 drivers
v0x6000022e2be0_0 .net "q_n", 0 0, L_0x600003be53b0;  alias, 1 drivers
v0x6000022e2c70_0 .net "r", 0 0, L_0x600003be51f0;  alias, 1 drivers
v0x6000022e2d00_0 .net "r_n", 0 0, L_0x600003be52d0;  1 drivers
v0x6000022e2d90_0 .net "s", 0 0, L_0x600003be5180;  alias, 1 drivers
v0x6000022e2e20_0 .net "s_n", 0 0, L_0x600003be5260;  1 drivers
S_0x7fd7a4305780 .scope module, "slave" "d_latch" 8 28, 5 1 0, S_0x7fd7a4305330;
 .timescale 0 0;
    .port_info 0 /INPUT 1 "d";
    .port_info 1 /INPUT 1 "en";
    .port_info 2 /OUTPUT 1 "q";
    .port_info 3 /OUTPUT 1 "q_n";
L_0x600003be5500 .functor NOT 1, L_0x600003be5420, C4<0>, C4<0>, C4<0>;
L_0x600003be5570 .functor AND 1, L_0x600003be5420, L_0x600003be5490, C4<1>, C4<1>;
L_0x600003be55e0 .functor AND 1, L_0x600003be5500, L_0x600003be5490, C4<1>, C4<1>;
v0x6000022e3600_0 .net "d", 0 0, L_0x600003be5420;  alias, 1 drivers
v0x6000022e3690_0 .net "d_n", 0 0, L_0x600003be5500;  1 drivers
v0x6000022e3720_0 .net "en", 0 0, L_0x600003be5490;  alias, 1 drivers
v0x6000022e37b0_0 .net "q", 0 0, L_0x600003be5730;  alias, 1 drivers
v0x6000022e3840_0 .net "q_n", 0 0, L_0x600003be57a0;  alias, 1 drivers
v0x6000022e38d0_0 .net "r", 0 0, L_0x600003be55e0;  1 drivers
v0x6000022e3960_0 .net "s", 0 0, L_0x600003be5570;  1 drivers
S_0x7fd7a43058f0 .scope module, "srlatch" "sr_latch" 5 14, 6 1 0, S_0x7fd7a4305780;
 .timescale 0 0;
    .port_info 0 /INPUT 1 "s";
    .port_info 1 /INPUT 1 "r";
    .port_info 2 /OUTPUT 1 "q";
    .port_info 3 /OUTPUT 1 "q_n";
L_0x600003be5650 .functor NOT 1, L_0x600003be5570, C4<0>, C4<0>, C4<0>;
L_0x600003be56c0 .functor NOT 1, L_0x600003be55e0, C4<0>, C4<0>, C4<0>;
L_0x600003be5730 .functor NAND 1, L_0x600003be5650, L_0x600003be57a0, C4<1>, C4<1>;
L_0x600003be57a0 .functor NAND 1, L_0x600003be56c0, L_0x600003be5730, C4<1>, C4<1>;
v0x6000022e32a0_0 .net "q", 0 0, L_0x600003be5730;  alias, 1 drivers
v0x6000022e3330_0 .net "q_n", 0 0, L_0x600003be57a0;  alias, 1 drivers
v0x6000022e33c0_0 .net "r", 0 0, L_0x600003be55e0;  alias, 1 drivers
v0x6000022e3450_0 .net "r_n", 0 0, L_0x600003be56c0;  1 drivers
v0x6000022e34e0_0 .net "s", 0 0, L_0x600003be5570;  alias, 1 drivers
v0x6000022e3570_0 .net "s_n", 0 0, L_0x600003be5650;  1 drivers
S_0x7fd7a4305a60 .scope module, "dffa2" "d_flipflop_async" 7 9, 8 1 0, S_0x7fd7a4304360;
 .timescale 0 0;
    .port_info 0 /INPUT 1 "d";
    .port_info 1 /INPUT 1 "clk";
    .port_info 2 /INPUT 1 "r";
    .port_info 3 /OUTPUT 1 "q";
    .port_info 4 /OUTPUT 1 "q_n";
L_0x600003be5810 .functor NOT 1, o0x7fd7a4032f68, C4<0>, C4<0>, C4<0>;
L_0x600003be5880 .functor NOT 1, o0x7fd7a4032f98, C4<0>, C4<0>, C4<0>;
L_0x600003be5c00 .functor AND 1, L_0x600003be5b20, L_0x600003be5880, C4<1>, C4<1>;
L_0x600003be5c70 .functor OR 1, o0x7fd7a4032f68, o0x7fd7a4032f98, C4<0>, C4<0>;
v0x6000022fcf30_0 .net "_clk", 0 0, L_0x600003be5c70;  1 drivers
v0x6000022fcfc0_0 .net "_q", 0 0, L_0x600003be5b20;  1 drivers
v0x6000022fd050_0 .net "_q_n", 0 0, L_0x600003be5b90;  1 drivers
v0x6000022fd0e0_0 .net "_q_or_reset", 0 0, L_0x600003be5c00;  1 drivers
v0x6000022fd170_0 .net "clk", 0 0, o0x7fd7a4032f68;  alias, 0 drivers
v0x6000022fd200_0 .net "clk_n", 0 0, L_0x600003be5810;  1 drivers
v0x6000022fd290_0 .net "d", 0 0, L_0x6000021ec140;  1 drivers
v0x6000022fd320_0 .net "q", 0 0, L_0x600003be5f10;  1 drivers
v0x6000022fd3b0_0 .net "q_n", 0 0, L_0x600003be5f80;  1 drivers
v0x6000022fd440_0 .net "r", 0 0, o0x7fd7a4032f98;  alias, 0 drivers
v0x6000022fd4d0_0 .net "r_n", 0 0, L_0x600003be5880;  1 drivers
S_0x7fd7a4305bd0 .scope module, "master" "d_latch" 8 16, 5 1 0, S_0x7fd7a4305a60;
 .timescale 0 0;
    .port_info 0 /INPUT 1 "d";
    .port_info 1 /INPUT 1 "en";
    .port_info 2 /OUTPUT 1 "q";
    .port_info 3 /OUTPUT 1 "q_n";
L_0x600003be58f0 .functor NOT 1, L_0x6000021ec140, C4<0>, C4<0>, C4<0>;
L_0x600003be5960 .functor AND 1, L_0x6000021ec140, L_0x600003be5810, C4<1>, C4<1>;
L_0x600003be59d0 .functor AND 1, L_0x600003be58f0, L_0x600003be5810, C4<1>, C4<1>;
v0x6000022fc3f0_0 .net "d", 0 0, L_0x6000021ec140;  alias, 1 drivers
v0x6000022fc480_0 .net "d_n", 0 0, L_0x600003be58f0;  1 drivers
v0x6000022fc510_0 .net "en", 0 0, L_0x600003be5810;  alias, 1 drivers
v0x6000022fc5a0_0 .net "q", 0 0, L_0x600003be5b20;  alias, 1 drivers
v0x6000022fc630_0 .net "q_n", 0 0, L_0x600003be5b90;  alias, 1 drivers
v0x6000022fc6c0_0 .net "r", 0 0, L_0x600003be59d0;  1 drivers
v0x6000022fc750_0 .net "s", 0 0, L_0x600003be5960;  1 drivers
S_0x7fd7a4305d40 .scope module, "srlatch" "sr_latch" 5 14, 6 1 0, S_0x7fd7a4305bd0;
 .timescale 0 0;
    .port_info 0 /INPUT 1 "s";
    .port_info 1 /INPUT 1 "r";
    .port_info 2 /OUTPUT 1 "q";
    .port_info 3 /OUTPUT 1 "q_n";
L_0x600003be5a40 .functor NOT 1, L_0x600003be5960, C4<0>, C4<0>, C4<0>;
L_0x600003be5ab0 .functor NOT 1, L_0x600003be59d0, C4<0>, C4<0>, C4<0>;
L_0x600003be5b20 .functor NAND 1, L_0x600003be5a40, L_0x600003be5b90, C4<1>, C4<1>;
L_0x600003be5b90 .functor NAND 1, L_0x600003be5ab0, L_0x600003be5b20, C4<1>, C4<1>;
v0x6000022fc090_0 .net "q", 0 0, L_0x600003be5b20;  alias, 1 drivers
v0x6000022fc120_0 .net "q_n", 0 0, L_0x600003be5b90;  alias, 1 drivers
v0x6000022fc1b0_0 .net "r", 0 0, L_0x600003be59d0;  alias, 1 drivers
v0x6000022fc240_0 .net "r_n", 0 0, L_0x600003be5ab0;  1 drivers
v0x6000022fc2d0_0 .net "s", 0 0, L_0x600003be5960;  alias, 1 drivers
v0x6000022fc360_0 .net "s_n", 0 0, L_0x600003be5a40;  1 drivers
S_0x7fd7a4305eb0 .scope module, "slave" "d_latch" 8 28, 5 1 0, S_0x7fd7a4305a60;
 .timescale 0 0;
    .port_info 0 /INPUT 1 "d";
    .port_info 1 /INPUT 1 "en";
    .port_info 2 /OUTPUT 1 "q";
    .port_info 3 /OUTPUT 1 "q_n";
L_0x600003be5ce0 .functor NOT 1, L_0x600003be5c00, C4<0>, C4<0>, C4<0>;
L_0x600003be5d50 .functor AND 1, L_0x600003be5c00, L_0x600003be5c70, C4<1>, C4<1>;
L_0x600003be5dc0 .functor AND 1, L_0x600003be5ce0, L_0x600003be5c70, C4<1>, C4<1>;
v0x6000022fcb40_0 .net "d", 0 0, L_0x600003be5c00;  alias, 1 drivers
v0x6000022fcbd0_0 .net "d_n", 0 0, L_0x600003be5ce0;  1 drivers
v0x6000022fcc60_0 .net "en", 0 0, L_0x600003be5c70;  alias, 1 drivers
v0x6000022fccf0_0 .net "q", 0 0, L_0x600003be5f10;  alias, 1 drivers
v0x6000022fcd80_0 .net "q_n", 0 0, L_0x600003be5f80;  alias, 1 drivers
v0x6000022fce10_0 .net "r", 0 0, L_0x600003be5dc0;  1 drivers
v0x6000022fcea0_0 .net "s", 0 0, L_0x600003be5d50;  1 drivers
S_0x7fd7a4306020 .scope module, "srlatch" "sr_latch" 5 14, 6 1 0, S_0x7fd7a4305eb0;
 .timescale 0 0;
    .port_info 0 /INPUT 1 "s";
    .port_info 1 /INPUT 1 "r";
    .port_info 2 /OUTPUT 1 "q";
    .port_info 3 /OUTPUT 1 "q_n";
L_0x600003be5e30 .functor NOT 1, L_0x600003be5d50, C4<0>, C4<0>, C4<0>;
L_0x600003be5ea0 .functor NOT 1, L_0x600003be5dc0, C4<0>, C4<0>, C4<0>;
L_0x600003be5f10 .functor NAND 1, L_0x600003be5e30, L_0x600003be5f80, C4<1>, C4<1>;
L_0x600003be5f80 .functor NAND 1, L_0x600003be5ea0, L_0x600003be5f10, C4<1>, C4<1>;
v0x6000022fc7e0_0 .net "q", 0 0, L_0x600003be5f10;  alias, 1 drivers
v0x6000022fc870_0 .net "q_n", 0 0, L_0x600003be5f80;  alias, 1 drivers
v0x6000022fc900_0 .net "r", 0 0, L_0x600003be5dc0;  alias, 1 drivers
v0x6000022fc990_0 .net "r_n", 0 0, L_0x600003be5ea0;  1 drivers
v0x6000022fca20_0 .net "s", 0 0, L_0x600003be5d50;  alias, 1 drivers
v0x6000022fcab0_0 .net "s_n", 0 0, L_0x600003be5e30;  1 drivers
S_0x7fd7a4306190 .scope module, "dffa3" "d_flipflop_async" 7 10, 8 1 0, S_0x7fd7a4304360;
 .timescale 0 0;
    .port_info 0 /INPUT 1 "d";
    .port_info 1 /INPUT 1 "clk";
    .port_info 2 /INPUT 1 "r";
    .port_info 3 /OUTPUT 1 "q";
    .port_info 4 /OUTPUT 1 "q_n";
L_0x600003be5ff0 .functor NOT 1, o0x7fd7a4032f68, C4<0>, C4<0>, C4<0>;
L_0x600003be6060 .functor NOT 1, o0x7fd7a4032f98, C4<0>, C4<0>, C4<0>;
L_0x600003be63e0 .functor AND 1, L_0x600003be6300, L_0x600003be6060, C4<1>, C4<1>;
L_0x600003be6450 .functor OR 1, o0x7fd7a4032f68, o0x7fd7a4032f98, C4<0>, C4<0>;
v0x6000022fe400_0 .net "_clk", 0 0, L_0x600003be6450;  1 drivers
v0x6000022fe490_0 .net "_q", 0 0, L_0x600003be6300;  1 drivers
v0x6000022fe520_0 .net "_q_n", 0 0, L_0x600003be6370;  1 drivers
v0x6000022fe5b0_0 .net "_q_or_reset", 0 0, L_0x600003be63e0;  1 drivers
v0x6000022fe640_0 .net "clk", 0 0, o0x7fd7a4032f68;  alias, 0 drivers
v0x6000022fe6d0_0 .net "clk_n", 0 0, L_0x600003be5ff0;  1 drivers
v0x6000022fe760_0 .net "d", 0 0, L_0x6000021ec1e0;  1 drivers
v0x6000022fe7f0_0 .net "q", 0 0, L_0x600003be66f0;  1 drivers
v0x6000022fe880_0 .net "q_n", 0 0, L_0x600003be6760;  1 drivers
v0x6000022fe910_0 .net "r", 0 0, o0x7fd7a4032f98;  alias, 0 drivers
v0x6000022fe9a0_0 .net "r_n", 0 0, L_0x600003be6060;  1 drivers
S_0x7fd7a4306300 .scope module, "master" "d_latch" 8 16, 5 1 0, S_0x7fd7a4306190;
 .timescale 0 0;
    .port_info 0 /INPUT 1 "d";
    .port_info 1 /INPUT 1 "en";
    .port_info 2 /OUTPUT 1 "q";
    .port_info 3 /OUTPUT 1 "q_n";
L_0x600003be60d0 .functor NOT 1, L_0x6000021ec1e0, C4<0>, C4<0>, C4<0>;
L_0x600003be6140 .functor AND 1, L_0x6000021ec1e0, L_0x600003be5ff0, C4<1>, C4<1>;
L_0x600003be61b0 .functor AND 1, L_0x600003be60d0, L_0x600003be5ff0, C4<1>, C4<1>;
v0x6000022fd8c0_0 .net "d", 0 0, L_0x6000021ec1e0;  alias, 1 drivers
v0x6000022fd950_0 .net "d_n", 0 0, L_0x600003be60d0;  1 drivers
v0x6000022fd9e0_0 .net "en", 0 0, L_0x600003be5ff0;  alias, 1 drivers
v0x6000022fda70_0 .net "q", 0 0, L_0x600003be6300;  alias, 1 drivers
v0x6000022fdb00_0 .net "q_n", 0 0, L_0x600003be6370;  alias, 1 drivers
v0x6000022fdb90_0 .net "r", 0 0, L_0x600003be61b0;  1 drivers
v0x6000022fdc20_0 .net "s", 0 0, L_0x600003be6140;  1 drivers
S_0x7fd7a4306470 .scope module, "srlatch" "sr_latch" 5 14, 6 1 0, S_0x7fd7a4306300;
 .timescale 0 0;
    .port_info 0 /INPUT 1 "s";
    .port_info 1 /INPUT 1 "r";
    .port_info 2 /OUTPUT 1 "q";
    .port_info 3 /OUTPUT 1 "q_n";
L_0x600003be6220 .functor NOT 1, L_0x600003be6140, C4<0>, C4<0>, C4<0>;
L_0x600003be6290 .functor NOT 1, L_0x600003be61b0, C4<0>, C4<0>, C4<0>;
L_0x600003be6300 .functor NAND 1, L_0x600003be6220, L_0x600003be6370, C4<1>, C4<1>;
L_0x600003be6370 .functor NAND 1, L_0x600003be6290, L_0x600003be6300, C4<1>, C4<1>;
v0x6000022fd560_0 .net "q", 0 0, L_0x600003be6300;  alias, 1 drivers
v0x6000022fd5f0_0 .net "q_n", 0 0, L_0x600003be6370;  alias, 1 drivers
v0x6000022fd680_0 .net "r", 0 0, L_0x600003be61b0;  alias, 1 drivers
v0x6000022fd710_0 .net "r_n", 0 0, L_0x600003be6290;  1 drivers
v0x6000022fd7a0_0 .net "s", 0 0, L_0x600003be6140;  alias, 1 drivers
v0x6000022fd830_0 .net "s_n", 0 0, L_0x600003be6220;  1 drivers
S_0x7fd7a43065e0 .scope module, "slave" "d_latch" 8 28, 5 1 0, S_0x7fd7a4306190;
 .timescale 0 0;
    .port_info 0 /INPUT 1 "d";
    .port_info 1 /INPUT 1 "en";
    .port_info 2 /OUTPUT 1 "q";
    .port_info 3 /OUTPUT 1 "q_n";
L_0x600003be64c0 .functor NOT 1, L_0x600003be63e0, C4<0>, C4<0>, C4<0>;
L_0x600003be6530 .functor AND 1, L_0x600003be63e0, L_0x600003be6450, C4<1>, C4<1>;
L_0x600003be65a0 .functor AND 1, L_0x600003be64c0, L_0x600003be6450, C4<1>, C4<1>;
v0x6000022fe010_0 .net "d", 0 0, L_0x600003be63e0;  alias, 1 drivers
v0x6000022fe0a0_0 .net "d_n", 0 0, L_0x600003be64c0;  1 drivers
v0x6000022fe130_0 .net "en", 0 0, L_0x600003be6450;  alias, 1 drivers
v0x6000022fe1c0_0 .net "q", 0 0, L_0x600003be66f0;  alias, 1 drivers
v0x6000022fe250_0 .net "q_n", 0 0, L_0x600003be6760;  alias, 1 drivers
v0x6000022fe2e0_0 .net "r", 0 0, L_0x600003be65a0;  1 drivers
v0x6000022fe370_0 .net "s", 0 0, L_0x600003be6530;  1 drivers
S_0x7fd7a4306750 .scope module, "srlatch" "sr_latch" 5 14, 6 1 0, S_0x7fd7a43065e0;
 .timescale 0 0;
    .port_info 0 /INPUT 1 "s";
    .port_info 1 /INPUT 1 "r";
    .port_info 2 /OUTPUT 1 "q";
    .port_info 3 /OUTPUT 1 "q_n";
L_0x600003be6610 .functor NOT 1, L_0x600003be6530, C4<0>, C4<0>, C4<0>;
L_0x600003be6680 .functor NOT 1, L_0x600003be65a0, C4<0>, C4<0>, C4<0>;
L_0x600003be66f0 .functor NAND 1, L_0x600003be6610, L_0x600003be6760, C4<1>, C4<1>;
L_0x600003be6760 .functor NAND 1, L_0x600003be6680, L_0x600003be66f0, C4<1>, C4<1>;
v0x6000022fdcb0_0 .net "q", 0 0, L_0x600003be66f0;  alias, 1 drivers
v0x6000022fdd40_0 .net "q_n", 0 0, L_0x600003be6760;  alias, 1 drivers
v0x6000022fddd0_0 .net "r", 0 0, L_0x600003be65a0;  alias, 1 drivers
v0x6000022fde60_0 .net "r_n", 0 0, L_0x600003be6680;  1 drivers
v0x6000022fdef0_0 .net "s", 0 0, L_0x600003be6530;  alias, 1 drivers
v0x6000022fdf80_0 .net "s_n", 0 0, L_0x600003be6610;  1 drivers
S_0x7fd7a43068c0 .scope module, "dffa4" "d_flipflop_async" 7 11, 8 1 0, S_0x7fd7a4304360;
 .timescale 0 0;
    .port_info 0 /INPUT 1 "d";
    .port_info 1 /INPUT 1 "clk";
    .port_info 2 /INPUT 1 "r";
    .port_info 3 /OUTPUT 1 "q";
    .port_info 4 /OUTPUT 1 "q_n";
L_0x600003be67d0 .functor NOT 1, o0x7fd7a4032f68, C4<0>, C4<0>, C4<0>;
L_0x600003be6840 .functor NOT 1, o0x7fd7a4032f98, C4<0>, C4<0>, C4<0>;
L_0x600003be6bc0 .functor AND 1, L_0x600003be6ae0, L_0x600003be6840, C4<1>, C4<1>;
L_0x600003be6c30 .functor OR 1, o0x7fd7a4032f68, o0x7fd7a4032f98, C4<0>, C4<0>;
v0x6000022ff8d0_0 .net "_clk", 0 0, L_0x600003be6c30;  1 drivers
v0x6000022ff960_0 .net "_q", 0 0, L_0x600003be6ae0;  1 drivers
v0x6000022ff9f0_0 .net "_q_n", 0 0, L_0x600003be6b50;  1 drivers
v0x6000022ffa80_0 .net "_q_or_reset", 0 0, L_0x600003be6bc0;  1 drivers
v0x6000022ffb10_0 .net "clk", 0 0, o0x7fd7a4032f68;  alias, 0 drivers
v0x6000022ffba0_0 .net "clk_n", 0 0, L_0x600003be67d0;  1 drivers
v0x6000022ffc30_0 .net "d", 0 0, L_0x6000021ec280;  1 drivers
v0x6000022ffcc0_0 .net "q", 0 0, L_0x600003be6ed0;  1 drivers
v0x6000022ffd50_0 .net "q_n", 0 0, L_0x600003be6f40;  1 drivers
v0x6000022ffde0_0 .net "r", 0 0, o0x7fd7a4032f98;  alias, 0 drivers
v0x6000022ffe70_0 .net "r_n", 0 0, L_0x600003be6840;  1 drivers
S_0x7fd7a4306a30 .scope module, "master" "d_latch" 8 16, 5 1 0, S_0x7fd7a43068c0;
 .timescale 0 0;
    .port_info 0 /INPUT 1 "d";
    .port_info 1 /INPUT 1 "en";
    .port_info 2 /OUTPUT 1 "q";
    .port_info 3 /OUTPUT 1 "q_n";
L_0x600003be68b0 .functor NOT 1, L_0x6000021ec280, C4<0>, C4<0>, C4<0>;
L_0x600003be6920 .functor AND 1, L_0x6000021ec280, L_0x600003be67d0, C4<1>, C4<1>;
L_0x600003be6990 .functor AND 1, L_0x600003be68b0, L_0x600003be67d0, C4<1>, C4<1>;
v0x6000022fed90_0 .net "d", 0 0, L_0x6000021ec280;  alias, 1 drivers
v0x6000022fee20_0 .net "d_n", 0 0, L_0x600003be68b0;  1 drivers
v0x6000022feeb0_0 .net "en", 0 0, L_0x600003be67d0;  alias, 1 drivers
v0x6000022fef40_0 .net "q", 0 0, L_0x600003be6ae0;  alias, 1 drivers
v0x6000022fefd0_0 .net "q_n", 0 0, L_0x600003be6b50;  alias, 1 drivers
v0x6000022ff060_0 .net "r", 0 0, L_0x600003be6990;  1 drivers
v0x6000022ff0f0_0 .net "s", 0 0, L_0x600003be6920;  1 drivers
S_0x7fd7a4306ba0 .scope module, "srlatch" "sr_latch" 5 14, 6 1 0, S_0x7fd7a4306a30;
 .timescale 0 0;
    .port_info 0 /INPUT 1 "s";
    .port_info 1 /INPUT 1 "r";
    .port_info 2 /OUTPUT 1 "q";
    .port_info 3 /OUTPUT 1 "q_n";
L_0x600003be6a00 .functor NOT 1, L_0x600003be6920, C4<0>, C4<0>, C4<0>;
L_0x600003be6a70 .functor NOT 1, L_0x600003be6990, C4<0>, C4<0>, C4<0>;
L_0x600003be6ae0 .functor NAND 1, L_0x600003be6a00, L_0x600003be6b50, C4<1>, C4<1>;
L_0x600003be6b50 .functor NAND 1, L_0x600003be6a70, L_0x600003be6ae0, C4<1>, C4<1>;
v0x6000022fea30_0 .net "q", 0 0, L_0x600003be6ae0;  alias, 1 drivers
v0x6000022feac0_0 .net "q_n", 0 0, L_0x600003be6b50;  alias, 1 drivers
v0x6000022feb50_0 .net "r", 0 0, L_0x600003be6990;  alias, 1 drivers
v0x6000022febe0_0 .net "r_n", 0 0, L_0x600003be6a70;  1 drivers
v0x6000022fec70_0 .net "s", 0 0, L_0x600003be6920;  alias, 1 drivers
v0x6000022fed00_0 .net "s_n", 0 0, L_0x600003be6a00;  1 drivers
S_0x7fd7a4306d10 .scope module, "slave" "d_latch" 8 28, 5 1 0, S_0x7fd7a43068c0;
 .timescale 0 0;
    .port_info 0 /INPUT 1 "d";
    .port_info 1 /INPUT 1 "en";
    .port_info 2 /OUTPUT 1 "q";
    .port_info 3 /OUTPUT 1 "q_n";
L_0x600003be6ca0 .functor NOT 1, L_0x600003be6bc0, C4<0>, C4<0>, C4<0>;
L_0x600003be6d10 .functor AND 1, L_0x600003be6bc0, L_0x600003be6c30, C4<1>, C4<1>;
L_0x600003be6d80 .functor AND 1, L_0x600003be6ca0, L_0x600003be6c30, C4<1>, C4<1>;
v0x6000022ff4e0_0 .net "d", 0 0, L_0x600003be6bc0;  alias, 1 drivers
v0x6000022ff570_0 .net "d_n", 0 0, L_0x600003be6ca0;  1 drivers
v0x6000022ff600_0 .net "en", 0 0, L_0x600003be6c30;  alias, 1 drivers
v0x6000022ff690_0 .net "q", 0 0, L_0x600003be6ed0;  alias, 1 drivers
v0x6000022ff720_0 .net "q_n", 0 0, L_0x600003be6f40;  alias, 1 drivers
v0x6000022ff7b0_0 .net "r", 0 0, L_0x600003be6d80;  1 drivers
v0x6000022ff840_0 .net "s", 0 0, L_0x600003be6d10;  1 drivers
S_0x7fd7a4306e80 .scope module, "srlatch" "sr_latch" 5 14, 6 1 0, S_0x7fd7a4306d10;
 .timescale 0 0;
    .port_info 0 /INPUT 1 "s";
    .port_info 1 /INPUT 1 "r";
    .port_info 2 /OUTPUT 1 "q";
    .port_info 3 /OUTPUT 1 "q_n";
L_0x600003be6df0 .functor NOT 1, L_0x600003be6d10, C4<0>, C4<0>, C4<0>;
L_0x600003be6e60 .functor NOT 1, L_0x600003be6d80, C4<0>, C4<0>, C4<0>;
L_0x600003be6ed0 .functor NAND 1, L_0x600003be6df0, L_0x600003be6f40, C4<1>, C4<1>;
L_0x600003be6f40 .functor NAND 1, L_0x600003be6e60, L_0x600003be6ed0, C4<1>, C4<1>;
v0x6000022ff180_0 .net "q", 0 0, L_0x600003be6ed0;  alias, 1 drivers
v0x6000022ff210_0 .net "q_n", 0 0, L_0x600003be6f40;  alias, 1 drivers
v0x6000022ff2a0_0 .net "r", 0 0, L_0x600003be6d80;  alias, 1 drivers
v0x6000022ff330_0 .net "r_n", 0 0, L_0x600003be6e60;  1 drivers
v0x6000022ff3c0_0 .net "s", 0 0, L_0x600003be6d10;  alias, 1 drivers
v0x6000022ff450_0 .net "s_n", 0 0, L_0x600003be6df0;  1 drivers
S_0x7fd7a4306ff0 .scope module, "dffa5" "d_flipflop_async" 7 12, 8 1 0, S_0x7fd7a4304360;
 .timescale 0 0;
    .port_info 0 /INPUT 1 "d";
    .port_info 1 /INPUT 1 "clk";
    .port_info 2 /INPUT 1 "r";
    .port_info 3 /OUTPUT 1 "q";
    .port_info 4 /OUTPUT 1 "q_n";
L_0x600003be6fb0 .functor NOT 1, o0x7fd7a4032f68, C4<0>, C4<0>, C4<0>;
L_0x600003be7020 .functor NOT 1, o0x7fd7a4032f98, C4<0>, C4<0>, C4<0>;
L_0x600003be73a0 .functor AND 1, L_0x600003be72c0, L_0x600003be7020, C4<1>, C4<1>;
L_0x600003be7410 .functor OR 1, o0x7fd7a4032f68, o0x7fd7a4032f98, C4<0>, C4<0>;
v0x6000022f8e10_0 .net "_clk", 0 0, L_0x600003be7410;  1 drivers
v0x6000022f8ea0_0 .net "_q", 0 0, L_0x600003be72c0;  1 drivers
v0x6000022f8f30_0 .net "_q_n", 0 0, L_0x600003be7330;  1 drivers
v0x6000022f8fc0_0 .net "_q_or_reset", 0 0, L_0x600003be73a0;  1 drivers
v0x6000022f9050_0 .net "clk", 0 0, o0x7fd7a4032f68;  alias, 0 drivers
v0x6000022f90e0_0 .net "clk_n", 0 0, L_0x600003be6fb0;  1 drivers
v0x6000022f9170_0 .net "d", 0 0, L_0x6000021ec320;  1 drivers
v0x6000022f9200_0 .net "q", 0 0, L_0x600003be76b0;  1 drivers
v0x6000022f9290_0 .net "q_n", 0 0, L_0x600003be7720;  1 drivers
v0x6000022f9320_0 .net "r", 0 0, o0x7fd7a4032f98;  alias, 0 drivers
v0x6000022f93b0_0 .net "r_n", 0 0, L_0x600003be7020;  1 drivers
S_0x7fd7a4307160 .scope module, "master" "d_latch" 8 16, 5 1 0, S_0x7fd7a4306ff0;
 .timescale 0 0;
    .port_info 0 /INPUT 1 "d";
    .port_info 1 /INPUT 1 "en";
    .port_info 2 /OUTPUT 1 "q";
    .port_info 3 /OUTPUT 1 "q_n";
L_0x600003be7090 .functor NOT 1, L_0x6000021ec320, C4<0>, C4<0>, C4<0>;
L_0x600003be7100 .functor AND 1, L_0x6000021ec320, L_0x600003be6fb0, C4<1>, C4<1>;
L_0x600003be7170 .functor AND 1, L_0x600003be7090, L_0x600003be6fb0, C4<1>, C4<1>;
v0x6000022f82d0_0 .net "d", 0 0, L_0x6000021ec320;  alias, 1 drivers
v0x6000022f8360_0 .net "d_n", 0 0, L_0x600003be7090;  1 drivers
v0x6000022f83f0_0 .net "en", 0 0, L_0x600003be6fb0;  alias, 1 drivers
v0x6000022f8480_0 .net "q", 0 0, L_0x600003be72c0;  alias, 1 drivers
v0x6000022f8510_0 .net "q_n", 0 0, L_0x600003be7330;  alias, 1 drivers
v0x6000022f85a0_0 .net "r", 0 0, L_0x600003be7170;  1 drivers
v0x6000022f8630_0 .net "s", 0 0, L_0x600003be7100;  1 drivers
S_0x7fd7a43072d0 .scope module, "srlatch" "sr_latch" 5 14, 6 1 0, S_0x7fd7a4307160;
 .timescale 0 0;
    .port_info 0 /INPUT 1 "s";
    .port_info 1 /INPUT 1 "r";
    .port_info 2 /OUTPUT 1 "q";
    .port_info 3 /OUTPUT 1 "q_n";
L_0x600003be71e0 .functor NOT 1, L_0x600003be7100, C4<0>, C4<0>, C4<0>;
L_0x600003be7250 .functor NOT 1, L_0x600003be7170, C4<0>, C4<0>, C4<0>;
L_0x600003be72c0 .functor NAND 1, L_0x600003be71e0, L_0x600003be7330, C4<1>, C4<1>;
L_0x600003be7330 .functor NAND 1, L_0x600003be7250, L_0x600003be72c0, C4<1>, C4<1>;
v0x6000022fff00_0 .net "q", 0 0, L_0x600003be72c0;  alias, 1 drivers
v0x6000022f8000_0 .net "q_n", 0 0, L_0x600003be7330;  alias, 1 drivers
v0x6000022f8090_0 .net "r", 0 0, L_0x600003be7170;  alias, 1 drivers
v0x6000022f8120_0 .net "r_n", 0 0, L_0x600003be7250;  1 drivers
v0x6000022f81b0_0 .net "s", 0 0, L_0x600003be7100;  alias, 1 drivers
v0x6000022f8240_0 .net "s_n", 0 0, L_0x600003be71e0;  1 drivers
S_0x7fd7a4307440 .scope module, "slave" "d_latch" 8 28, 5 1 0, S_0x7fd7a4306ff0;
 .timescale 0 0;
    .port_info 0 /INPUT 1 "d";
    .port_info 1 /INPUT 1 "en";
    .port_info 2 /OUTPUT 1 "q";
    .port_info 3 /OUTPUT 1 "q_n";
L_0x600003be7480 .functor NOT 1, L_0x600003be73a0, C4<0>, C4<0>, C4<0>;
L_0x600003be74f0 .functor AND 1, L_0x600003be73a0, L_0x600003be7410, C4<1>, C4<1>;
L_0x600003be7560 .functor AND 1, L_0x600003be7480, L_0x600003be7410, C4<1>, C4<1>;
v0x6000022f8a20_0 .net "d", 0 0, L_0x600003be73a0;  alias, 1 drivers
v0x6000022f8ab0_0 .net "d_n", 0 0, L_0x600003be7480;  1 drivers
v0x6000022f8b40_0 .net "en", 0 0, L_0x600003be7410;  alias, 1 drivers
v0x6000022f8bd0_0 .net "q", 0 0, L_0x600003be76b0;  alias, 1 drivers
v0x6000022f8c60_0 .net "q_n", 0 0, L_0x600003be7720;  alias, 1 drivers
v0x6000022f8cf0_0 .net "r", 0 0, L_0x600003be7560;  1 drivers
v0x6000022f8d80_0 .net "s", 0 0, L_0x600003be74f0;  1 drivers
S_0x7fd7a43075b0 .scope module, "srlatch" "sr_latch" 5 14, 6 1 0, S_0x7fd7a4307440;
 .timescale 0 0;
    .port_info 0 /INPUT 1 "s";
    .port_info 1 /INPUT 1 "r";
    .port_info 2 /OUTPUT 1 "q";
    .port_info 3 /OUTPUT 1 "q_n";
L_0x600003be75d0 .functor NOT 1, L_0x600003be74f0, C4<0>, C4<0>, C4<0>;
L_0x600003be7640 .functor NOT 1, L_0x600003be7560, C4<0>, C4<0>, C4<0>;
L_0x600003be76b0 .functor NAND 1, L_0x600003be75d0, L_0x600003be7720, C4<1>, C4<1>;
L_0x600003be7720 .functor NAND 1, L_0x600003be7640, L_0x600003be76b0, C4<1>, C4<1>;
v0x6000022f86c0_0 .net "q", 0 0, L_0x600003be76b0;  alias, 1 drivers
v0x6000022f8750_0 .net "q_n", 0 0, L_0x600003be7720;  alias, 1 drivers
v0x6000022f87e0_0 .net "r", 0 0, L_0x600003be7560;  alias, 1 drivers
v0x6000022f8870_0 .net "r_n", 0 0, L_0x600003be7640;  1 drivers
v0x6000022f8900_0 .net "s", 0 0, L_0x600003be74f0;  alias, 1 drivers
v0x6000022f8990_0 .net "s_n", 0 0, L_0x600003be75d0;  1 drivers
S_0x7fd7a4307720 .scope module, "dffa6" "d_flipflop_async" 7 13, 8 1 0, S_0x7fd7a4304360;
 .timescale 0 0;
    .port_info 0 /INPUT 1 "d";
    .port_info 1 /INPUT 1 "clk";
    .port_info 2 /INPUT 1 "r";
    .port_info 3 /OUTPUT 1 "q";
    .port_info 4 /OUTPUT 1 "q_n";
L_0x600003be7790 .functor NOT 1, o0x7fd7a4032f68, C4<0>, C4<0>, C4<0>;
L_0x600003be7800 .functor NOT 1, o0x7fd7a4032f98, C4<0>, C4<0>, C4<0>;
L_0x600003be7b80 .functor AND 1, L_0x600003be7aa0, L_0x600003be7800, C4<1>, C4<1>;
L_0x600003be7bf0 .functor OR 1, o0x7fd7a4032f68, o0x7fd7a4032f98, C4<0>, C4<0>;
v0x6000022fa2e0_0 .net "_clk", 0 0, L_0x600003be7bf0;  1 drivers
v0x6000022fa370_0 .net "_q", 0 0, L_0x600003be7aa0;  1 drivers
v0x6000022fa400_0 .net "_q_n", 0 0, L_0x600003be7b10;  1 drivers
v0x6000022fa490_0 .net "_q_or_reset", 0 0, L_0x600003be7b80;  1 drivers
v0x6000022fa520_0 .net "clk", 0 0, o0x7fd7a4032f68;  alias, 0 drivers
v0x6000022fa5b0_0 .net "clk_n", 0 0, L_0x600003be7790;  1 drivers
v0x6000022fa640_0 .net "d", 0 0, L_0x6000021ec3c0;  1 drivers
v0x6000022fa6d0_0 .net "q", 0 0, L_0x600003be7e90;  1 drivers
v0x6000022fa760_0 .net "q_n", 0 0, L_0x600003be7f00;  1 drivers
v0x6000022fa7f0_0 .net "r", 0 0, o0x7fd7a4032f98;  alias, 0 drivers
v0x6000022fa880_0 .net "r_n", 0 0, L_0x600003be7800;  1 drivers
S_0x7fd7a4307890 .scope module, "master" "d_latch" 8 16, 5 1 0, S_0x7fd7a4307720;
 .timescale 0 0;
    .port_info 0 /INPUT 1 "d";
    .port_info 1 /INPUT 1 "en";
    .port_info 2 /OUTPUT 1 "q";
    .port_info 3 /OUTPUT 1 "q_n";
L_0x600003be7870 .functor NOT 1, L_0x6000021ec3c0, C4<0>, C4<0>, C4<0>;
L_0x600003be78e0 .functor AND 1, L_0x6000021ec3c0, L_0x600003be7790, C4<1>, C4<1>;
L_0x600003be7950 .functor AND 1, L_0x600003be7870, L_0x600003be7790, C4<1>, C4<1>;
v0x6000022f97a0_0 .net "d", 0 0, L_0x6000021ec3c0;  alias, 1 drivers
v0x6000022f9830_0 .net "d_n", 0 0, L_0x600003be7870;  1 drivers
v0x6000022f98c0_0 .net "en", 0 0, L_0x600003be7790;  alias, 1 drivers
v0x6000022f9950_0 .net "q", 0 0, L_0x600003be7aa0;  alias, 1 drivers
v0x6000022f99e0_0 .net "q_n", 0 0, L_0x600003be7b10;  alias, 1 drivers
v0x6000022f9a70_0 .net "r", 0 0, L_0x600003be7950;  1 drivers
v0x6000022f9b00_0 .net "s", 0 0, L_0x600003be78e0;  1 drivers
S_0x7fd7a4307a00 .scope module, "srlatch" "sr_latch" 5 14, 6 1 0, S_0x7fd7a4307890;
 .timescale 0 0;
    .port_info 0 /INPUT 1 "s";
    .port_info 1 /INPUT 1 "r";
    .port_info 2 /OUTPUT 1 "q";
    .port_info 3 /OUTPUT 1 "q_n";
L_0x600003be79c0 .functor NOT 1, L_0x600003be78e0, C4<0>, C4<0>, C4<0>;
L_0x600003be7a30 .functor NOT 1, L_0x600003be7950, C4<0>, C4<0>, C4<0>;
L_0x600003be7aa0 .functor NAND 1, L_0x600003be79c0, L_0x600003be7b10, C4<1>, C4<1>;
L_0x600003be7b10 .functor NAND 1, L_0x600003be7a30, L_0x600003be7aa0, C4<1>, C4<1>;
v0x6000022f9440_0 .net "q", 0 0, L_0x600003be7aa0;  alias, 1 drivers
v0x6000022f94d0_0 .net "q_n", 0 0, L_0x600003be7b10;  alias, 1 drivers
v0x6000022f9560_0 .net "r", 0 0, L_0x600003be7950;  alias, 1 drivers
v0x6000022f95f0_0 .net "r_n", 0 0, L_0x600003be7a30;  1 drivers
v0x6000022f9680_0 .net "s", 0 0, L_0x600003be78e0;  alias, 1 drivers
v0x6000022f9710_0 .net "s_n", 0 0, L_0x600003be79c0;  1 drivers
S_0x7fd7a4307b70 .scope module, "slave" "d_latch" 8 28, 5 1 0, S_0x7fd7a4307720;
 .timescale 0 0;
    .port_info 0 /INPUT 1 "d";
    .port_info 1 /INPUT 1 "en";
    .port_info 2 /OUTPUT 1 "q";
    .port_info 3 /OUTPUT 1 "q_n";
L_0x600003be7c60 .functor NOT 1, L_0x600003be7b80, C4<0>, C4<0>, C4<0>;
L_0x600003be7cd0 .functor AND 1, L_0x600003be7b80, L_0x600003be7bf0, C4<1>, C4<1>;
L_0x600003be7d40 .functor AND 1, L_0x600003be7c60, L_0x600003be7bf0, C4<1>, C4<1>;
v0x6000022f9ef0_0 .net "d", 0 0, L_0x600003be7b80;  alias, 1 drivers
v0x6000022f9f80_0 .net "d_n", 0 0, L_0x600003be7c60;  1 drivers
v0x6000022fa010_0 .net "en", 0 0, L_0x600003be7bf0;  alias, 1 drivers
v0x6000022fa0a0_0 .net "q", 0 0, L_0x600003be7e90;  alias, 1 drivers
v0x6000022fa130_0 .net "q_n", 0 0, L_0x600003be7f00;  alias, 1 drivers
v0x6000022fa1c0_0 .net "r", 0 0, L_0x600003be7d40;  1 drivers
v0x6000022fa250_0 .net "s", 0 0, L_0x600003be7cd0;  1 drivers
S_0x7fd7a4307ce0 .scope module, "srlatch" "sr_latch" 5 14, 6 1 0, S_0x7fd7a4307b70;
 .timescale 0 0;
    .port_info 0 /INPUT 1 "s";
    .port_info 1 /INPUT 1 "r";
    .port_info 2 /OUTPUT 1 "q";
    .port_info 3 /OUTPUT 1 "q_n";
L_0x600003be7db0 .functor NOT 1, L_0x600003be7cd0, C4<0>, C4<0>, C4<0>;
L_0x600003be7e20 .functor NOT 1, L_0x600003be7d40, C4<0>, C4<0>, C4<0>;
L_0x600003be7e90 .functor NAND 1, L_0x600003be7db0, L_0x600003be7f00, C4<1>, C4<1>;
L_0x600003be7f00 .functor NAND 1, L_0x600003be7e20, L_0x600003be7e90, C4<1>, C4<1>;
v0x6000022f9b90_0 .net "q", 0 0, L_0x600003be7e90;  alias, 1 drivers
v0x6000022f9c20_0 .net "q_n", 0 0, L_0x600003be7f00;  alias, 1 drivers
v0x6000022f9cb0_0 .net "r", 0 0, L_0x600003be7d40;  alias, 1 drivers
v0x6000022f9d40_0 .net "r_n", 0 0, L_0x600003be7e20;  1 drivers
v0x6000022f9dd0_0 .net "s", 0 0, L_0x600003be7cd0;  alias, 1 drivers
v0x6000022f9e60_0 .net "s_n", 0 0, L_0x600003be7db0;  1 drivers
S_0x7fd7a4307e50 .scope module, "dffa7" "d_flipflop_async" 7 14, 8 1 0, S_0x7fd7a4304360;
 .timescale 0 0;
    .port_info 0 /INPUT 1 "d";
    .port_info 1 /INPUT 1 "clk";
    .port_info 2 /INPUT 1 "r";
    .port_info 3 /OUTPUT 1 "q";
    .port_info 4 /OUTPUT 1 "q_n";
L_0x600003be7f70 .functor NOT 1, o0x7fd7a4032f68, C4<0>, C4<0>, C4<0>;
L_0x600003be0000 .functor NOT 1, o0x7fd7a4032f98, C4<0>, C4<0>, C4<0>;
L_0x600003be0380 .functor AND 1, L_0x600003be02a0, L_0x600003be0000, C4<1>, C4<1>;
L_0x600003be03f0 .functor OR 1, o0x7fd7a4032f68, o0x7fd7a4032f98, C4<0>, C4<0>;
v0x6000022fb7b0_0 .net "_clk", 0 0, L_0x600003be03f0;  1 drivers
v0x6000022fb840_0 .net "_q", 0 0, L_0x600003be02a0;  1 drivers
v0x6000022fb8d0_0 .net "_q_n", 0 0, L_0x600003be0310;  1 drivers
v0x6000022fb960_0 .net "_q_or_reset", 0 0, L_0x600003be0380;  1 drivers
v0x6000022fb9f0_0 .net "clk", 0 0, o0x7fd7a4032f68;  alias, 0 drivers
v0x6000022fba80_0 .net "clk_n", 0 0, L_0x600003be7f70;  1 drivers
v0x6000022fbb10_0 .net "d", 0 0, L_0x6000021ec460;  1 drivers
v0x6000022fbba0_0 .net "q", 0 0, L_0x600003be0690;  1 drivers
v0x6000022fbc30_0 .net "q_n", 0 0, L_0x600003be0700;  1 drivers
v0x6000022fbcc0_0 .net "r", 0 0, o0x7fd7a4032f98;  alias, 0 drivers
v0x6000022fbd50_0 .net "r_n", 0 0, L_0x600003be0000;  1 drivers
S_0x7fd7a4307fc0 .scope module, "master" "d_latch" 8 16, 5 1 0, S_0x7fd7a4307e50;
 .timescale 0 0;
    .port_info 0 /INPUT 1 "d";
    .port_info 1 /INPUT 1 "en";
    .port_info 2 /OUTPUT 1 "q";
    .port_info 3 /OUTPUT 1 "q_n";
L_0x600003be0070 .functor NOT 1, L_0x6000021ec460, C4<0>, C4<0>, C4<0>;
L_0x600003be00e0 .functor AND 1, L_0x6000021ec460, L_0x600003be7f70, C4<1>, C4<1>;
L_0x600003be0150 .functor AND 1, L_0x600003be0070, L_0x600003be7f70, C4<1>, C4<1>;
v0x6000022fac70_0 .net "d", 0 0, L_0x6000021ec460;  alias, 1 drivers
v0x6000022fad00_0 .net "d_n", 0 0, L_0x600003be0070;  1 drivers
v0x6000022fad90_0 .net "en", 0 0, L_0x600003be7f70;  alias, 1 drivers
v0x6000022fae20_0 .net "q", 0 0, L_0x600003be02a0;  alias, 1 drivers
v0x6000022faeb0_0 .net "q_n", 0 0, L_0x600003be0310;  alias, 1 drivers
v0x6000022faf40_0 .net "r", 0 0, L_0x600003be0150;  1 drivers
v0x6000022fafd0_0 .net "s", 0 0, L_0x600003be00e0;  1 drivers
S_0x7fd7a4308130 .scope module, "srlatch" "sr_latch" 5 14, 6 1 0, S_0x7fd7a4307fc0;
 .timescale 0 0;
    .port_info 0 /INPUT 1 "s";
    .port_info 1 /INPUT 1 "r";
    .port_info 2 /OUTPUT 1 "q";
    .port_info 3 /OUTPUT 1 "q_n";
L_0x600003be01c0 .functor NOT 1, L_0x600003be00e0, C4<0>, C4<0>, C4<0>;
L_0x600003be0230 .functor NOT 1, L_0x600003be0150, C4<0>, C4<0>, C4<0>;
L_0x600003be02a0 .functor NAND 1, L_0x600003be01c0, L_0x600003be0310, C4<1>, C4<1>;
L_0x600003be0310 .functor NAND 1, L_0x600003be0230, L_0x600003be02a0, C4<1>, C4<1>;
v0x6000022fa910_0 .net "q", 0 0, L_0x600003be02a0;  alias, 1 drivers
v0x6000022fa9a0_0 .net "q_n", 0 0, L_0x600003be0310;  alias, 1 drivers
v0x6000022faa30_0 .net "r", 0 0, L_0x600003be0150;  alias, 1 drivers
v0x6000022faac0_0 .net "r_n", 0 0, L_0x600003be0230;  1 drivers
v0x6000022fab50_0 .net "s", 0 0, L_0x600003be00e0;  alias, 1 drivers
v0x6000022fabe0_0 .net "s_n", 0 0, L_0x600003be01c0;  1 drivers
S_0x7fd7a43082a0 .scope module, "slave" "d_latch" 8 28, 5 1 0, S_0x7fd7a4307e50;
 .timescale 0 0;
    .port_info 0 /INPUT 1 "d";
    .port_info 1 /INPUT 1 "en";
    .port_info 2 /OUTPUT 1 "q";
    .port_info 3 /OUTPUT 1 "q_n";
L_0x600003be0460 .functor NOT 1, L_0x600003be0380, C4<0>, C4<0>, C4<0>;
L_0x600003be04d0 .functor AND 1, L_0x600003be0380, L_0x600003be03f0, C4<1>, C4<1>;
L_0x600003be0540 .functor AND 1, L_0x600003be0460, L_0x600003be03f0, C4<1>, C4<1>;
v0x6000022fb3c0_0 .net "d", 0 0, L_0x600003be0380;  alias, 1 drivers
v0x6000022fb450_0 .net "d_n", 0 0, L_0x600003be0460;  1 drivers
v0x6000022fb4e0_0 .net "en", 0 0, L_0x600003be03f0;  alias, 1 drivers
v0x6000022fb570_0 .net "q", 0 0, L_0x600003be0690;  alias, 1 drivers
v0x6000022fb600_0 .net "q_n", 0 0, L_0x600003be0700;  alias, 1 drivers
v0x6000022fb690_0 .net "r", 0 0, L_0x600003be0540;  1 drivers
v0x6000022fb720_0 .net "s", 0 0, L_0x600003be04d0;  1 drivers
S_0x7fd7a4308410 .scope module, "srlatch" "sr_latch" 5 14, 6 1 0, S_0x7fd7a43082a0;
 .timescale 0 0;
    .port_info 0 /INPUT 1 "s";
    .port_info 1 /INPUT 1 "r";
    .port_info 2 /OUTPUT 1 "q";
    .port_info 3 /OUTPUT 1 "q_n";
L_0x600003be05b0 .functor NOT 1, L_0x600003be04d0, C4<0>, C4<0>, C4<0>;
L_0x600003be0620 .functor NOT 1, L_0x600003be0540, C4<0>, C4<0>, C4<0>;
L_0x600003be0690 .functor NAND 1, L_0x600003be05b0, L_0x600003be0700, C4<1>, C4<1>;
L_0x600003be0700 .functor NAND 1, L_0x600003be0620, L_0x600003be0690, C4<1>, C4<1>;
v0x6000022fb060_0 .net "q", 0 0, L_0x600003be0690;  alias, 1 drivers
v0x6000022fb0f0_0 .net "q_n", 0 0, L_0x600003be0700;  alias, 1 drivers
v0x6000022fb180_0 .net "r", 0 0, L_0x600003be0540;  alias, 1 drivers
v0x6000022fb210_0 .net "r_n", 0 0, L_0x600003be0620;  1 drivers
v0x6000022fb2a0_0 .net "s", 0 0, L_0x600003be04d0;  alias, 1 drivers
v0x6000022fb330_0 .net "s_n", 0 0, L_0x600003be05b0;  1 drivers
    .scope S_0x7fd7a43041f0;
T_0 ;
    %delay 5, 0;
    %load/vec4 v0x6000022e1440_0;
    %inv;
    %store/vec4 v0x6000022e1440_0, 0, 1;
    %jmp T_0;
    .thread T_0;
    .scope S_0x7fd7a43041f0;
T_1 ;
    %vpi_call 3 15 "$dumpfile", "sim/d_flipflop.vcd" {0 0 0};
    %vpi_call 3 16 "$dumpvars", 32'sb00000000000000000000000000000000, S_0x7fd7a43041f0 {0 0 0};
    %pushi/vec4 0, 0, 1;
    %store/vec4 v0x6000022e1440_0, 0, 1;
    %pushi/vec4 0, 0, 1;
    %assign/vec4 v0x6000022e14d0_0, 0;
    %delay 5, 0;
    %vpi_call 3 20 "$display", "[%0t] d=%b clk=%b -> q=%b (expected 0) q_n=%b", $time, v0x6000022e14d0_0, v0x6000022e1440_0, v0x6000022e1560_0, v0x6000022e15f0_0 {0 0 0};
    %pushi/vec4 1, 0, 1;
    %assign/vec4 v0x6000022e14d0_0, 0;
    %delay 10, 0;
    %vpi_call 3 23 "$display", "[%0t] d=%b clk=%b -> q=%b (expected 1) q_n=%b", $time, v0x6000022e14d0_0, v0x6000022e1440_0, v0x6000022e1560_0, v0x6000022e15f0_0 {0 0 0};
    %pushi/vec4 0, 0, 1;
    %assign/vec4 v0x6000022e14d0_0, 0;
    %delay 5, 0;
    %vpi_call 3 26 "$display", "[%0t] d=%b clk=%b -> q=%b (expected 0) q_n=%b", $time, v0x6000022e14d0_0, v0x6000022e1440_0, v0x6000022e1560_0, v0x6000022e15f0_0 {0 0 0};
    %pushi/vec4 1, 0, 1;
    %assign/vec4 v0x6000022e14d0_0, 0;
    %delay 12, 0;
    %vpi_call 3 29 "$display", "[%0t] d=%b clk=%b -> q=%b (expected 0) q_n=%b", $time, v0x6000022e14d0_0, v0x6000022e1440_0, v0x6000022e1560_0, v0x6000022e15f0_0 {0 0 0};
    %pushi/vec4 0, 0, 1;
    %assign/vec4 v0x6000022e14d0_0, 0;
    %delay 3, 0;
    %vpi_call 3 32 "$display", "[%0t] d=%b clk=%b -> q=%b (expected 1) q_n=%b", $time, v0x6000022e14d0_0, v0x6000022e1440_0, v0x6000022e1560_0, v0x6000022e15f0_0 {0 0 0};
    %pushi/vec4 1, 0, 1;
    %assign/vec4 v0x6000022e14d0_0, 0;
    %delay 17, 0;
    %vpi_call 3 35 "$display", "[%0t] d=%b clk=%b -> q=%b (expected 1) q_n=%b", $time, v0x6000022e14d0_0, v0x6000022e1440_0, v0x6000022e1560_0, v0x6000022e15f0_0 {0 0 0};
    %pushi/vec4 0, 0, 1;
    %assign/vec4 v0x6000022e14d0_0, 0;
    %delay 10, 0;
    %vpi_call 3 38 "$display", "[%0t] d=%b clk=%b -> q=%b (expected 1) q_n=%b", $time, v0x6000022e14d0_0, v0x6000022e1440_0, v0x6000022e1560_0, v0x6000022e15f0_0 {0 0 0};
    %pushi/vec4 1, 0, 1;
    %assign/vec4 v0x6000022e14d0_0, 0;
    %delay 3, 0;
    %vpi_call 3 41 "$display", "[%0t] d=%b clk=%b -> q=%b (expected 0) q_n=%b", $time, v0x6000022e14d0_0, v0x6000022e1440_0, v0x6000022e1560_0, v0x6000022e15f0_0 {0 0 0};
    %vpi_call 3 43 "$finish" {0 0 0};
    %end;
    .thread T_1;
# The file index is used to find the file name in the following table.
:file_names 9;
    "N/A";
    "<interactive>";
    "rtl/common/c4s1_mux.v";
    "tb/memory/d_flipflop.v";
    "rtl/memory/d_flipflop.v";
    "rtl/memory/d_latch.v";
    "rtl/memory/sr_latch.v";
    "rtl/memory/reg_8b.v";
    "rtl/memory/d_flipflop_async.v";
