#! /usr/local/Cellar/icarus-verilog/12.0/bin/vvp
:ivl_version "12.0 (stable)";
:ivl_delay_selection "TYPICAL";
:vpi_time_precision + 0;
:vpi_module "/usr/local/Cellar/icarus-verilog/12.0/lib/ivl/system.vpi";
:vpi_module "/usr/local/Cellar/icarus-verilog/12.0/lib/ivl/vhdl_sys.vpi";
:vpi_module "/usr/local/Cellar/icarus-verilog/12.0/lib/ivl/vhdl_textio.vpi";
:vpi_module "/usr/local/Cellar/icarus-verilog/12.0/lib/ivl/v2005_math.vpi";
:vpi_module "/usr/local/Cellar/icarus-verilog/12.0/lib/ivl/va_math.vpi";
S_0x7f9758a04290 .scope module, "c4s1_mux" "c4s1_mux" 2 1;
 .timescale 0 0;
    .port_info 0 /INPUT 1 "in1";
    .port_info 1 /INPUT 1 "in2";
    .port_info 2 /INPUT 1 "s";
    .port_info 3 /OUTPUT 1 "out";
o0x7f9758832098 .functor BUFZ 1, C4<z>; HiZ drive
L_0x600000ce8000 .functor NOT 1, o0x7f9758832098, C4<0>, C4<0>, C4<0>;
o0x7f9758832008 .functor BUFZ 1, C4<z>; HiZ drive
L_0x600000ce8070 .functor AND 1, L_0x600000ce8000, o0x7f9758832008, C4<1>, C4<1>;
o0x7f9758832038 .functor BUFZ 1, C4<z>; HiZ drive
L_0x600000ce80e0 .functor AND 1, o0x7f9758832098, o0x7f9758832038, C4<1>, C4<1>;
L_0x600000ce8150 .functor OR 1, L_0x600000ce8070, L_0x600000ce80e0, C4<0>, C4<0>;
v0x6000015e74e0_0 .net "in1", 0 0, o0x7f9758832008;  0 drivers
v0x6000015e69a0_0 .net "in2", 0 0, o0x7f9758832038;  0 drivers
v0x6000015e5e60_0 .net "out", 0 0, L_0x600000ce8150;  1 drivers
v0x6000015ec000_0 .net "s", 0 0, o0x7f9758832098;  0 drivers
v0x6000015ec090_0 .net "s_not", 0 0, L_0x600000ce8000;  1 drivers
v0x6000015ec120_0 .net "term1", 0 0, L_0x600000ce8070;  1 drivers
v0x6000015ec1b0_0 .net "term2", 0 0, L_0x600000ce80e0;  1 drivers
S_0x7f9758a04400 .scope module, "d_ff_master_slave_behavioral" "d_ff_master_slave_behavioral" 3 1;
 .timescale 0 0;
    .port_info 0 /INPUT 1 "d";
    .port_info 1 /INPUT 1 "clk";
    .port_info 2 /OUTPUT 1 "q";
o0x7f9758832218 .functor BUFZ 1, C4<z>; HiZ drive
v0x6000015ec240_0 .net "clk", 0 0, o0x7f9758832218;  0 drivers
o0x7f9758832248 .functor BUFZ 1, C4<z>; HiZ drive
v0x6000015ec2d0_0 .net "d", 0 0, o0x7f9758832248;  0 drivers
v0x6000015ec360_0 .var "master", 0 0;
v0x6000015ec3f0_0 .var "q", 0 0;
E_0x6000032e01c0 .event anyedge, v0x6000015ec240_0, v0x6000015ec360_0;
E_0x6000032e0200 .event anyedge, v0x6000015ec240_0, v0x6000015ec2d0_0;
S_0x7f9758a04570 .scope module, "d_flipflop" "d_flipflop" 4 1;
 .timescale 0 0;
    .port_info 0 /INPUT 1 "d";
    .port_info 1 /INPUT 1 "clk";
    .port_info 2 /OUTPUT 1 "q";
    .port_info 3 /OUTPUT 1 "q_n";
o0x7f97588328a8 .functor BUFZ 1, C4<z>; HiZ drive
L_0x600000ce81c0 .functor NOT 1, o0x7f97588328a8, C4<0>, C4<0>, C4<0>;
v0x6000015ed320_0 .net "_q", 0 0, L_0x600000ce8460;  1 drivers
v0x6000015ed3b0_0 .net "_q_n", 0 0, L_0x600000ce84d0;  1 drivers
v0x6000015ed440_0 .net "clk", 0 0, o0x7f97588328a8;  0 drivers
v0x6000015ed4d0_0 .net "clk_n", 0 0, L_0x600000ce81c0;  1 drivers
o0x7f9758832548 .functor BUFZ 1, C4<z>; HiZ drive
v0x6000015ed560_0 .net "d", 0 0, o0x7f9758832548;  0 drivers
v0x6000015ed5f0_0 .net "q", 0 0, L_0x600000ce8770;  1 drivers
v0x6000015ed680_0 .net "q_n", 0 0, L_0x600000ce87e0;  1 drivers
S_0x7f9758a04850 .scope module, "master" "d_latch" 4 13, 5 1 0, S_0x7f9758a04570;
 .timescale 0 0;
    .port_info 0 /INPUT 1 "d";
    .port_info 1 /INPUT 1 "en";
    .port_info 2 /OUTPUT 1 "q";
    .port_info 3 /OUTPUT 1 "q_n";
L_0x600000ce8230 .functor NOT 1, o0x7f9758832548, C4<0>, C4<0>, C4<0>;
L_0x600000ce82a0 .functor AND 1, o0x7f9758832548, L_0x600000ce81c0, C4<1>, C4<1>;
L_0x600000ce8310 .functor AND 1, L_0x600000ce8230, L_0x600000ce81c0, C4<1>, C4<1>;
v0x6000015ec7e0_0 .net "d", 0 0, o0x7f9758832548;  alias, 0 drivers
v0x6000015ec870_0 .net "d_n", 0 0, L_0x600000ce8230;  1 drivers
v0x6000015ec900_0 .net "en", 0 0, L_0x600000ce81c0;  alias, 1 drivers
v0x6000015ec990_0 .net "q", 0 0, L_0x600000ce8460;  alias, 1 drivers
v0x6000015eca20_0 .net "q_n", 0 0, L_0x600000ce84d0;  alias, 1 drivers
v0x6000015ecab0_0 .net "r", 0 0, L_0x600000ce8310;  1 drivers
v0x6000015ecb40_0 .net "s", 0 0, L_0x600000ce82a0;  1 drivers
S_0x7f9758a049c0 .scope module, "srlatch" "sr_latch" 5 14, 6 1 0, S_0x7f9758a04850;
 .timescale 0 0;
    .port_info 0 /INPUT 1 "s";
    .port_info 1 /INPUT 1 "r";
    .port_info 2 /OUTPUT 1 "q";
    .port_info 3 /OUTPUT 1 "q_n";
L_0x600000ce8380 .functor NOT 1, L_0x600000ce82a0, C4<0>, C4<0>, C4<0>;
L_0x600000ce83f0 .functor NOT 1, L_0x600000ce8310, C4<0>, C4<0>, C4<0>;
L_0x600000ce8460 .functor NAND 1, L_0x600000ce8380, L_0x600000ce84d0, C4<1>, C4<1>;
L_0x600000ce84d0 .functor NAND 1, L_0x600000ce83f0, L_0x600000ce8460, C4<1>, C4<1>;
v0x6000015ec480_0 .net "q", 0 0, L_0x600000ce8460;  alias, 1 drivers
v0x6000015ec510_0 .net "q_n", 0 0, L_0x600000ce84d0;  alias, 1 drivers
v0x6000015ec5a0_0 .net "r", 0 0, L_0x600000ce8310;  alias, 1 drivers
v0x6000015ec630_0 .net "r_n", 0 0, L_0x600000ce83f0;  1 drivers
v0x6000015ec6c0_0 .net "s", 0 0, L_0x600000ce82a0;  alias, 1 drivers
v0x6000015ec750_0 .net "s_n", 0 0, L_0x600000ce8380;  1 drivers
S_0x7f9758a04b30 .scope module, "slave" "d_latch" 4 20, 5 1 0, S_0x7f9758a04570;
 .timescale 0 0;
    .port_info 0 /INPUT 1 "d";
    .port_info 1 /INPUT 1 "en";
    .port_info 2 /OUTPUT 1 "q";
    .port_info 3 /OUTPUT 1 "q_n";
L_0x600000ce8540 .functor NOT 1, L_0x600000ce8460, C4<0>, C4<0>, C4<0>;
L_0x600000ce85b0 .functor AND 1, L_0x600000ce8460, o0x7f97588328a8, C4<1>, C4<1>;
L_0x600000ce8620 .functor AND 1, L_0x600000ce8540, o0x7f97588328a8, C4<1>, C4<1>;
v0x6000015ecf30_0 .net "d", 0 0, L_0x600000ce8460;  alias, 1 drivers
v0x6000015ecfc0_0 .net "d_n", 0 0, L_0x600000ce8540;  1 drivers
v0x6000015ed050_0 .net "en", 0 0, o0x7f97588328a8;  alias, 0 drivers
v0x6000015ed0e0_0 .net "q", 0 0, L_0x600000ce8770;  alias, 1 drivers
v0x6000015ed170_0 .net "q_n", 0 0, L_0x600000ce87e0;  alias, 1 drivers
v0x6000015ed200_0 .net "r", 0 0, L_0x600000ce8620;  1 drivers
v0x6000015ed290_0 .net "s", 0 0, L_0x600000ce85b0;  1 drivers
S_0x7f9758a04ca0 .scope module, "srlatch" "sr_latch" 5 14, 6 1 0, S_0x7f9758a04b30;
 .timescale 0 0;
    .port_info 0 /INPUT 1 "s";
    .port_info 1 /INPUT 1 "r";
    .port_info 2 /OUTPUT 1 "q";
    .port_info 3 /OUTPUT 1 "q_n";
L_0x600000ce8690 .functor NOT 1, L_0x600000ce85b0, C4<0>, C4<0>, C4<0>;
L_0x600000ce8700 .functor NOT 1, L_0x600000ce8620, C4<0>, C4<0>, C4<0>;
L_0x600000ce8770 .functor NAND 1, L_0x600000ce8690, L_0x600000ce87e0, C4<1>, C4<1>;
L_0x600000ce87e0 .functor NAND 1, L_0x600000ce8700, L_0x600000ce8770, C4<1>, C4<1>;
v0x6000015ecbd0_0 .net "q", 0 0, L_0x600000ce8770;  alias, 1 drivers
v0x6000015ecc60_0 .net "q_n", 0 0, L_0x600000ce87e0;  alias, 1 drivers
v0x6000015eccf0_0 .net "r", 0 0, L_0x600000ce8620;  alias, 1 drivers
v0x6000015ecd80_0 .net "r_n", 0 0, L_0x600000ce8700;  1 drivers
v0x6000015ece10_0 .net "s", 0 0, L_0x600000ce85b0;  alias, 1 drivers
v0x6000015ecea0_0 .net "s_n", 0 0, L_0x600000ce8690;  1 drivers
S_0x7f9758a046e0 .scope module, "reg_8b_tb" "reg_8b_tb" 7 1;
 .timescale 0 0;
v0x6000015f0120_0 .var "clk", 0 0;
v0x6000015f01b0_0 .var "in", 7 0;
v0x6000015f0240_0 .net "out", 7 0, L_0x6000016e0500;  1 drivers
v0x6000015f02d0_0 .var "r", 0 0;
S_0x7f9758a04e10 .scope module, "uut" "reg_8b" 7 6, 8 1 0, S_0x7f9758a046e0;
 .timescale 0 0;
    .port_info 0 /INPUT 8 "in";
    .port_info 1 /INPUT 1 "clk";
    .port_info 2 /INPUT 1 "r";
    .port_info 3 /OUTPUT 8 "out";
v0x6000015f7e70_0 .net "clk", 0 0, v0x6000015f0120_0;  1 drivers
v0x6000015f7f00_0 .net "in", 7 0, v0x6000015f01b0_0;  1 drivers
v0x6000015f0000_0 .net "out", 7 0, L_0x6000016e0500;  alias, 1 drivers
v0x6000015f0090_0 .net "r", 0 0, v0x6000015f02d0_0;  1 drivers
L_0x6000016e0000 .part v0x6000015f01b0_0, 0, 1;
L_0x6000016e00a0 .part v0x6000015f01b0_0, 1, 1;
L_0x6000016e0140 .part v0x6000015f01b0_0, 2, 1;
L_0x6000016e01e0 .part v0x6000015f01b0_0, 3, 1;
L_0x6000016e0280 .part v0x6000015f01b0_0, 4, 1;
L_0x6000016e0320 .part v0x6000015f01b0_0, 5, 1;
L_0x6000016e03c0 .part v0x6000015f01b0_0, 6, 1;
L_0x6000016e0460 .part v0x6000015f01b0_0, 7, 1;
LS_0x6000016e0500_0_0 .concat8 [ 1 1 1 1], L_0x600000ce8f50, L_0x600000ce9730, L_0x600000ce9f10, L_0x600000cea6f0;
LS_0x6000016e0500_0_4 .concat8 [ 1 1 1 1], L_0x600000ceaed0, L_0x600000ceb6b0, L_0x600000cebe90, L_0x600000cf4690;
L_0x6000016e0500 .concat8 [ 4 4 0 0], LS_0x6000016e0500_0_0, LS_0x6000016e0500_0_4;
S_0x7f9758a04f80 .scope module, "dffa0" "d_flipflop_async" 8 7, 9 1 0, S_0x7f9758a04e10;
 .timescale 0 0;
    .port_info 0 /INPUT 1 "d";
    .port_info 1 /INPUT 1 "clk";
    .port_info 2 /INPUT 1 "r";
    .port_info 3 /OUTPUT 1 "q";
    .port_info 4 /OUTPUT 1 "q_n";
L_0x600000ce8850 .functor NOT 1, v0x6000015f0120_0, C4<0>, C4<0>, C4<0>;
L_0x600000ce88c0 .functor NOT 1, v0x6000015f02d0_0, C4<0>, C4<0>, C4<0>;
L_0x600000ce8c40 .functor AND 1, L_0x600000ce8b60, L_0x600000ce88c0, C4<1>, C4<1>;
L_0x600000ce8cb0 .functor OR 1, v0x6000015f0120_0, v0x6000015f02d0_0, C4<0>, C4<0>;
v0x6000015ee5b0_0 .net "_clk", 0 0, L_0x600000ce8cb0;  1 drivers
v0x6000015ee640_0 .net "_q", 0 0, L_0x600000ce8b60;  1 drivers
v0x6000015ee6d0_0 .net "_q_n", 0 0, L_0x600000ce8bd0;  1 drivers
v0x6000015ee760_0 .net "_q_or_reset", 0 0, L_0x600000ce8c40;  1 drivers
v0x6000015ee7f0_0 .net "clk", 0 0, v0x6000015f0120_0;  alias, 1 drivers
v0x6000015ee880_0 .net "clk_n", 0 0, L_0x600000ce8850;  1 drivers
v0x6000015ee910_0 .net "d", 0 0, L_0x6000016e0000;  1 drivers
v0x6000015ee9a0_0 .net "q", 0 0, L_0x600000ce8f50;  1 drivers
v0x6000015eea30_0 .net "q_n", 0 0, L_0x600000ce8fc0;  1 drivers
v0x6000015eeac0_0 .net "r", 0 0, v0x6000015f02d0_0;  alias, 1 drivers
v0x6000015eeb50_0 .net "r_n", 0 0, L_0x600000ce88c0;  1 drivers
S_0x7f9758a050f0 .scope module, "master" "d_latch" 9 16, 5 1 0, S_0x7f9758a04f80;
 .timescale 0 0;
    .port_info 0 /INPUT 1 "d";
    .port_info 1 /INPUT 1 "en";
    .port_info 2 /OUTPUT 1 "q";
    .port_info 3 /OUTPUT 1 "q_n";
L_0x600000ce8930 .functor NOT 1, L_0x6000016e0000, C4<0>, C4<0>, C4<0>;
L_0x600000ce89a0 .functor AND 1, L_0x6000016e0000, L_0x600000ce8850, C4<1>, C4<1>;
L_0x600000ce8a10 .functor AND 1, L_0x600000ce8930, L_0x600000ce8850, C4<1>, C4<1>;
v0x6000015eda70_0 .net "d", 0 0, L_0x6000016e0000;  alias, 1 drivers
v0x6000015edb00_0 .net "d_n", 0 0, L_0x600000ce8930;  1 drivers
v0x6000015edb90_0 .net "en", 0 0, L_0x600000ce8850;  alias, 1 drivers
v0x6000015edc20_0 .net "q", 0 0, L_0x600000ce8b60;  alias, 1 drivers
v0x6000015edcb0_0 .net "q_n", 0 0, L_0x600000ce8bd0;  alias, 1 drivers
v0x6000015edd40_0 .net "r", 0 0, L_0x600000ce8a10;  1 drivers
v0x6000015eddd0_0 .net "s", 0 0, L_0x600000ce89a0;  1 drivers
S_0x7f9758a05260 .scope module, "srlatch" "sr_latch" 5 14, 6 1 0, S_0x7f9758a050f0;
 .timescale 0 0;
    .port_info 0 /INPUT 1 "s";
    .port_info 1 /INPUT 1 "r";
    .port_info 2 /OUTPUT 1 "q";
    .port_info 3 /OUTPUT 1 "q_n";
L_0x600000ce8a80 .functor NOT 1, L_0x600000ce89a0, C4<0>, C4<0>, C4<0>;
L_0x600000ce8af0 .functor NOT 1, L_0x600000ce8a10, C4<0>, C4<0>, C4<0>;
L_0x600000ce8b60 .functor NAND 1, L_0x600000ce8a80, L_0x600000ce8bd0, C4<1>, C4<1>;
L_0x600000ce8bd0 .functor NAND 1, L_0x600000ce8af0, L_0x600000ce8b60, C4<1>, C4<1>;
v0x6000015ed710_0 .net "q", 0 0, L_0x600000ce8b60;  alias, 1 drivers
v0x6000015ed7a0_0 .net "q_n", 0 0, L_0x600000ce8bd0;  alias, 1 drivers
v0x6000015ed830_0 .net "r", 0 0, L_0x600000ce8a10;  alias, 1 drivers
v0x6000015ed8c0_0 .net "r_n", 0 0, L_0x600000ce8af0;  1 drivers
v0x6000015ed950_0 .net "s", 0 0, L_0x600000ce89a0;  alias, 1 drivers
v0x6000015ed9e0_0 .net "s_n", 0 0, L_0x600000ce8a80;  1 drivers
S_0x7f9758a053d0 .scope module, "slave" "d_latch" 9 28, 5 1 0, S_0x7f9758a04f80;
 .timescale 0 0;
    .port_info 0 /INPUT 1 "d";
    .port_info 1 /INPUT 1 "en";
    .port_info 2 /OUTPUT 1 "q";
    .port_info 3 /OUTPUT 1 "q_n";
L_0x600000ce8d20 .functor NOT 1, L_0x600000ce8c40, C4<0>, C4<0>, C4<0>;
L_0x600000ce8d90 .functor AND 1, L_0x600000ce8c40, L_0x600000ce8cb0, C4<1>, C4<1>;
L_0x600000ce8e00 .functor AND 1, L_0x600000ce8d20, L_0x600000ce8cb0, C4<1>, C4<1>;
v0x6000015ee1c0_0 .net "d", 0 0, L_0x600000ce8c40;  alias, 1 drivers
v0x6000015ee250_0 .net "d_n", 0 0, L_0x600000ce8d20;  1 drivers
v0x6000015ee2e0_0 .net "en", 0 0, L_0x600000ce8cb0;  alias, 1 drivers
v0x6000015ee370_0 .net "q", 0 0, L_0x600000ce8f50;  alias, 1 drivers
v0x6000015ee400_0 .net "q_n", 0 0, L_0x600000ce8fc0;  alias, 1 drivers
v0x6000015ee490_0 .net "r", 0 0, L_0x600000ce8e00;  1 drivers
v0x6000015ee520_0 .net "s", 0 0, L_0x600000ce8d90;  1 drivers
S_0x7f9758a05540 .scope module, "srlatch" "sr_latch" 5 14, 6 1 0, S_0x7f9758a053d0;
 .timescale 0 0;
    .port_info 0 /INPUT 1 "s";
    .port_info 1 /INPUT 1 "r";
    .port_info 2 /OUTPUT 1 "q";
    .port_info 3 /OUTPUT 1 "q_n";
L_0x600000ce8e70 .functor NOT 1, L_0x600000ce8d90, C4<0>, C4<0>, C4<0>;
L_0x600000ce8ee0 .functor NOT 1, L_0x600000ce8e00, C4<0>, C4<0>, C4<0>;
L_0x600000ce8f50 .functor NAND 1, L_0x600000ce8e70, L_0x600000ce8fc0, C4<1>, C4<1>;
L_0x600000ce8fc0 .functor NAND 1, L_0x600000ce8ee0, L_0x600000ce8f50, C4<1>, C4<1>;
v0x6000015ede60_0 .net "q", 0 0, L_0x600000ce8f50;  alias, 1 drivers
v0x6000015edef0_0 .net "q_n", 0 0, L_0x600000ce8fc0;  alias, 1 drivers
v0x6000015edf80_0 .net "r", 0 0, L_0x600000ce8e00;  alias, 1 drivers
v0x6000015ee010_0 .net "r_n", 0 0, L_0x600000ce8ee0;  1 drivers
v0x6000015ee0a0_0 .net "s", 0 0, L_0x600000ce8d90;  alias, 1 drivers
v0x6000015ee130_0 .net "s_n", 0 0, L_0x600000ce8e70;  1 drivers
S_0x7f9758a056b0 .scope module, "dffa1" "d_flipflop_async" 8 8, 9 1 0, S_0x7f9758a04e10;
 .timescale 0 0;
    .port_info 0 /INPUT 1 "d";
    .port_info 1 /INPUT 1 "clk";
    .port_info 2 /INPUT 1 "r";
    .port_info 3 /OUTPUT 1 "q";
    .port_info 4 /OUTPUT 1 "q_n";
L_0x600000ce9030 .functor NOT 1, v0x6000015f0120_0, C4<0>, C4<0>, C4<0>;
L_0x600000ce90a0 .functor NOT 1, v0x6000015f02d0_0, C4<0>, C4<0>, C4<0>;
L_0x600000ce9420 .functor AND 1, L_0x600000ce9340, L_0x600000ce90a0, C4<1>, C4<1>;
L_0x600000ce9490 .functor OR 1, v0x6000015f0120_0, v0x6000015f02d0_0, C4<0>, C4<0>;
v0x6000015efa80_0 .net "_clk", 0 0, L_0x600000ce9490;  1 drivers
v0x6000015efb10_0 .net "_q", 0 0, L_0x600000ce9340;  1 drivers
v0x6000015efba0_0 .net "_q_n", 0 0, L_0x600000ce93b0;  1 drivers
v0x6000015efc30_0 .net "_q_or_reset", 0 0, L_0x600000ce9420;  1 drivers
v0x6000015efcc0_0 .net "clk", 0 0, v0x6000015f0120_0;  alias, 1 drivers
v0x6000015efd50_0 .net "clk_n", 0 0, L_0x600000ce9030;  1 drivers
v0x6000015efde0_0 .net "d", 0 0, L_0x6000016e00a0;  1 drivers
v0x6000015efe70_0 .net "q", 0 0, L_0x600000ce9730;  1 drivers
v0x6000015eff00_0 .net "q_n", 0 0, L_0x600000ce97a0;  1 drivers
v0x6000015e8000_0 .net "r", 0 0, v0x6000015f02d0_0;  alias, 1 drivers
v0x6000015e8090_0 .net "r_n", 0 0, L_0x600000ce90a0;  1 drivers
S_0x7f9758a05820 .scope module, "master" "d_latch" 9 16, 5 1 0, S_0x7f9758a056b0;
 .timescale 0 0;
    .port_info 0 /INPUT 1 "d";
    .port_info 1 /INPUT 1 "en";
    .port_info 2 /OUTPUT 1 "q";
    .port_info 3 /OUTPUT 1 "q_n";
L_0x600000ce9110 .functor NOT 1, L_0x6000016e00a0, C4<0>, C4<0>, C4<0>;
L_0x600000ce9180 .functor AND 1, L_0x6000016e00a0, L_0x600000ce9030, C4<1>, C4<1>;
L_0x600000ce91f0 .functor AND 1, L_0x600000ce9110, L_0x600000ce9030, C4<1>, C4<1>;
v0x6000015eef40_0 .net "d", 0 0, L_0x6000016e00a0;  alias, 1 drivers
v0x6000015eefd0_0 .net "d_n", 0 0, L_0x600000ce9110;  1 drivers
v0x6000015ef060_0 .net "en", 0 0, L_0x600000ce9030;  alias, 1 drivers
v0x6000015ef0f0_0 .net "q", 0 0, L_0x600000ce9340;  alias, 1 drivers
v0x6000015ef180_0 .net "q_n", 0 0, L_0x600000ce93b0;  alias, 1 drivers
v0x6000015ef210_0 .net "r", 0 0, L_0x600000ce91f0;  1 drivers
v0x6000015ef2a0_0 .net "s", 0 0, L_0x600000ce9180;  1 drivers
S_0x7f9758a05990 .scope module, "srlatch" "sr_latch" 5 14, 6 1 0, S_0x7f9758a05820;
 .timescale 0 0;
    .port_info 0 /INPUT 1 "s";
    .port_info 1 /INPUT 1 "r";
    .port_info 2 /OUTPUT 1 "q";
    .port_info 3 /OUTPUT 1 "q_n";
L_0x600000ce9260 .functor NOT 1, L_0x600000ce9180, C4<0>, C4<0>, C4<0>;
L_0x600000ce92d0 .functor NOT 1, L_0x600000ce91f0, C4<0>, C4<0>, C4<0>;
L_0x600000ce9340 .functor NAND 1, L_0x600000ce9260, L_0x600000ce93b0, C4<1>, C4<1>;
L_0x600000ce93b0 .functor NAND 1, L_0x600000ce92d0, L_0x600000ce9340, C4<1>, C4<1>;
v0x6000015eebe0_0 .net "q", 0 0, L_0x600000ce9340;  alias, 1 drivers
v0x6000015eec70_0 .net "q_n", 0 0, L_0x600000ce93b0;  alias, 1 drivers
v0x6000015eed00_0 .net "r", 0 0, L_0x600000ce91f0;  alias, 1 drivers
v0x6000015eed90_0 .net "r_n", 0 0, L_0x600000ce92d0;  1 drivers
v0x6000015eee20_0 .net "s", 0 0, L_0x600000ce9180;  alias, 1 drivers
v0x6000015eeeb0_0 .net "s_n", 0 0, L_0x600000ce9260;  1 drivers
S_0x7f9758a05b00 .scope module, "slave" "d_latch" 9 28, 5 1 0, S_0x7f9758a056b0;
 .timescale 0 0;
    .port_info 0 /INPUT 1 "d";
    .port_info 1 /INPUT 1 "en";
    .port_info 2 /OUTPUT 1 "q";
    .port_info 3 /OUTPUT 1 "q_n";
L_0x600000ce9500 .functor NOT 1, L_0x600000ce9420, C4<0>, C4<0>, C4<0>;
L_0x600000ce9570 .functor AND 1, L_0x600000ce9420, L_0x600000ce9490, C4<1>, C4<1>;
L_0x600000ce95e0 .functor AND 1, L_0x600000ce9500, L_0x600000ce9490, C4<1>, C4<1>;
v0x6000015ef690_0 .net "d", 0 0, L_0x600000ce9420;  alias, 1 drivers
v0x6000015ef720_0 .net "d_n", 0 0, L_0x600000ce9500;  1 drivers
v0x6000015ef7b0_0 .net "en", 0 0, L_0x600000ce9490;  alias, 1 drivers
v0x6000015ef840_0 .net "q", 0 0, L_0x600000ce9730;  alias, 1 drivers
v0x6000015ef8d0_0 .net "q_n", 0 0, L_0x600000ce97a0;  alias, 1 drivers
v0x6000015ef960_0 .net "r", 0 0, L_0x600000ce95e0;  1 drivers
v0x6000015ef9f0_0 .net "s", 0 0, L_0x600000ce9570;  1 drivers
S_0x7f9758a05c70 .scope module, "srlatch" "sr_latch" 5 14, 6 1 0, S_0x7f9758a05b00;
 .timescale 0 0;
    .port_info 0 /INPUT 1 "s";
    .port_info 1 /INPUT 1 "r";
    .port_info 2 /OUTPUT 1 "q";
    .port_info 3 /OUTPUT 1 "q_n";
L_0x600000ce9650 .functor NOT 1, L_0x600000ce9570, C4<0>, C4<0>, C4<0>;
L_0x600000ce96c0 .functor NOT 1, L_0x600000ce95e0, C4<0>, C4<0>, C4<0>;
L_0x600000ce9730 .functor NAND 1, L_0x600000ce9650, L_0x600000ce97a0, C4<1>, C4<1>;
L_0x600000ce97a0 .functor NAND 1, L_0x600000ce96c0, L_0x600000ce9730, C4<1>, C4<1>;
v0x6000015ef330_0 .net "q", 0 0, L_0x600000ce9730;  alias, 1 drivers
v0x6000015ef3c0_0 .net "q_n", 0 0, L_0x600000ce97a0;  alias, 1 drivers
v0x6000015ef450_0 .net "r", 0 0, L_0x600000ce95e0;  alias, 1 drivers
v0x6000015ef4e0_0 .net "r_n", 0 0, L_0x600000ce96c0;  1 drivers
v0x6000015ef570_0 .net "s", 0 0, L_0x600000ce9570;  alias, 1 drivers
v0x6000015ef600_0 .net "s_n", 0 0, L_0x600000ce9650;  1 drivers
S_0x7f9758a05de0 .scope module, "dffa2" "d_flipflop_async" 8 9, 9 1 0, S_0x7f9758a04e10;
 .timescale 0 0;
    .port_info 0 /INPUT 1 "d";
    .port_info 1 /INPUT 1 "clk";
    .port_info 2 /INPUT 1 "r";
    .port_info 3 /OUTPUT 1 "q";
    .port_info 4 /OUTPUT 1 "q_n";
L_0x600000ce9810 .functor NOT 1, v0x6000015f0120_0, C4<0>, C4<0>, C4<0>;
L_0x600000ce9880 .functor NOT 1, v0x6000015f02d0_0, C4<0>, C4<0>, C4<0>;
L_0x600000ce9c00 .functor AND 1, L_0x600000ce9b20, L_0x600000ce9880, C4<1>, C4<1>;
L_0x600000ce9c70 .functor OR 1, v0x6000015f0120_0, v0x6000015f02d0_0, C4<0>, C4<0>;
v0x6000015e8fc0_0 .net "_clk", 0 0, L_0x600000ce9c70;  1 drivers
v0x6000015e9050_0 .net "_q", 0 0, L_0x600000ce9b20;  1 drivers
v0x6000015e90e0_0 .net "_q_n", 0 0, L_0x600000ce9b90;  1 drivers
v0x6000015e9170_0 .net "_q_or_reset", 0 0, L_0x600000ce9c00;  1 drivers
v0x6000015e9200_0 .net "clk", 0 0, v0x6000015f0120_0;  alias, 1 drivers
v0x6000015e9290_0 .net "clk_n", 0 0, L_0x600000ce9810;  1 drivers
v0x6000015e9320_0 .net "d", 0 0, L_0x6000016e0140;  1 drivers
v0x6000015e93b0_0 .net "q", 0 0, L_0x600000ce9f10;  1 drivers
v0x6000015e9440_0 .net "q_n", 0 0, L_0x600000ce9f80;  1 drivers
v0x6000015e94d0_0 .net "r", 0 0, v0x6000015f02d0_0;  alias, 1 drivers
v0x6000015e9560_0 .net "r_n", 0 0, L_0x600000ce9880;  1 drivers
S_0x7f9758a05f50 .scope module, "master" "d_latch" 9 16, 5 1 0, S_0x7f9758a05de0;
 .timescale 0 0;
    .port_info 0 /INPUT 1 "d";
    .port_info 1 /INPUT 1 "en";
    .port_info 2 /OUTPUT 1 "q";
    .port_info 3 /OUTPUT 1 "q_n";
L_0x600000ce98f0 .functor NOT 1, L_0x6000016e0140, C4<0>, C4<0>, C4<0>;
L_0x600000ce9960 .functor AND 1, L_0x6000016e0140, L_0x600000ce9810, C4<1>, C4<1>;
L_0x600000ce99d0 .functor AND 1, L_0x600000ce98f0, L_0x600000ce9810, C4<1>, C4<1>;
v0x6000015e8480_0 .net "d", 0 0, L_0x6000016e0140;  alias, 1 drivers
v0x6000015e8510_0 .net "d_n", 0 0, L_0x600000ce98f0;  1 drivers
v0x6000015e85a0_0 .net "en", 0 0, L_0x600000ce9810;  alias, 1 drivers
v0x6000015e8630_0 .net "q", 0 0, L_0x600000ce9b20;  alias, 1 drivers
v0x6000015e86c0_0 .net "q_n", 0 0, L_0x600000ce9b90;  alias, 1 drivers
v0x6000015e8750_0 .net "r", 0 0, L_0x600000ce99d0;  1 drivers
v0x6000015e87e0_0 .net "s", 0 0, L_0x600000ce9960;  1 drivers
S_0x7f9758a060c0 .scope module, "srlatch" "sr_latch" 5 14, 6 1 0, S_0x7f9758a05f50;
 .timescale 0 0;
    .port_info 0 /INPUT 1 "s";
    .port_info 1 /INPUT 1 "r";
    .port_info 2 /OUTPUT 1 "q";
    .port_info 3 /OUTPUT 1 "q_n";
L_0x600000ce9a40 .functor NOT 1, L_0x600000ce9960, C4<0>, C4<0>, C4<0>;
L_0x600000ce9ab0 .functor NOT 1, L_0x600000ce99d0, C4<0>, C4<0>, C4<0>;
L_0x600000ce9b20 .functor NAND 1, L_0x600000ce9a40, L_0x600000ce9b90, C4<1>, C4<1>;
L_0x600000ce9b90 .functor NAND 1, L_0x600000ce9ab0, L_0x600000ce9b20, C4<1>, C4<1>;
v0x6000015e8120_0 .net "q", 0 0, L_0x600000ce9b20;  alias, 1 drivers
v0x6000015e81b0_0 .net "q_n", 0 0, L_0x600000ce9b90;  alias, 1 drivers
v0x6000015e8240_0 .net "r", 0 0, L_0x600000ce99d0;  alias, 1 drivers
v0x6000015e82d0_0 .net "r_n", 0 0, L_0x600000ce9ab0;  1 drivers
v0x6000015e8360_0 .net "s", 0 0, L_0x600000ce9960;  alias, 1 drivers
v0x6000015e83f0_0 .net "s_n", 0 0, L_0x600000ce9a40;  1 drivers
S_0x7f9758a06230 .scope module, "slave" "d_latch" 9 28, 5 1 0, S_0x7f9758a05de0;
 .timescale 0 0;
    .port_info 0 /INPUT 1 "d";
    .port_info 1 /INPUT 1 "en";
    .port_info 2 /OUTPUT 1 "q";
    .port_info 3 /OUTPUT 1 "q_n";
L_0x600000ce9ce0 .functor NOT 1, L_0x600000ce9c00, C4<0>, C4<0>, C4<0>;
L_0x600000ce9d50 .functor AND 1, L_0x600000ce9c00, L_0x600000ce9c70, C4<1>, C4<1>;
L_0x600000ce9dc0 .functor AND 1, L_0x600000ce9ce0, L_0x600000ce9c70, C4<1>, C4<1>;
v0x6000015e8bd0_0 .net "d", 0 0, L_0x600000ce9c00;  alias, 1 drivers
v0x6000015e8c60_0 .net "d_n", 0 0, L_0x600000ce9ce0;  1 drivers
v0x6000015e8cf0_0 .net "en", 0 0, L_0x600000ce9c70;  alias, 1 drivers
v0x6000015e8d80_0 .net "q", 0 0, L_0x600000ce9f10;  alias, 1 drivers
v0x6000015e8e10_0 .net "q_n", 0 0, L_0x600000ce9f80;  alias, 1 drivers
v0x6000015e8ea0_0 .net "r", 0 0, L_0x600000ce9dc0;  1 drivers
v0x6000015e8f30_0 .net "s", 0 0, L_0x600000ce9d50;  1 drivers
S_0x7f9758a063a0 .scope module, "srlatch" "sr_latch" 5 14, 6 1 0, S_0x7f9758a06230;
 .timescale 0 0;
    .port_info 0 /INPUT 1 "s";
    .port_info 1 /INPUT 1 "r";
    .port_info 2 /OUTPUT 1 "q";
    .port_info 3 /OUTPUT 1 "q_n";
L_0x600000ce9e30 .functor NOT 1, L_0x600000ce9d50, C4<0>, C4<0>, C4<0>;
L_0x600000ce9ea0 .functor NOT 1, L_0x600000ce9dc0, C4<0>, C4<0>, C4<0>;
L_0x600000ce9f10 .functor NAND 1, L_0x600000ce9e30, L_0x600000ce9f80, C4<1>, C4<1>;
L_0x600000ce9f80 .functor NAND 1, L_0x600000ce9ea0, L_0x600000ce9f10, C4<1>, C4<1>;
v0x6000015e8870_0 .net "q", 0 0, L_0x600000ce9f10;  alias, 1 drivers
v0x6000015e8900_0 .net "q_n", 0 0, L_0x600000ce9f80;  alias, 1 drivers
v0x6000015e8990_0 .net "r", 0 0, L_0x600000ce9dc0;  alias, 1 drivers
v0x6000015e8a20_0 .net "r_n", 0 0, L_0x600000ce9ea0;  1 drivers
v0x6000015e8ab0_0 .net "s", 0 0, L_0x600000ce9d50;  alias, 1 drivers
v0x6000015e8b40_0 .net "s_n", 0 0, L_0x600000ce9e30;  1 drivers
S_0x7f9758a06510 .scope module, "dffa3" "d_flipflop_async" 8 10, 9 1 0, S_0x7f9758a04e10;
 .timescale 0 0;
    .port_info 0 /INPUT 1 "d";
    .port_info 1 /INPUT 1 "clk";
    .port_info 2 /INPUT 1 "r";
    .port_info 3 /OUTPUT 1 "q";
    .port_info 4 /OUTPUT 1 "q_n";
L_0x600000ce9ff0 .functor NOT 1, v0x6000015f0120_0, C4<0>, C4<0>, C4<0>;
L_0x600000cea060 .functor NOT 1, v0x6000015f02d0_0, C4<0>, C4<0>, C4<0>;
L_0x600000cea3e0 .functor AND 1, L_0x600000cea300, L_0x600000cea060, C4<1>, C4<1>;
L_0x600000cea450 .functor OR 1, v0x6000015f0120_0, v0x6000015f02d0_0, C4<0>, C4<0>;
v0x6000015ea490_0 .net "_clk", 0 0, L_0x600000cea450;  1 drivers
v0x6000015ea520_0 .net "_q", 0 0, L_0x600000cea300;  1 drivers
v0x6000015ea5b0_0 .net "_q_n", 0 0, L_0x600000cea370;  1 drivers
v0x6000015ea640_0 .net "_q_or_reset", 0 0, L_0x600000cea3e0;  1 drivers
v0x6000015ea6d0_0 .net "clk", 0 0, v0x6000015f0120_0;  alias, 1 drivers
v0x6000015ea760_0 .net "clk_n", 0 0, L_0x600000ce9ff0;  1 drivers
v0x6000015ea7f0_0 .net "d", 0 0, L_0x6000016e01e0;  1 drivers
v0x6000015ea880_0 .net "q", 0 0, L_0x600000cea6f0;  1 drivers
v0x6000015ea910_0 .net "q_n", 0 0, L_0x600000cea760;  1 drivers
v0x6000015ea9a0_0 .net "r", 0 0, v0x6000015f02d0_0;  alias, 1 drivers
v0x6000015eaa30_0 .net "r_n", 0 0, L_0x600000cea060;  1 drivers
S_0x7f9758a06680 .scope module, "master" "d_latch" 9 16, 5 1 0, S_0x7f9758a06510;
 .timescale 0 0;
    .port_info 0 /INPUT 1 "d";
    .port_info 1 /INPUT 1 "en";
    .port_info 2 /OUTPUT 1 "q";
    .port_info 3 /OUTPUT 1 "q_n";
L_0x600000cea0d0 .functor NOT 1, L_0x6000016e01e0, C4<0>, C4<0>, C4<0>;
L_0x600000cea140 .functor AND 1, L_0x6000016e01e0, L_0x600000ce9ff0, C4<1>, C4<1>;
L_0x600000cea1b0 .functor AND 1, L_0x600000cea0d0, L_0x600000ce9ff0, C4<1>, C4<1>;
v0x6000015e9950_0 .net "d", 0 0, L_0x6000016e01e0;  alias, 1 drivers
v0x6000015e99e0_0 .net "d_n", 0 0, L_0x600000cea0d0;  1 drivers
v0x6000015e9a70_0 .net "en", 0 0, L_0x600000ce9ff0;  alias, 1 drivers
v0x6000015e9b00_0 .net "q", 0 0, L_0x600000cea300;  alias, 1 drivers
v0x6000015e9b90_0 .net "q_n", 0 0, L_0x600000cea370;  alias, 1 drivers
v0x6000015e9c20_0 .net "r", 0 0, L_0x600000cea1b0;  1 drivers
v0x6000015e9cb0_0 .net "s", 0 0, L_0x600000cea140;  1 drivers
S_0x7f9758a067f0 .scope module, "srlatch" "sr_latch" 5 14, 6 1 0, S_0x7f9758a06680;
 .timescale 0 0;
    .port_info 0 /INPUT 1 "s";
    .port_info 1 /INPUT 1 "r";
    .port_info 2 /OUTPUT 1 "q";
    .port_info 3 /OUTPUT 1 "q_n";
L_0x600000cea220 .functor NOT 1, L_0x600000cea140, C4<0>, C4<0>, C4<0>;
L_0x600000cea290 .functor NOT 1, L_0x600000cea1b0, C4<0>, C4<0>, C4<0>;
L_0x600000cea300 .functor NAND 1, L_0x600000cea220, L_0x600000cea370, C4<1>, C4<1>;
L_0x600000cea370 .functor NAND 1, L_0x600000cea290, L_0x600000cea300, C4<1>, C4<1>;
v0x6000015e95f0_0 .net "q", 0 0, L_0x600000cea300;  alias, 1 drivers
v0x6000015e9680_0 .net "q_n", 0 0, L_0x600000cea370;  alias, 1 drivers
v0x6000015e9710_0 .net "r", 0 0, L_0x600000cea1b0;  alias, 1 drivers
v0x6000015e97a0_0 .net "r_n", 0 0, L_0x600000cea290;  1 drivers
v0x6000015e9830_0 .net "s", 0 0, L_0x600000cea140;  alias, 1 drivers
v0x6000015e98c0_0 .net "s_n", 0 0, L_0x600000cea220;  1 drivers
S_0x7f9758a06960 .scope module, "slave" "d_latch" 9 28, 5 1 0, S_0x7f9758a06510;
 .timescale 0 0;
    .port_info 0 /INPUT 1 "d";
    .port_info 1 /INPUT 1 "en";
    .port_info 2 /OUTPUT 1 "q";
    .port_info 3 /OUTPUT 1 "q_n";
L_0x600000cea4c0 .functor NOT 1, L_0x600000cea3e0, C4<0>, C4<0>, C4<0>;
L_0x600000cea530 .functor AND 1, L_0x600000cea3e0, L_0x600000cea450, C4<1>, C4<1>;
L_0x600000cea5a0 .functor AND 1, L_0x600000cea4c0, L_0x600000cea450, C4<1>, C4<1>;
v0x6000015ea0a0_0 .net "d", 0 0, L_0x600000cea3e0;  alias, 1 drivers
v0x6000015ea130_0 .net "d_n", 0 0, L_0x600000cea4c0;  1 drivers
v0x6000015ea1c0_0 .net "en", 0 0, L_0x600000cea450;  alias, 1 drivers
v0x6000015ea250_0 .net "q", 0 0, L_0x600000cea6f0;  alias, 1 drivers
v0x6000015ea2e0_0 .net "q_n", 0 0, L_0x600000cea760;  alias, 1 drivers
v0x6000015ea370_0 .net "r", 0 0, L_0x600000cea5a0;  1 drivers
v0x6000015ea400_0 .net "s", 0 0, L_0x600000cea530;  1 drivers
S_0x7f9758a06ad0 .scope module, "srlatch" "sr_latch" 5 14, 6 1 0, S_0x7f9758a06960;
 .timescale 0 0;
    .port_info 0 /INPUT 1 "s";
    .port_info 1 /INPUT 1 "r";
    .port_info 2 /OUTPUT 1 "q";
    .port_info 3 /OUTPUT 1 "q_n";
L_0x600000cea610 .functor NOT 1, L_0x600000cea530, C4<0>, C4<0>, C4<0>;
L_0x600000cea680 .functor NOT 1, L_0x600000cea5a0, C4<0>, C4<0>, C4<0>;
L_0x600000cea6f0 .functor NAND 1, L_0x600000cea610, L_0x600000cea760, C4<1>, C4<1>;
L_0x600000cea760 .functor NAND 1, L_0x600000cea680, L_0x600000cea6f0, C4<1>, C4<1>;
v0x6000015e9d40_0 .net "q", 0 0, L_0x600000cea6f0;  alias, 1 drivers
v0x6000015e9dd0_0 .net "q_n", 0 0, L_0x600000cea760;  alias, 1 drivers
v0x6000015e9e60_0 .net "r", 0 0, L_0x600000cea5a0;  alias, 1 drivers
v0x6000015e9ef0_0 .net "r_n", 0 0, L_0x600000cea680;  1 drivers
v0x6000015e9f80_0 .net "s", 0 0, L_0x600000cea530;  alias, 1 drivers
v0x6000015ea010_0 .net "s_n", 0 0, L_0x600000cea610;  1 drivers
S_0x7f9758a06c40 .scope module, "dffa4" "d_flipflop_async" 8 11, 9 1 0, S_0x7f9758a04e10;
 .timescale 0 0;
    .port_info 0 /INPUT 1 "d";
    .port_info 1 /INPUT 1 "clk";
    .port_info 2 /INPUT 1 "r";
    .port_info 3 /OUTPUT 1 "q";
    .port_info 4 /OUTPUT 1 "q_n";
L_0x600000cea7d0 .functor NOT 1, v0x6000015f0120_0, C4<0>, C4<0>, C4<0>;
L_0x600000cea840 .functor NOT 1, v0x6000015f02d0_0, C4<0>, C4<0>, C4<0>;
L_0x600000ceabc0 .functor AND 1, L_0x600000ceaae0, L_0x600000cea840, C4<1>, C4<1>;
L_0x600000ceac30 .functor OR 1, v0x6000015f0120_0, v0x6000015f02d0_0, C4<0>, C4<0>;
v0x6000015eb960_0 .net "_clk", 0 0, L_0x600000ceac30;  1 drivers
v0x6000015eb9f0_0 .net "_q", 0 0, L_0x600000ceaae0;  1 drivers
v0x6000015eba80_0 .net "_q_n", 0 0, L_0x600000ceab50;  1 drivers
v0x6000015ebb10_0 .net "_q_or_reset", 0 0, L_0x600000ceabc0;  1 drivers
v0x6000015ebba0_0 .net "clk", 0 0, v0x6000015f0120_0;  alias, 1 drivers
v0x6000015ebc30_0 .net "clk_n", 0 0, L_0x600000cea7d0;  1 drivers
v0x6000015ebcc0_0 .net "d", 0 0, L_0x6000016e0280;  1 drivers
v0x6000015ebd50_0 .net "q", 0 0, L_0x600000ceaed0;  1 drivers
v0x6000015ebde0_0 .net "q_n", 0 0, L_0x600000ceaf40;  1 drivers
v0x6000015ebe70_0 .net "r", 0 0, v0x6000015f02d0_0;  alias, 1 drivers
v0x6000015ebf00_0 .net "r_n", 0 0, L_0x600000cea840;  1 drivers
S_0x7f9758a06db0 .scope module, "master" "d_latch" 9 16, 5 1 0, S_0x7f9758a06c40;
 .timescale 0 0;
    .port_info 0 /INPUT 1 "d";
    .port_info 1 /INPUT 1 "en";
    .port_info 2 /OUTPUT 1 "q";
    .port_info 3 /OUTPUT 1 "q_n";
L_0x600000cea8b0 .functor NOT 1, L_0x6000016e0280, C4<0>, C4<0>, C4<0>;
L_0x600000cea920 .functor AND 1, L_0x6000016e0280, L_0x600000cea7d0, C4<1>, C4<1>;
L_0x600000cea990 .functor AND 1, L_0x600000cea8b0, L_0x600000cea7d0, C4<1>, C4<1>;
v0x6000015eae20_0 .net "d", 0 0, L_0x6000016e0280;  alias, 1 drivers
v0x6000015eaeb0_0 .net "d_n", 0 0, L_0x600000cea8b0;  1 drivers
v0x6000015eaf40_0 .net "en", 0 0, L_0x600000cea7d0;  alias, 1 drivers
v0x6000015eafd0_0 .net "q", 0 0, L_0x600000ceaae0;  alias, 1 drivers
v0x6000015eb060_0 .net "q_n", 0 0, L_0x600000ceab50;  alias, 1 drivers
v0x6000015eb0f0_0 .net "r", 0 0, L_0x600000cea990;  1 drivers
v0x6000015eb180_0 .net "s", 0 0, L_0x600000cea920;  1 drivers
S_0x7f9758a06f20 .scope module, "srlatch" "sr_latch" 5 14, 6 1 0, S_0x7f9758a06db0;
 .timescale 0 0;
    .port_info 0 /INPUT 1 "s";
    .port_info 1 /INPUT 1 "r";
    .port_info 2 /OUTPUT 1 "q";
    .port_info 3 /OUTPUT 1 "q_n";
L_0x600000ceaa00 .functor NOT 1, L_0x600000cea920, C4<0>, C4<0>, C4<0>;
L_0x600000ceaa70 .functor NOT 1, L_0x600000cea990, C4<0>, C4<0>, C4<0>;
L_0x600000ceaae0 .functor NAND 1, L_0x600000ceaa00, L_0x600000ceab50, C4<1>, C4<1>;
L_0x600000ceab50 .functor NAND 1, L_0x600000ceaa70, L_0x600000ceaae0, C4<1>, C4<1>;
v0x6000015eaac0_0 .net "q", 0 0, L_0x600000ceaae0;  alias, 1 drivers
v0x6000015eab50_0 .net "q_n", 0 0, L_0x600000ceab50;  alias, 1 drivers
v0x6000015eabe0_0 .net "r", 0 0, L_0x600000cea990;  alias, 1 drivers
v0x6000015eac70_0 .net "r_n", 0 0, L_0x600000ceaa70;  1 drivers
v0x6000015ead00_0 .net "s", 0 0, L_0x600000cea920;  alias, 1 drivers
v0x6000015ead90_0 .net "s_n", 0 0, L_0x600000ceaa00;  1 drivers
S_0x7f9758a07090 .scope module, "slave" "d_latch" 9 28, 5 1 0, S_0x7f9758a06c40;
 .timescale 0 0;
    .port_info 0 /INPUT 1 "d";
    .port_info 1 /INPUT 1 "en";
    .port_info 2 /OUTPUT 1 "q";
    .port_info 3 /OUTPUT 1 "q_n";
L_0x600000ceaca0 .functor NOT 1, L_0x600000ceabc0, C4<0>, C4<0>, C4<0>;
L_0x600000cead10 .functor AND 1, L_0x600000ceabc0, L_0x600000ceac30, C4<1>, C4<1>;
L_0x600000cead80 .functor AND 1, L_0x600000ceaca0, L_0x600000ceac30, C4<1>, C4<1>;
v0x6000015eb570_0 .net "d", 0 0, L_0x600000ceabc0;  alias, 1 drivers
v0x6000015eb600_0 .net "d_n", 0 0, L_0x600000ceaca0;  1 drivers
v0x6000015eb690_0 .net "en", 0 0, L_0x600000ceac30;  alias, 1 drivers
v0x6000015eb720_0 .net "q", 0 0, L_0x600000ceaed0;  alias, 1 drivers
v0x6000015eb7b0_0 .net "q_n", 0 0, L_0x600000ceaf40;  alias, 1 drivers
v0x6000015eb840_0 .net "r", 0 0, L_0x600000cead80;  1 drivers
v0x6000015eb8d0_0 .net "s", 0 0, L_0x600000cead10;  1 drivers
S_0x7f9758a07200 .scope module, "srlatch" "sr_latch" 5 14, 6 1 0, S_0x7f9758a07090;
 .timescale 0 0;
    .port_info 0 /INPUT 1 "s";
    .port_info 1 /INPUT 1 "r";
    .port_info 2 /OUTPUT 1 "q";
    .port_info 3 /OUTPUT 1 "q_n";
L_0x600000ceadf0 .functor NOT 1, L_0x600000cead10, C4<0>, C4<0>, C4<0>;
L_0x600000ceae60 .functor NOT 1, L_0x600000cead80, C4<0>, C4<0>, C4<0>;
L_0x600000ceaed0 .functor NAND 1, L_0x600000ceadf0, L_0x600000ceaf40, C4<1>, C4<1>;
L_0x600000ceaf40 .functor NAND 1, L_0x600000ceae60, L_0x600000ceaed0, C4<1>, C4<1>;
v0x6000015eb210_0 .net "q", 0 0, L_0x600000ceaed0;  alias, 1 drivers
v0x6000015eb2a0_0 .net "q_n", 0 0, L_0x600000ceaf40;  alias, 1 drivers
v0x6000015eb330_0 .net "r", 0 0, L_0x600000cead80;  alias, 1 drivers
v0x6000015eb3c0_0 .net "r_n", 0 0, L_0x600000ceae60;  1 drivers
v0x6000015eb450_0 .net "s", 0 0, L_0x600000cead10;  alias, 1 drivers
v0x6000015eb4e0_0 .net "s_n", 0 0, L_0x600000ceadf0;  1 drivers
S_0x7f9758a07370 .scope module, "dffa5" "d_flipflop_async" 8 12, 9 1 0, S_0x7f9758a04e10;
 .timescale 0 0;
    .port_info 0 /INPUT 1 "d";
    .port_info 1 /INPUT 1 "clk";
    .port_info 2 /INPUT 1 "r";
    .port_info 3 /OUTPUT 1 "q";
    .port_info 4 /OUTPUT 1 "q_n";
L_0x600000ceafb0 .functor NOT 1, v0x6000015f0120_0, C4<0>, C4<0>, C4<0>;
L_0x600000ceb020 .functor NOT 1, v0x6000015f02d0_0, C4<0>, C4<0>, C4<0>;
L_0x600000ceb3a0 .functor AND 1, L_0x600000ceb2c0, L_0x600000ceb020, C4<1>, C4<1>;
L_0x600000ceb410 .functor OR 1, v0x6000015f0120_0, v0x6000015f02d0_0, C4<0>, C4<0>;
v0x6000015f4ea0_0 .net "_clk", 0 0, L_0x600000ceb410;  1 drivers
v0x6000015f4f30_0 .net "_q", 0 0, L_0x600000ceb2c0;  1 drivers
v0x6000015f4fc0_0 .net "_q_n", 0 0, L_0x600000ceb330;  1 drivers
v0x6000015f5050_0 .net "_q_or_reset", 0 0, L_0x600000ceb3a0;  1 drivers
v0x6000015f50e0_0 .net "clk", 0 0, v0x6000015f0120_0;  alias, 1 drivers
v0x6000015f5170_0 .net "clk_n", 0 0, L_0x600000ceafb0;  1 drivers
v0x6000015f5200_0 .net "d", 0 0, L_0x6000016e0320;  1 drivers
v0x6000015f5290_0 .net "q", 0 0, L_0x600000ceb6b0;  1 drivers
v0x6000015f5320_0 .net "q_n", 0 0, L_0x600000ceb720;  1 drivers
v0x6000015f53b0_0 .net "r", 0 0, v0x6000015f02d0_0;  alias, 1 drivers
v0x6000015f5440_0 .net "r_n", 0 0, L_0x600000ceb020;  1 drivers
S_0x7f9758a074e0 .scope module, "master" "d_latch" 9 16, 5 1 0, S_0x7f9758a07370;
 .timescale 0 0;
    .port_info 0 /INPUT 1 "d";
    .port_info 1 /INPUT 1 "en";
    .port_info 2 /OUTPUT 1 "q";
    .port_info 3 /OUTPUT 1 "q_n";
L_0x600000ceb090 .functor NOT 1, L_0x6000016e0320, C4<0>, C4<0>, C4<0>;
L_0x600000ceb100 .functor AND 1, L_0x6000016e0320, L_0x600000ceafb0, C4<1>, C4<1>;
L_0x600000ceb170 .functor AND 1, L_0x600000ceb090, L_0x600000ceafb0, C4<1>, C4<1>;
v0x6000015f4360_0 .net "d", 0 0, L_0x6000016e0320;  alias, 1 drivers
v0x6000015f43f0_0 .net "d_n", 0 0, L_0x600000ceb090;  1 drivers
v0x6000015f4480_0 .net "en", 0 0, L_0x600000ceafb0;  alias, 1 drivers
v0x6000015f4510_0 .net "q", 0 0, L_0x600000ceb2c0;  alias, 1 drivers
v0x6000015f45a0_0 .net "q_n", 0 0, L_0x600000ceb330;  alias, 1 drivers
v0x6000015f4630_0 .net "r", 0 0, L_0x600000ceb170;  1 drivers
v0x6000015f46c0_0 .net "s", 0 0, L_0x600000ceb100;  1 drivers
S_0x7f9758a07650 .scope module, "srlatch" "sr_latch" 5 14, 6 1 0, S_0x7f9758a074e0;
 .timescale 0 0;
    .port_info 0 /INPUT 1 "s";
    .port_info 1 /INPUT 1 "r";
    .port_info 2 /OUTPUT 1 "q";
    .port_info 3 /OUTPUT 1 "q_n";
L_0x600000ceb1e0 .functor NOT 1, L_0x600000ceb100, C4<0>, C4<0>, C4<0>;
L_0x600000ceb250 .functor NOT 1, L_0x600000ceb170, C4<0>, C4<0>, C4<0>;
L_0x600000ceb2c0 .functor NAND 1, L_0x600000ceb1e0, L_0x600000ceb330, C4<1>, C4<1>;
L_0x600000ceb330 .functor NAND 1, L_0x600000ceb250, L_0x600000ceb2c0, C4<1>, C4<1>;
v0x6000015f4000_0 .net "q", 0 0, L_0x600000ceb2c0;  alias, 1 drivers
v0x6000015f4090_0 .net "q_n", 0 0, L_0x600000ceb330;  alias, 1 drivers
v0x6000015f4120_0 .net "r", 0 0, L_0x600000ceb170;  alias, 1 drivers
v0x6000015f41b0_0 .net "r_n", 0 0, L_0x600000ceb250;  1 drivers
v0x6000015f4240_0 .net "s", 0 0, L_0x600000ceb100;  alias, 1 drivers
v0x6000015f42d0_0 .net "s_n", 0 0, L_0x600000ceb1e0;  1 drivers
S_0x7f9758a077c0 .scope module, "slave" "d_latch" 9 28, 5 1 0, S_0x7f9758a07370;
 .timescale 0 0;
    .port_info 0 /INPUT 1 "d";
    .port_info 1 /INPUT 1 "en";
    .port_info 2 /OUTPUT 1 "q";
    .port_info 3 /OUTPUT 1 "q_n";
L_0x600000ceb480 .functor NOT 1, L_0x600000ceb3a0, C4<0>, C4<0>, C4<0>;
L_0x600000ceb4f0 .functor AND 1, L_0x600000ceb3a0, L_0x600000ceb410, C4<1>, C4<1>;
L_0x600000ceb560 .functor AND 1, L_0x600000ceb480, L_0x600000ceb410, C4<1>, C4<1>;
v0x6000015f4ab0_0 .net "d", 0 0, L_0x600000ceb3a0;  alias, 1 drivers
v0x6000015f4b40_0 .net "d_n", 0 0, L_0x600000ceb480;  1 drivers
v0x6000015f4bd0_0 .net "en", 0 0, L_0x600000ceb410;  alias, 1 drivers
v0x6000015f4c60_0 .net "q", 0 0, L_0x600000ceb6b0;  alias, 1 drivers
v0x6000015f4cf0_0 .net "q_n", 0 0, L_0x600000ceb720;  alias, 1 drivers
v0x6000015f4d80_0 .net "r", 0 0, L_0x600000ceb560;  1 drivers
v0x6000015f4e10_0 .net "s", 0 0, L_0x600000ceb4f0;  1 drivers
S_0x7f9758a07930 .scope module, "srlatch" "sr_latch" 5 14, 6 1 0, S_0x7f9758a077c0;
 .timescale 0 0;
    .port_info 0 /INPUT 1 "s";
    .port_info 1 /INPUT 1 "r";
    .port_info 2 /OUTPUT 1 "q";
    .port_info 3 /OUTPUT 1 "q_n";
L_0x600000ceb5d0 .functor NOT 1, L_0x600000ceb4f0, C4<0>, C4<0>, C4<0>;
L_0x600000ceb640 .functor NOT 1, L_0x600000ceb560, C4<0>, C4<0>, C4<0>;
L_0x600000ceb6b0 .functor NAND 1, L_0x600000ceb5d0, L_0x600000ceb720, C4<1>, C4<1>;
L_0x600000ceb720 .functor NAND 1, L_0x600000ceb640, L_0x600000ceb6b0, C4<1>, C4<1>;
v0x6000015f4750_0 .net "q", 0 0, L_0x600000ceb6b0;  alias, 1 drivers
v0x6000015f47e0_0 .net "q_n", 0 0, L_0x600000ceb720;  alias, 1 drivers
v0x6000015f4870_0 .net "r", 0 0, L_0x600000ceb560;  alias, 1 drivers
v0x6000015f4900_0 .net "r_n", 0 0, L_0x600000ceb640;  1 drivers
v0x6000015f4990_0 .net "s", 0 0, L_0x600000ceb4f0;  alias, 1 drivers
v0x6000015f4a20_0 .net "s_n", 0 0, L_0x600000ceb5d0;  1 drivers
S_0x7f9758a07aa0 .scope module, "dffa6" "d_flipflop_async" 8 13, 9 1 0, S_0x7f9758a04e10;
 .timescale 0 0;
    .port_info 0 /INPUT 1 "d";
    .port_info 1 /INPUT 1 "clk";
    .port_info 2 /INPUT 1 "r";
    .port_info 3 /OUTPUT 1 "q";
    .port_info 4 /OUTPUT 1 "q_n";
L_0x600000ceb790 .functor NOT 1, v0x6000015f0120_0, C4<0>, C4<0>, C4<0>;
L_0x600000ceb800 .functor NOT 1, v0x6000015f02d0_0, C4<0>, C4<0>, C4<0>;
L_0x600000cebb80 .functor AND 1, L_0x600000cebaa0, L_0x600000ceb800, C4<1>, C4<1>;
L_0x600000cebbf0 .functor OR 1, v0x6000015f0120_0, v0x6000015f02d0_0, C4<0>, C4<0>;
v0x6000015f6370_0 .net "_clk", 0 0, L_0x600000cebbf0;  1 drivers
v0x6000015f6400_0 .net "_q", 0 0, L_0x600000cebaa0;  1 drivers
v0x6000015f6490_0 .net "_q_n", 0 0, L_0x600000cebb10;  1 drivers
v0x6000015f6520_0 .net "_q_or_reset", 0 0, L_0x600000cebb80;  1 drivers
v0x6000015f65b0_0 .net "clk", 0 0, v0x6000015f0120_0;  alias, 1 drivers
v0x6000015f6640_0 .net "clk_n", 0 0, L_0x600000ceb790;  1 drivers
v0x6000015f66d0_0 .net "d", 0 0, L_0x6000016e03c0;  1 drivers
v0x6000015f6760_0 .net "q", 0 0, L_0x600000cebe90;  1 drivers
v0x6000015f67f0_0 .net "q_n", 0 0, L_0x600000cebf00;  1 drivers
v0x6000015f6880_0 .net "r", 0 0, v0x6000015f02d0_0;  alias, 1 drivers
v0x6000015f6910_0 .net "r_n", 0 0, L_0x600000ceb800;  1 drivers
S_0x7f9758a07c10 .scope module, "master" "d_latch" 9 16, 5 1 0, S_0x7f9758a07aa0;
 .timescale 0 0;
    .port_info 0 /INPUT 1 "d";
    .port_info 1 /INPUT 1 "en";
    .port_info 2 /OUTPUT 1 "q";
    .port_info 3 /OUTPUT 1 "q_n";
L_0x600000ceb870 .functor NOT 1, L_0x6000016e03c0, C4<0>, C4<0>, C4<0>;
L_0x600000ceb8e0 .functor AND 1, L_0x6000016e03c0, L_0x600000ceb790, C4<1>, C4<1>;
L_0x600000ceb950 .functor AND 1, L_0x600000ceb870, L_0x600000ceb790, C4<1>, C4<1>;
v0x6000015f5830_0 .net "d", 0 0, L_0x6000016e03c0;  alias, 1 drivers
v0x6000015f58c0_0 .net "d_n", 0 0, L_0x600000ceb870;  1 drivers
v0x6000015f5950_0 .net "en", 0 0, L_0x600000ceb790;  alias, 1 drivers
v0x6000015f59e0_0 .net "q", 0 0, L_0x600000cebaa0;  alias, 1 drivers
v0x6000015f5a70_0 .net "q_n", 0 0, L_0x600000cebb10;  alias, 1 drivers
v0x6000015f5b00_0 .net "r", 0 0, L_0x600000ceb950;  1 drivers
v0x6000015f5b90_0 .net "s", 0 0, L_0x600000ceb8e0;  1 drivers
S_0x7f9758a07d80 .scope module, "srlatch" "sr_latch" 5 14, 6 1 0, S_0x7f9758a07c10;
 .timescale 0 0;
    .port_info 0 /INPUT 1 "s";
    .port_info 1 /INPUT 1 "r";
    .port_info 2 /OUTPUT 1 "q";
    .port_info 3 /OUTPUT 1 "q_n";
L_0x600000ceb9c0 .functor NOT 1, L_0x600000ceb8e0, C4<0>, C4<0>, C4<0>;
L_0x600000ceba30 .functor NOT 1, L_0x600000ceb950, C4<0>, C4<0>, C4<0>;
L_0x600000cebaa0 .functor NAND 1, L_0x600000ceb9c0, L_0x600000cebb10, C4<1>, C4<1>;
L_0x600000cebb10 .functor NAND 1, L_0x600000ceba30, L_0x600000cebaa0, C4<1>, C4<1>;
v0x6000015f54d0_0 .net "q", 0 0, L_0x600000cebaa0;  alias, 1 drivers
v0x6000015f5560_0 .net "q_n", 0 0, L_0x600000cebb10;  alias, 1 drivers
v0x6000015f55f0_0 .net "r", 0 0, L_0x600000ceb950;  alias, 1 drivers
v0x6000015f5680_0 .net "r_n", 0 0, L_0x600000ceba30;  1 drivers
v0x6000015f5710_0 .net "s", 0 0, L_0x600000ceb8e0;  alias, 1 drivers
v0x6000015f57a0_0 .net "s_n", 0 0, L_0x600000ceb9c0;  1 drivers
S_0x7f9758a07ef0 .scope module, "slave" "d_latch" 9 28, 5 1 0, S_0x7f9758a07aa0;
 .timescale 0 0;
    .port_info 0 /INPUT 1 "d";
    .port_info 1 /INPUT 1 "en";
    .port_info 2 /OUTPUT 1 "q";
    .port_info 3 /OUTPUT 1 "q_n";
L_0x600000cebc60 .functor NOT 1, L_0x600000cebb80, C4<0>, C4<0>, C4<0>;
L_0x600000cebcd0 .functor AND 1, L_0x600000cebb80, L_0x600000cebbf0, C4<1>, C4<1>;
L_0x600000cebd40 .functor AND 1, L_0x600000cebc60, L_0x600000cebbf0, C4<1>, C4<1>;
v0x6000015f5f80_0 .net "d", 0 0, L_0x600000cebb80;  alias, 1 drivers
v0x6000015f6010_0 .net "d_n", 0 0, L_0x600000cebc60;  1 drivers
v0x6000015f60a0_0 .net "en", 0 0, L_0x600000cebbf0;  alias, 1 drivers
v0x6000015f6130_0 .net "q", 0 0, L_0x600000cebe90;  alias, 1 drivers
v0x6000015f61c0_0 .net "q_n", 0 0, L_0x600000cebf00;  alias, 1 drivers
v0x6000015f6250_0 .net "r", 0 0, L_0x600000cebd40;  1 drivers
v0x6000015f62e0_0 .net "s", 0 0, L_0x600000cebcd0;  1 drivers
S_0x7f9758a08060 .scope module, "srlatch" "sr_latch" 5 14, 6 1 0, S_0x7f9758a07ef0;
 .timescale 0 0;
    .port_info 0 /INPUT 1 "s";
    .port_info 1 /INPUT 1 "r";
    .port_info 2 /OUTPUT 1 "q";
    .port_info 3 /OUTPUT 1 "q_n";
L_0x600000cebdb0 .functor NOT 1, L_0x600000cebcd0, C4<0>, C4<0>, C4<0>;
L_0x600000cebe20 .functor NOT 1, L_0x600000cebd40, C4<0>, C4<0>, C4<0>;
L_0x600000cebe90 .functor NAND 1, L_0x600000cebdb0, L_0x600000cebf00, C4<1>, C4<1>;
L_0x600000cebf00 .functor NAND 1, L_0x600000cebe20, L_0x600000cebe90, C4<1>, C4<1>;
v0x6000015f5c20_0 .net "q", 0 0, L_0x600000cebe90;  alias, 1 drivers
v0x6000015f5cb0_0 .net "q_n", 0 0, L_0x600000cebf00;  alias, 1 drivers
v0x6000015f5d40_0 .net "r", 0 0, L_0x600000cebd40;  alias, 1 drivers
v0x6000015f5dd0_0 .net "r_n", 0 0, L_0x600000cebe20;  1 drivers
v0x6000015f5e60_0 .net "s", 0 0, L_0x600000cebcd0;  alias, 1 drivers
v0x6000015f5ef0_0 .net "s_n", 0 0, L_0x600000cebdb0;  1 drivers
S_0x7f9758a081d0 .scope module, "dffa7" "d_flipflop_async" 8 14, 9 1 0, S_0x7f9758a04e10;
 .timescale 0 0;
    .port_info 0 /INPUT 1 "d";
    .port_info 1 /INPUT 1 "clk";
    .port_info 2 /INPUT 1 "r";
    .port_info 3 /OUTPUT 1 "q";
    .port_info 4 /OUTPUT 1 "q_n";
L_0x600000cebf70 .functor NOT 1, v0x6000015f0120_0, C4<0>, C4<0>, C4<0>;
L_0x600000cf4000 .functor NOT 1, v0x6000015f02d0_0, C4<0>, C4<0>, C4<0>;
L_0x600000cf4380 .functor AND 1, L_0x600000cf42a0, L_0x600000cf4000, C4<1>, C4<1>;
L_0x600000cf43f0 .functor OR 1, v0x6000015f0120_0, v0x6000015f02d0_0, C4<0>, C4<0>;
v0x6000015f7840_0 .net "_clk", 0 0, L_0x600000cf43f0;  1 drivers
v0x6000015f78d0_0 .net "_q", 0 0, L_0x600000cf42a0;  1 drivers
v0x6000015f7960_0 .net "_q_n", 0 0, L_0x600000cf4310;  1 drivers
v0x6000015f79f0_0 .net "_q_or_reset", 0 0, L_0x600000cf4380;  1 drivers
v0x6000015f7a80_0 .net "clk", 0 0, v0x6000015f0120_0;  alias, 1 drivers
v0x6000015f7b10_0 .net "clk_n", 0 0, L_0x600000cebf70;  1 drivers
v0x6000015f7ba0_0 .net "d", 0 0, L_0x6000016e0460;  1 drivers
v0x6000015f7c30_0 .net "q", 0 0, L_0x600000cf4690;  1 drivers
v0x6000015f7cc0_0 .net "q_n", 0 0, L_0x600000cf4700;  1 drivers
v0x6000015f7d50_0 .net "r", 0 0, v0x6000015f02d0_0;  alias, 1 drivers
v0x6000015f7de0_0 .net "r_n", 0 0, L_0x600000cf4000;  1 drivers
S_0x7f9758a08340 .scope module, "master" "d_latch" 9 16, 5 1 0, S_0x7f9758a081d0;
 .timescale 0 0;
    .port_info 0 /INPUT 1 "d";
    .port_info 1 /INPUT 1 "en";
    .port_info 2 /OUTPUT 1 "q";
    .port_info 3 /OUTPUT 1 "q_n";
L_0x600000cf4070 .functor NOT 1, L_0x6000016e0460, C4<0>, C4<0>, C4<0>;
L_0x600000cf40e0 .functor AND 1, L_0x6000016e0460, L_0x600000cebf70, C4<1>, C4<1>;
L_0x600000cf4150 .functor AND 1, L_0x600000cf4070, L_0x600000cebf70, C4<1>, C4<1>;
v0x6000015f6d00_0 .net "d", 0 0, L_0x6000016e0460;  alias, 1 drivers
v0x6000015f6d90_0 .net "d_n", 0 0, L_0x600000cf4070;  1 drivers
v0x6000015f6e20_0 .net "en", 0 0, L_0x600000cebf70;  alias, 1 drivers
v0x6000015f6eb0_0 .net "q", 0 0, L_0x600000cf42a0;  alias, 1 drivers
v0x6000015f6f40_0 .net "q_n", 0 0, L_0x600000cf4310;  alias, 1 drivers
v0x6000015f6fd0_0 .net "r", 0 0, L_0x600000cf4150;  1 drivers
v0x6000015f7060_0 .net "s", 0 0, L_0x600000cf40e0;  1 drivers
S_0x7f9758a084b0 .scope module, "srlatch" "sr_latch" 5 14, 6 1 0, S_0x7f9758a08340;
 .timescale 0 0;
    .port_info 0 /INPUT 1 "s";
    .port_info 1 /INPUT 1 "r";
    .port_info 2 /OUTPUT 1 "q";
    .port_info 3 /OUTPUT 1 "q_n";
L_0x600000cf41c0 .functor NOT 1, L_0x600000cf40e0, C4<0>, C4<0>, C4<0>;
L_0x600000cf4230 .functor NOT 1, L_0x600000cf4150, C4<0>, C4<0>, C4<0>;
L_0x600000cf42a0 .functor NAND 1, L_0x600000cf41c0, L_0x600000cf4310, C4<1>, C4<1>;
L_0x600000cf4310 .functor NAND 1, L_0x600000cf4230, L_0x600000cf42a0, C4<1>, C4<1>;
v0x6000015f69a0_0 .net "q", 0 0, L_0x600000cf42a0;  alias, 1 drivers
v0x6000015f6a30_0 .net "q_n", 0 0, L_0x600000cf4310;  alias, 1 drivers
v0x6000015f6ac0_0 .net "r", 0 0, L_0x600000cf4150;  alias, 1 drivers
v0x6000015f6b50_0 .net "r_n", 0 0, L_0x600000cf4230;  1 drivers
v0x6000015f6be0_0 .net "s", 0 0, L_0x600000cf40e0;  alias, 1 drivers
v0x6000015f6c70_0 .net "s_n", 0 0, L_0x600000cf41c0;  1 drivers
S_0x7f9758a08620 .scope module, "slave" "d_latch" 9 28, 5 1 0, S_0x7f9758a081d0;
 .timescale 0 0;
    .port_info 0 /INPUT 1 "d";
    .port_info 1 /INPUT 1 "en";
    .port_info 2 /OUTPUT 1 "q";
    .port_info 3 /OUTPUT 1 "q_n";
L_0x600000cf4460 .functor NOT 1, L_0x600000cf4380, C4<0>, C4<0>, C4<0>;
L_0x600000cf44d0 .functor AND 1, L_0x600000cf4380, L_0x600000cf43f0, C4<1>, C4<1>;
L_0x600000cf4540 .functor AND 1, L_0x600000cf4460, L_0x600000cf43f0, C4<1>, C4<1>;
v0x6000015f7450_0 .net "d", 0 0, L_0x600000cf4380;  alias, 1 drivers
v0x6000015f74e0_0 .net "d_n", 0 0, L_0x600000cf4460;  1 drivers
v0x6000015f7570_0 .net "en", 0 0, L_0x600000cf43f0;  alias, 1 drivers
v0x6000015f7600_0 .net "q", 0 0, L_0x600000cf4690;  alias, 1 drivers
v0x6000015f7690_0 .net "q_n", 0 0, L_0x600000cf4700;  alias, 1 drivers
v0x6000015f7720_0 .net "r", 0 0, L_0x600000cf4540;  1 drivers
v0x6000015f77b0_0 .net "s", 0 0, L_0x600000cf44d0;  1 drivers
S_0x7f9758a08790 .scope module, "srlatch" "sr_latch" 5 14, 6 1 0, S_0x7f9758a08620;
 .timescale 0 0;
    .port_info 0 /INPUT 1 "s";
    .port_info 1 /INPUT 1 "r";
    .port_info 2 /OUTPUT 1 "q";
    .port_info 3 /OUTPUT 1 "q_n";
L_0x600000cf45b0 .functor NOT 1, L_0x600000cf44d0, C4<0>, C4<0>, C4<0>;
L_0x600000cf4620 .functor NOT 1, L_0x600000cf4540, C4<0>, C4<0>, C4<0>;
L_0x600000cf4690 .functor NAND 1, L_0x600000cf45b0, L_0x600000cf4700, C4<1>, C4<1>;
L_0x600000cf4700 .functor NAND 1, L_0x600000cf4620, L_0x600000cf4690, C4<1>, C4<1>;
v0x6000015f70f0_0 .net "q", 0 0, L_0x600000cf4690;  alias, 1 drivers
v0x6000015f7180_0 .net "q_n", 0 0, L_0x600000cf4700;  alias, 1 drivers
v0x6000015f7210_0 .net "r", 0 0, L_0x600000cf4540;  alias, 1 drivers
v0x6000015f72a0_0 .net "r_n", 0 0, L_0x600000cf4620;  1 drivers
v0x6000015f7330_0 .net "s", 0 0, L_0x600000cf44d0;  alias, 1 drivers
v0x6000015f73c0_0 .net "s_n", 0 0, L_0x600000cf45b0;  1 drivers
    .scope S_0x7f9758a04400;
T_0 ;
    %wait E_0x6000032e0200;
    %load/vec4 v0x6000015ec240_0;
    %nor/r;
    %flag_set/vec4 8;
    %jmp/0xz  T_0.0, 8;
    %load/vec4 v0x6000015ec2d0_0;
    %store/vec4 v0x6000015ec360_0, 0, 1;
T_0.0 ;
    %jmp T_0;
    .thread T_0, $push;
    .scope S_0x7f9758a04400;
T_1 ;
    %wait E_0x6000032e01c0;
    %load/vec4 v0x6000015ec240_0;
    %flag_set/vec4 8;
    %jmp/0xz  T_1.0, 8;
    %load/vec4 v0x6000015ec360_0;
    %store/vec4 v0x6000015ec3f0_0, 0, 1;
T_1.0 ;
    %jmp T_1;
    .thread T_1, $push;
    .scope S_0x7f9758a046e0;
T_2 ;
    %vpi_call 7 14 "$dumpfile", "sim/reg_8b_tb.vcd" {0 0 0};
    %vpi_call 7 15 "$dumpvars", 32'sb00000000000000000000000000000000, S_0x7f9758a046e0 {0 0 0};
    %pushi/vec4 85, 0, 8;
    %assign/vec4 v0x6000015f01b0_0, 0;
    %pushi/vec4 0, 0, 1;
    %assign/vec4 v0x6000015f0120_0, 0;
    %pushi/vec4 1, 0, 1;
    %assign/vec4 v0x6000015f02d0_0, 0;
    %delay 5, 0;
    %pushi/vec4 1, 0, 1;
    %assign/vec4 v0x6000015f0120_0, 0;
    %delay 5, 0;
    %vpi_call 7 18 "$display", "in=%b clk=%b r=%b -> out=%b (expected 00000000)", v0x6000015f01b0_0, v0x6000015f0120_0, v0x6000015f02d0_0, v0x6000015f0240_0 {0 0 0};
    %pushi/vec4 85, 0, 8;
    %assign/vec4 v0x6000015f01b0_0, 0;
    %pushi/vec4 0, 0, 1;
    %assign/vec4 v0x6000015f0120_0, 0;
    %pushi/vec4 0, 0, 1;
    %assign/vec4 v0x6000015f02d0_0, 0;
    %delay 5, 0;
    %pushi/vec4 1, 0, 1;
    %assign/vec4 v0x6000015f0120_0, 0;
    %pushi/vec4 1, 0, 1;
    %assign/vec4 v0x6000015f02d0_0, 0;
    %delay 5, 0;
    %vpi_call 7 21 "$display", "in=%b clk=%b r=%b -> out=%b (expected 00000000)", v0x6000015f01b0_0, v0x6000015f0120_0, v0x6000015f02d0_0, v0x6000015f0240_0 {0 0 0};
    %pushi/vec4 85, 0, 8;
    %assign/vec4 v0x6000015f01b0_0, 0;
    %pushi/vec4 0, 0, 1;
    %assign/vec4 v0x6000015f0120_0, 0;
    %pushi/vec4 0, 0, 1;
    %assign/vec4 v0x6000015f02d0_0, 0;
    %delay 5, 0;
    %pushi/vec4 1, 0, 1;
    %assign/vec4 v0x6000015f0120_0, 0;
    %delay 5, 0;
    %vpi_call 7 24 "$display", "in=%b clk=%b r=%b -> out=%b (expected 01010101)", v0x6000015f01b0_0, v0x6000015f0120_0, v0x6000015f02d0_0, v0x6000015f0240_0 {0 0 0};
    %pushi/vec4 255, 0, 8;
    %assign/vec4 v0x6000015f01b0_0, 0;
    %pushi/vec4 0, 0, 1;
    %assign/vec4 v0x6000015f0120_0, 0;
    %delay 5, 0;
    %pushi/vec4 1, 0, 1;
    %assign/vec4 v0x6000015f0120_0, 0;
    %pushi/vec4 0, 0, 1;
    %assign/vec4 v0x6000015f02d0_0, 0;
    %delay 5, 0;
    %vpi_call 7 27 "$display", "in=%b clk=%b r=%b -> out=%b (expected 11111111)", v0x6000015f01b0_0, v0x6000015f0120_0, v0x6000015f02d0_0, v0x6000015f0240_0 {0 0 0};
    %vpi_call 7 28 "$finish" {0 0 0};
    %end;
    .thread T_2;
# The file index is used to find the file name in the following table.
:file_names 10;
    "N/A";
    "<interactive>";
    "rtl/common/c4s1_mux.v";
    "rtl/memory/d_flipflop_behavioral.v";
    "rtl/memory/d_flipflop.v";
    "rtl/memory/d_latch.v";
    "rtl/memory/sr_latch.v";
    "tb/memory/reg_8b.v";
    "rtl/memory/reg_8b.v";
    "rtl/memory/d_flipflop_async.v";
